Component: ARM Compiler 5.05 update 2 (build 169) Tool: armlink [4d0f33]

==============================================================================

Section Cross References

    main.o(.text) refers to f2d.o(x$fpl$f2d) for __aeabi_f2d
    main.o(.text) refers to sqrt_full.o(i.__hardfp_sqrt) for __hardfp_sqrt
    main.o(.text) refers to d2f_clz.o(x$fpl$d2f) for __aeabi_d2f
    main.o(.text) refers to arm_sub_f32.o(.text) for arm_sub_f32
    main.o(.text) refers to arm_mean_f32.o(.text) for arm_mean_f32
    main.o(.text) refers to arm_std_f32.o(.text) for arm_std_f32
    main.o(.text) refers to arm_correlate_f32.o(.text) for arm_correlate_f32
    main.o(.text) refers to arm_conv_f32.o(.text) for arm_conv_f32
    main.o(.text) refers to rt_memcpy_w.o(.text) for __aeabi_memcpy4
    main.o(.text) refers to kalmanfilter_asm.o(text) for Kalmanfilter_asm
    main.o(.text) refers to noretval__2printf.o(.text) for __2printf
    main.o(.text) refers to main.o(.constdata) for .constdata
    workbench_asm.o(text) refers to workbench_asm.o(myData) for InputArray
    workbench_asm.o(text) refers to kalmanfilter_asm.o(text) for Kalmanfilter_asm
    startup_stm32f407xx.o(STACK) refers (Special) to heapauxi.o(.text) for __use_two_region_memory
    startup_stm32f407xx.o(HEAP) refers (Special) to heapauxi.o(.text) for __use_two_region_memory
    startup_stm32f407xx.o(RESET) refers (Special) to heapauxi.o(.text) for __use_two_region_memory
    startup_stm32f407xx.o(RESET) refers to startup_stm32f407xx.o(STACK) for __initial_sp
    startup_stm32f407xx.o(RESET) refers to startup_stm32f407xx.o(.text) for Reset_Handler
    startup_stm32f407xx.o(.text) refers (Special) to heapauxi.o(.text) for __use_two_region_memory
    startup_stm32f407xx.o(.text) refers to main.o(.text) for main
    startup_stm32f407xx.o(.text) refers to startup_stm32f407xx.o(HEAP) for Heap_Mem
    startup_stm32f407xx.o(.text) refers to startup_stm32f407xx.o(STACK) for Stack_Mem
    system_stm32f4xx.o(.text) refers to system_stm32f4xx.o(.data) for SystemCoreClock
    system_stm32f4xx.o(.text) refers to system_stm32f4xx.o(.constdata) for AHBPrescTable
    __2printf.o(.text) refers to _printf_char_file.o(.text) for _printf_char_file
    __2printf.o(.text) refers to stdio_streams.o(.bss) for __stdout
    noretval__2printf.o(.text) refers to _printf_char_file.o(.text) for _printf_char_file
    noretval__2printf.o(.text) refers to stdio_streams.o(.bss) for __stdout
    __main.o(!!!main) refers to __rtentry.o(.ARM.Collect$$rtentry$$00000000) for __rt_entry
    d2f_clz.o(x$fpl$d2f) refers (Special) to usenofp.o(x$fpl$usenofp) for __I$use$fp
    d2f_clz.o(x$fpl$d2f) refers to except.o(x$fpl$exception) for __fpl_exception
    d2f_clz.o(x$fpl$d2f) refers to fretinf.o(x$fpl$fretinf) for __fpl_fretinf
    d2f_clz.o(x$fpl$d2f) refers to dnaninf.o(x$fpl$dnaninf) for __fpl_dnaninf
    d2f_clz.o(x$fpl$d2f) refers to trapv.o(x$fpl$trapveneer) for _fp_trapveneer
    d2f_clz.o(x$fpl$d2f) refers to funder_clz.o(x$fpl$funder) for __funder
    f2d.o(x$fpl$f2d) refers (Special) to usenofp.o(x$fpl$usenofp) for __I$use$fp
    f2d.o(x$fpl$f2d) refers to dflt_clz.o(x$fpl$dfltn) for __dflt_normalise
    f2d.o(x$fpl$f2d) refers to fnaninf.o(x$fpl$fnaninf) for __fpl_fnaninf
    f2d.o(x$fpl$f2d) refers to dretinf.o(x$fpl$dretinf) for __fpl_dretinf
    sqrt_full.o(i.__hardfp_sqrt) refers (Special) to usenofp.o(x$fpl$usenofp) for __I$use$fp
    sqrt_full.o(i.__hardfp_sqrt) refers to dsqrt_umaalclz.o(x$fpl$dsqrt) for _dsqrt
    sqrt_full.o(i.__hardfp_sqrt) refers to _rserrno.o(.text) for __set_errno
    sqrt_full.o(i.__softfp_sqrt) refers (Special) to usenofp.o(x$fpl$usenofp) for __I$use$fp
    sqrt_full.o(i.__softfp_sqrt) refers to dsqrt_umaalclz.o(x$fpl$dsqrt) for _dsqrt
    sqrt_full.o(i.__softfp_sqrt) refers to _rserrno.o(.text) for __set_errno
    sqrt_full.o(i.sqrt) refers (Special) to usenofp.o(x$fpl$usenofp) for __I$use$fp
    sqrt_full.o(i.sqrt) refers to dsqrt_umaalclz.o(x$fpl$dsqrt) for _dsqrt
    sqrt_full.o(i.sqrt) refers to _rserrno.o(.text) for __set_errno
    sqrt_full_x.o(i.____hardfp_sqrt$lsc) refers (Special) to usenofp.o(x$fpl$usenofp) for __I$use$fp
    sqrt_full_x.o(i.____hardfp_sqrt$lsc) refers to dleqf.o(x$fpl$dleqf) for __aeabi_cdcmple
    sqrt_full_x.o(i.____hardfp_sqrt$lsc) refers to _rserrno.o(.text) for __set_errno
    sqrt_full_x.o(i.____hardfp_sqrt$lsc) refers to dsqrt_umaalclz.o(x$fpl$dsqrt) for _dsqrt
    sqrt_full_x.o(i.____softfp_sqrt$lsc) refers (Special) to usenofp.o(x$fpl$usenofp) for __I$use$fp
    sqrt_full_x.o(i.____softfp_sqrt$lsc) refers to dleqf.o(x$fpl$dleqf) for __aeabi_cdcmple
    sqrt_full_x.o(i.____softfp_sqrt$lsc) refers to _rserrno.o(.text) for __set_errno
    sqrt_full_x.o(i.____softfp_sqrt$lsc) refers to dsqrt_umaalclz.o(x$fpl$dsqrt) for _dsqrt
    sqrt_full_x.o(i.__sqrt$lsc) refers (Special) to usenofp.o(x$fpl$usenofp) for __I$use$fp
    sqrt_full_x.o(i.__sqrt$lsc) refers to dleqf.o(x$fpl$dleqf) for __aeabi_cdcmple
[...]
    libshutdown2.o(.ARM.Collect$$libshutdown$$0000000C) refers (Weak) to term_alloc.o(.text) for _terminate_alloc
    rtexit.o(.ARM.Collect$$rtexit$$00000000) refers (Special) to rtexit2.o(.ARM.Collect$$rtexit$$00000004) for __rt_exit_exit
    rtexit.o(.ARM.Collect$$rtexit$$00000000) refers (Special) to rtexit2.o(.ARM.Collect$$rtexit$$00000003) for __rt_exit_ls
    rtexit.o(.ARM.Collect$$rtexit$$00000000) refers (Special) to rtexit2.o(.ARM.Collect$$rtexit$$00000002) for __rt_exit_prels_1
    rtexit.o(.ARM.exidx) refers (Special) to rtexit2.o(.ARM.Collect$$rtexit$$00000004) for __rt_exit_exit
    rtexit.o(.ARM.exidx) refers (Special) to rtexit2.o(.ARM.Collect$$rtexit$$00000003) for __rt_exit_ls
    rtexit.o(.ARM.exidx) refers (Special) to rtexit2.o(.ARM.Collect$$rtexit$$00000002) for __rt_exit_prels_1
    rtexit.o(.ARM.exidx) refers to rtexit.o(.ARM.Collect$$rtexit$$00000000) for .ARM.Collect$$rtexit$$00000000
    rt_raise.o(.text) refers to __raise.o(.text) for __raise
    rt_raise.o(.text) refers to sys_exit.o(.text) for _sys_exit
    rt_heap_descriptor.o(.text) refers to rt_heap_descriptor.o(.bss) for __rt_heap_descriptor_data
    rt_heap_descriptor_intlibspace.o(.text) refers to libspace.o(.bss) for __libspace_start
    init_alloc.o(.text) refers (Special) to hguard.o(.text) for __heap$guard
    init_alloc.o(.text) refers (Special) to libinit2.o(.ARM.Collect$$libinit$$00000005) for __rt_lib_init_heap_2
    init_alloc.o(.text) refers (Special) to maybetermalloc1.o(.emb_text) for _maybe_terminate_alloc
    init_alloc.o(.text) refers to h1_extend.o(.text) for __Heap_ProvideMemory
    init_alloc.o(.text) refers to defsig_rtmem_outer.o(.text) for __rt_SIGRTMEM
    init_alloc.o(.text) refers to rt_heap_descriptor_intlibspace.o(.text) for __rt_heap_descriptor
    init_alloc.o(.text) refers to h1_init.o(.text) for __Heap_Initialize
    malloc.o(.text) refers (Special) to hguard.o(.text) for __heap$guard
    malloc.o(.text) refers (Special) to init_alloc.o(.text) for _init_alloc
    malloc.o(.text) refers to rt_heap_descriptor_intlibspace.o(.text) for __rt_heap_descriptor
    malloc.o(.text) refers to heapstubs.o(.text) for __Heap_Alloc
    h1_alloc.o(.text) refers (Special) to h1_init.o(.text) for __Heap_Initialize
    h1_alloc.o(.text) refers to rt_heap_descriptor_intlibspace.o(.text) for __rt_heap_descriptor
    h1_alloc.o(.text) refers to init_alloc.o(.text) for __Heap_Full
    h1_alloc_mt.o(.text) refers (Special) to h1_init.o(.text) for __Heap_Initialize
    h1_alloc_mt.o(.text) refers to init_alloc.o(.text) for __Heap_Full
    h1_alloc_mt.o(.text) refers to rt_heap_descriptor_intlibspace.o(.text) for __rt_heap_descriptor
    fseek.o(.text) refers to sys_io.o(.text) for _sys_istty
    fseek.o(.text) refers to ftell.o(.text) for _ftell_internal
    fseek.o(.text) refers to stdio.o(.text) for _seterr
    stdio.o(.text) refers to sys_io.o(.text) for _sys_seek
    defsig_exit.o(.text) refers to sys_exit.o(.text) for _sys_exit
    defsig_fpe_inner.o(.text) refers to defsig_general.o(.text) for __default_signal_display
    defsig_rtred_inner.o(.text) refers to defsig_general.o(.text) for __default_signal_display
    argv_veneer.o(.emb_text) refers to no_argv.o(.text) for __ARM_get_argv
    sys_exit.o(.text) refers (Special) to use_no_semi.o(.text) for __I$use$semihosting
    sys_exit.o(.text) refers (Special) to indicate_semi.o(.text) for __semihosting_library_function
    rtexit2.o(.ARM.Collect$$rtexit$$00000003) refers to libshutdown.o(.ARM.Collect$$libshutdown$$00000000) for __rt_lib_shutdown
    rtexit2.o(.ARM.Collect$$rtexit$$00000004) refers to sys_exit.o(.text) for _sys_exit
    rtexit2.o(.ARM.exidx) refers to rtexit2.o(.ARM.Collect$$rtexit$$00000001) for .ARM.Collect$$rtexit$$00000001
    rtexit2.o(.ARM.exidx) refers to rtexit2.o(.ARM.Collect$$rtexit$$00000003) for .ARM.Collect$$rtexit$$00000003
    rtexit2.o(.ARM.exidx) refers to rtexit2.o(.ARM.Collect$$rtexit$$00000004) for .ARM.Collect$$rtexit$$00000004
    maybetermalloc2.o(.emb_text) refers (Special) to term_alloc.o(.text) for _terminate_alloc
    h1_extend.o(.text) refers to h1_free.o(.text) for free
    h1_init_mt.o(.text) refers to mutex_dummy.o(.text) for _mutex_initialize
    h1_extend_mt.o(.text) refers to h1_free_mt.o(.text) for _free_internal
    ftell.o(.text) refers to rt_errno_addr_intlibspace.o(.text) for __aeabi_errno_addr
    __raise.o(.text) refers to defsig.o(CL$$defsig) for __default_signal_handler
    defsig_general.o(.text) refers to sys_wrch.o(.text) for _ttywrch
    defsig_rtmem_outer.o(.text) refers to defsig_rtmem_inner.o(.text) for __rt_SIGRTMEM_inner
    defsig_rtmem_outer.o(.text) refers to defsig_exit.o(.text) for __sig_exit
    defsig_rtmem_formal.o(.text) refers to rt_raise.o(.text) for __rt_raise
    heapauxa.o(.text) refers to heapauxa.o(.data) for .data
    _get_argv.o(.text) refers (Special) to hrguard.o(.text) for __heap_region$guard
    _get_argv.o(.text) refers to h1_alloc.o(.text) for malloc
    _get_argv.o(.text) refers to defsig_rtmem_outer.o(.text) for __rt_SIGRTMEM
    _get_argv.o(.text) refers to sys_command.o(.text) for _sys_command_string
    _get_argv_nomalloc.o(.text) refers (Special) to hrguard.o(.text) for __heap_region$guard
    _get_argv_nomalloc.o(.text) refers to defsig_rtmem_outer.o(.text) for __rt_SIGRTMEM
    _get_argv_nomalloc.o(.text) refers to sys_command.o(.text) for _sys_command_string
    sys_wrch.o(.text) refers (Special) to use_no_semi.o(.text) for __I$use$semihosting
    sys_wrch.o(.text) refers (Special) to indicate_semi.o(.text) for __semihosting_library_function
    sys_command.o(.text) refers (Special) to use_no_semi.o(.text) for __I$use$semihosting
    sys_command.o(.text) refers (Special) to indicate_semi.o(.text) for __semihosting_library_function
    term_alloc.o(.text) refers (Special) to libshutdown2.o(.ARM.Collect$$libshutdown$$0000000D) for __rt_lib_shutdown_heap_2
    term_alloc.o(.text) refers to rt_heap_descriptor_intlibspace.o(.text) for __rt_heap_descriptor
    term_alloc.o(.text) refers to h1_final.o(.text) for __Heap_Finalize
    defsig_rtmem_inner.o(.text) refers to defsig_general.o(.text) for __default_signal_display
    defsig.o(CL$$defsig) refers to defsig_fpe_inner.o(.text) for __rt_SIGFPE_inner
    defsig.o(CL$$defsig) refers to defsig_rtred_inner.o(.text) for __rt_SIGRTRED_inner
    defsig.o(CL$$defsig) refers to defsig_rtmem_inner.o(.text) for __rt_SIGRTMEM_inner
    libshutdown.o(.ARM.Collect$$libshutdown$$00000000) refers (Special) to libshutdown2.o(.ARM.Collect$$libshutdown$$00000006) for __rt_lib_shutdown_fp_trap_1
    libshutdown.o(.ARM.Collect$$libshutdown$$00000000) refers (Special) to libshutdown2.o(.ARM.Collect$$libshutdown$$0000000E) for __rt_lib_shutdown_heap_1
    libshutdown.o(.ARM.Collect$$libshutdown$$00000000) refers (Special) to libshutdown2.o(.ARM.Collect$$libshutdown$$0000000F) for __rt_lib_shutdown_return
    libshutdown.o(.ARM.Collect$$libshutdown$$00000000) refers (Special) to libshutdown2.o(.ARM.Collect$$libshutdown$$00000009) for __rt_lib_shutdown_signal_1
    libshutdown.o(.ARM.Collect$$libshutdown$$00000000) refers (Special) to libshutdown2.o(.ARM.Collect$$libshutdown$$00000003) for __rt_lib_shutdown_stdio_1
    libshutdown.o(.ARM.Collect$$libshutdown$$00000000) refers (Special) to libshutdown2.o(.ARM.Collect$$libshutdown$$0000000B) for __rt_lib_shutdown_user_alloc_1
    defsig_abrt_inner.o(.text) refers to defsig_general.o(.text) for __default_signal_display
    defsig_stak_inner.o(.text) refers to defsig_general.o(.text) for __default_signal_display
    defsig_pvfn_inner.o(.text) refers to defsig_general.o(.text) for __default_signal_display
    defsig_cppl_inner.o(.text) refers to defsig_general.o(.text) for __default_signal_display
    defsig_segv_inner.o(.text) refers to defsig_general.o(.text) for __default_signal_display
    defsig_other.o(.text) refers to defsig_general.o(.text) for __default_signal_display


==============================================================================

Removing Unused input sections from the image.

    Removing main.o(.rev16_text), (4 bytes).
    Removing main.o(.revsh_text), (4 bytes).
    Removing main.o(.rrx_text), (6 bytes).
    Removing main.o(.data), (404 bytes).
    Removing fput_debug.o(.rev16_text), (4 bytes).
    Removing fput_debug.o(.revsh_text), (4 bytes).
    Removing fput_debug.o(.rrx_text), (6 bytes).
    Removing workbench_asm.o(text), (164 bytes).
    Removing workbench_asm.o(myData), (60 bytes).
    Removing system_stm32f4xx.o(.rev16_text), (4 bytes).
    Removing system_stm32f4xx.o(.revsh_text), (4 bytes).
    Removing system_stm32f4xx.o(.rrx_text), (6 bytes).
    Removing system_stm32f4xx.o(.text), (288 bytes).
    Removing system_stm32f4xx.o(.constdata), (16 bytes).
    Removing system_stm32f4xx.o(.data), (4 bytes).
    Removing arm_sub_f32.o(.rev16_text), (4 bytes).
    Removing arm_sub_f32.o(.revsh_text), (4 bytes).
    Removing arm_sub_f32.o(.rrx_text), (6 bytes).
    Removing arm_conv_f32.o(.rev16_text), (4 bytes).
    Removing arm_conv_f32.o(.revsh_text), (4 bytes).
    Removing arm_conv_f32.o(.rrx_text), (6 bytes).
    Removing arm_correlate_f32.o(.rev16_text), (4 bytes).
    Removing arm_correlate_f32.o(.revsh_text), (4 bytes).
    Removing arm_correlate_f32.o(.rrx_text), (6 bytes).
    Removing arm_mean_f32.o(.rev16_text), (4 bytes).
    Removing arm_mean_f32.o(.revsh_text), (4 bytes).
    Removing arm_mean_f32.o(.rrx_text), (6 bytes).
    Removing arm_std_f32.o(.rev16_text), (4 bytes).
    Removing arm_std_f32.o(.revsh_text), (4 bytes).
    Removing arm_std_f32.o(.rrx_text), (6 bytes).

30 unused section(s) (total 1048 bytes) removed from the image.

==============================================================================

Image Symbol Table

    Local Symbols

    Symbol Name                              Value     Ov Type        Size  Object(Section)

    ../clib/angel/boardlib.s                 0x00000000   Number         0  boardshut.o ABSOLUTE
    ../clib/angel/boardlib.s                 0x00000000   Number         0  boardinit1.o ABSOLUTE
    ../clib/angel/boardlib.s                 0x00000000   Number         0  boardinit3.o ABSOLUTE
    ../clib/angel/boardlib.s                 0x00000000   Number         0  boardinit2.o ABSOLUTE
    ../clib/angel/handlers.s                 0x00000000   Number         0  __scatter_zi.o ABSOLUTE
    ../clib/angel/handlers.s                 0x00000000   Number         0  __scatter_copy.o ABSOLUTE
    ../clib/angel/kernel.s                   0x00000000   Number         0  rtexit.o ABSOLUTE
    ../clib/angel/kernel.s                   0x00000000   Number         0  __rtentry2.o ABSOLUTE
    ../clib/angel/kernel.s                   0x00000000   Number         0  __rtentry4.o ABSOLUTE
    ../clib/angel/kernel.s                   0x00000000   Number         0  rtexit2.o ABSOLUTE
    ../clib/angel/kernel.s                   0x00000000   Number         0  __rtentry.o ABSOLUTE
    ../clib/angel/rt.s                       0x00000000   Number         0  rt_errno_addr_intlibspace.o ABSOLUTE
    ../clib/angel/rt.s                       0x00000000   Number         0  rt_errno_addr.o ABSOLUTE
    ../clib/angel/rt.s                       0x00000000   Number         0  rt_heap_descriptor.o ABSOLUTE
    ../clib/angel/rt.s                       0x00000000   Number         0  rt_raise.o ABSOLUTE
    ../clib/angel/rt.s                       0x00000000   Number         0  rt_heap_descriptor_intlibspace.o ABSOLUTE
    ../clib/angel/scatter.s                  0x00000000   Number         0  __scatter.o ABSOLUTE
    ../clib/angel/startup.s                  0x00000000   Number         0  __main.o ABSOLUTE
    ../clib/angel/sys.s                      0x00000000   Number         0  use_no_semi.o ABSOLUTE
    ../clib/angel/sys.s                      0x00000000   Number         0  indicate_semi.o ABSOLUTE
    ../clib/angel/sys.s                      0x00000000   Number         0  sys_stackheap_outer.o ABSOLUTE
    ../clib/angel/sys.s                      0x00000000   Number         0  mutex_dummy.o ABSOLUTE
    ../clib/angel/sys.s                      0x00000000   Number         0  libspace.o ABSOLUTE
    ../clib/angel/sysapp.c                   0x00000000   Number         0  sys_command.o ABSOLUTE
    ../clib/angel/sysapp.c                   0x00000000   Number         0  sys_io.o ABSOLUTE
    ../clib/angel/sysapp.c                   0x00000000   Number         0  sys_exit.o ABSOLUTE
    ../clib/angel/sysapp.c                   0x00000000   Number         0  sys_wrch.o ABSOLUTE
    ../clib/armsys.c                         0x00000000   Number         0  _get_argv.o ABSOLUTE
    ../clib/armsys.c                         0x00000000   Number         0  argv_veneer.o ABSOLUTE
    ../clib/armsys.c                         0x00000000   Number         0  argv_veneer.o ABSOLUTE
    ../clib/armsys.c                         0x00000000   Number         0  no_argv.o ABSOLUTE
    ../clib/armsys.c                         0x00000000   Number         0  _get_argv_nomalloc.o ABSOLUTE
    ../clib/fenv.c                           0x00000000   Number         0  _fptrap.o ABSOLUTE
    ../clib/fenv.c                           0x00000000   Number         0  _rserrno.o ABSOLUTE
    ../clib/heap1.c                          0x00000000   Number         0  h1_free_mt.o ABSOLUTE
    ../clib/heap1.c                          0x00000000   Number         0  h1_alloc.o ABSOLUTE
    ../clib/heap1.c                          0x00000000   Number         0  h1_alloc_mt.o ABSOLUTE
    ../clib/heap1.c                          0x00000000   Number         0  h1_extend.o ABSOLUTE
    ../clib/heap1.c                          0x00000000   Number         0  h1_free.o ABSOLUTE
    ../clib/heap1.c                          0x00000000   Number         0  h1_final_mt.o ABSOLUTE
    ../clib/heap1.c                          0x00000000   Number         0  h1_final.o ABSOLUTE
    ../clib/heap1.c                          0x00000000   Number         0  h1_init.o ABSOLUTE
    ../clib/heap1.c                          0x00000000   Number         0  h1_extend_mt.o ABSOLUTE
    ../clib/heap1.c                          0x00000000   Number         0  h1_init_mt.o ABSOLUTE
    ../clib/heap2.c                          0x00000000   Number         0  heap2.o ABSOLUTE
    ../clib/heap2.c                          0x00000000   Number         0  heap2mt.o ABSOLUTE
    ../clib/heap2.c                          0x00000000   Number         0  fdtree.o ABSOLUTE
    ../clib/heapalloc.c                      0x00000000   Number         0  free.o ABSOLUTE
    ../clib/heapalloc.c                      0x00000000   Number         0  heapstubs.o ABSOLUTE
    ../clib/heapalloc.c                      0x00000000   Number         0  init_alloc.o ABSOLUTE
    ../clib/heapalloc.c                      0x00000000   Number         0  hguard.o ABSOLUTE
    ../clib/heapalloc.c                      0x00000000   Number         0  maybetermalloc1.o ABSOLUTE
    ../clib/heapalloc.c                      0x00000000   Number         0  malloc.o ABSOLUTE
    ../clib/heapalloc.c                      0x00000000   Number         0  maybetermalloc2.o ABSOLUTE
    ../clib/heapalloc.c                      0x00000000   Number         0  term_alloc.o ABSOLUTE
    ../clib/heapalloc.c                      0x00000000   Number         0  maybetermalloc1.o ABSOLUTE
    ../clib/heapalloc.c                      0x00000000   Number         0  hrguard.o ABSOLUTE
    ../clib/heapalloc.c                      0x00000000   Number         0  maybetermalloc2.o ABSOLUTE
    ../clib/heapaux.c                        0x00000000   Number         0  heapauxi.o ABSOLUTE
    ../clib/heapaux.c                        0x00000000   Number         0  heapauxa.o ABSOLUTE
    ../clib/libinit.s                        0x00000000   Number         0  libinit2.o ABSOLUTE
    ../clib/libinit.s                        0x00000000   Number         0  libshutdown2.o ABSOLUTE
    ../clib/libinit.s                        0x00000000   Number         0  libinit.o ABSOLUTE
    ../clib/libinit.s                        0x00000000   Number         0  libshutdown.o ABSOLUTE
    ../clib/memcpset.s                       0x00000000   Number         0  rt_memclr_w.o ABSOLUTE
    ../clib/memcpset.s                       0x00000000   Number         0  rt_memcpy_w.o ABSOLUTE
    ../clib/printf.c                         0x00000000   Number         0  __2printf.o ABSOLUTE
    ../clib/printf.c                         0x00000000   Number         0  _printf_char_file.o ABSOLUTE
    ../clib/printf.c                         0x00000000   Number         0  _printf_char_common.o ABSOLUTE
    ../clib/printf.c                         0x00000000   Number         0  noretval__2printf.o ABSOLUTE
    ../clib/printf.c                         0x00000000   Number         0  __printf_nopercent.o ABSOLUTE
    ../clib/signal.c                         0x00000000   Number         0  defsig_rtmem_outer.o ABSOLUTE
    ../clib/signal.c                         0x00000000   Number         0  defsig_rtmem_formal.o ABSOLUTE
    ../clib/signal.c                         0x00000000   Number         0  defsig_rtmem_inner.o ABSOLUTE
    ../clib/signal.c                         0x00000000   Number         0  defsig_fpe_inner.o ABSOLUTE
    ../clib/signal.c                         0x00000000   Number         0  defsig_rtred_inner.o ABSOLUTE
    ../clib/signal.c                         0x00000000   Number         0  defsig_cppl_inner.o ABSOLUTE
    ../clib/signal.c                         0x00000000   Number         0  defsig_general.o ABSOLUTE
    ../clib/signal.c                         0x00000000   Number         0  defsig_stak_inner.o ABSOLUTE
    ../clib/signal.c                         0x00000000   Number         0  defsig_exit.o ABSOLUTE
    ../clib/signal.c                         0x00000000   Number         0  defsig_abrt_inner.o ABSOLUTE
    ../clib/signal.c                         0x00000000   Number         0  defsig_rtred_formal.o ABSOLUTE
    ../clib/signal.c                         0x00000000   Number         0  defsig_rtred_outer.o ABSOLUTE
    ../clib/signal.c                         0x00000000   Number         0  defsig_pvfn_inner.o ABSOLUTE
    ../clib/signal.c                         0x00000000   Number         0  defsig_fpe_outer.o ABSOLUTE
    ../clib/signal.c                         0x00000000   Number         0  defsig_segv_inner.o ABSOLUTE
    ../clib/signal.c                         0x00000000   Number         0  defsig_other.o ABSOLUTE
    ../clib/signal.c                         0x00000000   Number         0  __raise.o ABSOLUTE
    ../clib/signal.c                         0x00000000   Number         0  defsig_fpe_formal.o ABSOLUTE
    ../clib/signal.s                         0x00000000   Number         0  defsig.o ABSOLUTE
    ../clib/stdio.c                          0x00000000   Number         0  stdio.o ABSOLUTE
    ../clib/stdio.c                          0x00000000   Number         0  streamlock.o ABSOLUTE
    ../clib/stdio.c                          0x00000000   Number         0  fclose.o ABSOLUTE
    ../clib/stdio.c                          0x00000000   Number         0  setvbuf.o ABSOLUTE
    ../clib/stdio.c                          0x00000000   Number         0  setvbuf_locked.o ABSOLUTE
    ../clib/stdio.c                          0x00000000   Number         0  fopen_locked.o ABSOLUTE
    ../clib/stdio.c                          0x00000000   Number         0  fopen.o ABSOLUTE
    ../clib/stdio.c                          0x00000000   Number         0  fseek.o ABSOLUTE
    ../clib/stdio.c                          0x00000000   Number         0  initio_locked.o ABSOLUTE
    ../clib/stdio.c                          0x00000000   Number         0  ferror_locked.o ABSOLUTE
    ../clib/stdio.c                          0x00000000   Number         0  stdio_streams.o ABSOLUTE
    ../clib/stdio.c                          0x00000000   Number         0  initio.o ABSOLUTE
    ../clib/stdio.c                          0x00000000   Number         0  ftell.o ABSOLUTE
    ../clib/stdio.c                          0x00000000   Number         0  ferror.o ABSOLUTE
    ../clib/stdlib.c                         0x00000000   Number         0  exit.o ABSOLUTE
    ../clib/string.c                         0x00000000   Number         0  strlen.o ABSOLUTE
    ../fplib/d2f.s                           0x00000000   Number         0  d2f_clz.o ABSOLUTE
    ../fplib/dcmpi.s                         0x00000000   Number         0  dcmpi.o ABSOLUTE
    ../fplib/dflt.s                          0x00000000   Number         0  dflt_clz.o ABSOLUTE
    ../fplib/dleqf.s                         0x00000000   Number         0  dleqf.o ABSOLUTE
    ../fplib/dnaninf.s                       0x00000000   Number         0  dnaninf.o ABSOLUTE
    ../fplib/drenorm.s                       0x00000000   Number         0  drenorm_clz.o ABSOLUTE
    ../fplib/dretinf.s                       0x00000000   Number         0  dretinf.o ABSOLUTE
    ../fplib/dsqrt.s                         0x00000000   Number         0  dsqrt_umaalclz.o ABSOLUTE
    ../fplib/dunder.s                        0x00000000   Number         0  dunder_clz.o ABSOLUTE
    ../fplib/except.s                        0x00000000   Number         0  except.o ABSOLUTE
    ../fplib/f2d.s                           0x00000000   Number         0  f2d.o ABSOLUTE
    ../fplib/fnaninf.s                       0x00000000   Number         0  fnaninf.o ABSOLUTE
    ../fplib/fpinit.s                        0x00000000   Number         0  fpinit.o ABSOLUTE
    ../fplib/fretinf.s                       0x00000000   Number         0  fretinf.o ABSOLUTE
    ../fplib/funder.s                        0x00000000   Number         0  funder_clz.o ABSOLUTE
    ../fplib/retnan.s                        0x00000000   Number         0  retnan.o ABSOLUTE
    ../fplib/trapv.s                         0x00000000   Number         0  trapv.o ABSOLUTE
    ../fplib/usenofp.s                       0x00000000   Number         0  usenofp.o ABSOLUTE
    ../mathlib/sqrt.c                        0x00000000   Number         0  sqrt_full_x.o ABSOLUTE
    ../mathlib/sqrt.c                        0x00000000   Number         0  sqrt_full.o ABSOLUTE
    ..\BasicMathFunctions\arm_sub_f32.c      0x00000000   Number         0  arm_sub_f32.o ABSOLUTE
    ..\FilteringFunctions\arm_conv_f32.c     0x00000000   Number         0  arm_conv_f32.o ABSOLUTE
    ..\FilteringFunctions\arm_correlate_f32.c 0x00000000   Number         0  arm_correlate_f32.o ABSOLUTE
    ..\StatisticsFunctions\arm_mean_f32.c    0x00000000   Number         0  arm_mean_f32.o ABSOLUTE
    ..\StatisticsFunctions\arm_std_f32.c     0x00000000   Number         0  arm_std_f32.o ABSOLUTE
    ..\\BasicMathFunctions\\arm_sub_f32.c    0x00000000   Number         0  arm_sub_f32.o ABSOLUTE
    ..\\FilteringFunctions\\arm_conv_f32.c   0x00000000   Number         0  arm_conv_f32.o ABSOLUTE
    ..\\FilteringFunctions\\arm_correlate_f32.c 0x00000000   Number         0  arm_correlate_f32.o ABSOLUTE
    ..\\StatisticsFunctions\\arm_mean_f32.c  0x00000000   Number         0  arm_mean_f32.o ABSOLUTE
    ..\\StatisticsFunctions\\arm_std_f32.c   0x00000000   Number         0  arm_std_f32.o ABSOLUTE
    RTE\Device\STM32F407VGTx\startup_stm32f407xx.s 0x00000000   Number         0  startup_stm32f407xx.o ABSOLUTE
    RTE\Device\STM32F407VGTx\system_stm32f4xx.c 0x00000000   Number         0  system_stm32f4xx.o ABSOLUTE
    RTE\\Device\\STM32F407VGTx\\system_stm32f4xx.c 0x00000000   Number         0  system_stm32f4xx.o ABSOLUTE
    Sources\Kalmanfilter_asm.s               0x00000000   Number         0  kalmanfilter_asm.o ABSOLUTE
    Sources\\fput_debug.c                    0x00000000   Number         0  fput_debug.o ABSOLUTE
    Sources\\main.c                          0x00000000   Number         0  main.o ABSOLUTE
    Sources\fput_debug.c                     0x00000000   Number         0  fput_debug.o ABSOLUTE
    Sources\main.c                           0x00000000   Number         0  main.o ABSOLUTE
    Sources\workbench_asm.s                  0x00000000   Number         0  workbench_asm.o ABSOLUTE
    dc.s                                     0x00000000   Number         0  dc.o ABSOLUTE
    RESET                                    0x08000000   Section      392  startup_stm32f407xx.o(RESET)
    !!!main                                  0x08000188   Section        8  __main.o(!!!main)
    !!!scatter                               0x08000190   Section       52  __scatter.o(!!!scatter)
    !!handler_copy                           0x080001c4   Section       26  __scatter_copy.o(!!handler_copy)
    !!handler_zi                             0x080001e0   Section       28  __scatter_zi.o(!!handler_zi)
    .ARM.Collect$$libinit$$00000000          0x080001fc   Section        2  libinit.o(.ARM.Collect$$libinit$$00000000)
    .ARM.Collect$$libinit$$00000001          0x080001fe   Section        4  libinit2.o(.ARM.Collect$$libinit$$00000001)
    .ARM.Collect$$libinit$$00000004          0x08000202   Section        0  libinit2.o(.ARM.Collect$$libinit$$00000004)
    .ARM.Collect$$libinit$$00000005          0x08000202   Section        8  libinit2.o(.ARM.Collect$$libinit$$00000005)
    .ARM.Collect$$libinit$$0000000A          0x0800020a   Section        0  libinit2.o(.ARM.Collect$$libinit$$0000000A)
    .ARM.Collect$$libinit$$0000000C          0x0800020a   Section        0  libinit2.o(.ARM.Collect$$libinit$$0000000C)
    .ARM.Collect$$libinit$$0000000E          0x0800020a   Section        0  libinit2.o(.ARM.Collect$$libinit$$0000000E)
    .ARM.Collect$$libinit$$00000011          0x0800020a   Section        0  libinit2.o(.ARM.Collect$$libinit$$00000011)
    .ARM.Collect$$libinit$$00000013          0x0800020a   Section        0  libinit2.o(.ARM.Collect$$libinit$$00000013)
    .ARM.Collect$$libinit$$00000015          0x0800020a   Section        0  libinit2.o(.ARM.Collect$$libinit$$00000015)
    .ARM.Collect$$libinit$$00000017          0x0800020a   Section        0  libinit2.o(.ARM.Collect$$libinit$$00000017)
    .ARM.Collect$$libinit$$00000019          0x0800020a   Section        0  libinit2.o(.ARM.Collect$$libinit$$00000019)
    .ARM.Collect$$libinit$$0000001B          0x0800020a   Section        0  libinit2.o(.ARM.Collect$$libinit$$0000001B)
    .ARM.Collect$$libinit$$0000001D          0x0800020a   Section        0  libinit2.o(.ARM.Collect$$libinit$$0000001D)
    .ARM.Collect$$libinit$$0000001F          0x0800020a   Section        0  libinit2.o(.ARM.Collect$$libinit$$0000001F)
    .ARM.Collect$$libinit$$00000021          0x0800020a   Section        0  libinit2.o(.ARM.Collect$$libinit$$00000021)
    .ARM.Collect$$libinit$$00000023          0x0800020a   Section        0  libinit2.o(.ARM.Collect$$libinit$$00000023)
    .ARM.Collect$$libinit$$00000024          0x0800020a   Section        4  libinit2.o(.ARM.Collect$$libinit$$00000024)
    .ARM.Collect$$libinit$$00000025          0x0800020e   Section        0  libinit2.o(.ARM.Collect$$libinit$$00000025)
    .ARM.Collect$$libinit$$0000002C          0x0800020e   Section        0  libinit2.o(.ARM.Collect$$libinit$$0000002C)
    .ARM.Collect$$libinit$$0000002E          0x0800020e   Section        0  libinit2.o(.ARM.Collect$$libinit$$0000002E)
    .ARM.Collect$$libinit$$00000030          0x0800020e   Section        0  libinit2.o(.ARM.Collect$$libinit$$00000030)
    .ARM.Collect$$libinit$$00000032          0x0800020e   Section        0  libinit2.o(.ARM.Collect$$libinit$$00000032)
    .ARM.Collect$$libinit$$00000033          0x0800020e   Section        2  libinit2.o(.ARM.Collect$$libinit$$00000033)
    .ARM.Collect$$libshutdown$$00000000      0x08000210   Section        2  libshutdown.o(.ARM.Collect$$libshutdown$$00000000)
    .ARM.Collect$$libshutdown$$00000002      0x08000212   Section        4  libshutdown2.o(.ARM.Collect$$libshutdown$$00000002)
    .ARM.Collect$$libshutdown$$00000003      0x08000216   Section        0  libshutdown2.o(.ARM.Collect$$libshutdown$$00000003)
    .ARM.Collect$$libshutdown$$00000006      0x08000216   Section        0  libshutdown2.o(.ARM.Collect$$libshutdown$$00000006)
    .ARM.Collect$$libshutdown$$00000009      0x08000216   Section        0  libshutdown2.o(.ARM.Collect$$libshutdown$$00000009)
    .ARM.Collect$$libshutdown$$0000000B      0x08000216   Section        0  libshutdown2.o(.ARM.Collect$$libshutdown$$0000000B)
    .ARM.Collect$$libshutdown$$0000000E      0x08000216   Section        0  libshutdown2.o(.ARM.Collect$$libshutdown$$0000000E)
    .ARM.Collect$$libshutdown$$0000000F      0x08000216   Section        2  libshutdown2.o(.ARM.Collect$$libshutdown$$0000000F)
    .ARM.Collect$$rtentry$$00000000          0x08000218   Section        0  __rtentry.o(.ARM.Collect$$rtentry$$00000000)
    .ARM.Collect$$rtentry$$00000002          0x08000218   Section        0  __rtentry2.o(.ARM.Collect$$rtentry$$00000002)
    .ARM.Collect$$rtentry$$00000004          0x08000218   Section        6  __rtentry4.o(.ARM.Collect$$rtentry$$00000004)
    .ARM.Collect$$rtentry$$00000009          0x0800021e   Section        0  __rtentry2.o(.ARM.Collect$$rtentry$$00000009)
    .ARM.Collect$$rtentry$$0000000A          0x0800021e   Section        4  __rtentry2.o(.ARM.Collect$$rtentry$$0000000A)
    .ARM.Collect$$rtentry$$0000000C          0x08000222   Section        0  __rtentry2.o(.ARM.Collect$$rtentry$$0000000C)
    .ARM.Collect$$rtentry$$0000000D          0x08000222   Section        8  __rtentry2.o(.ARM.Collect$$rtentry$$0000000D)
    .ARM.Collect$$rtexit$$00000000           0x0800022a   Section        2  rtexit.o(.ARM.Collect$$rtexit$$00000000)
    .ARM.Collect$$rtexit$$00000002           0x0800022c   Section        0  rtexit2.o(.ARM.Collect$$rtexit$$00000002)
    .ARM.Collect$$rtexit$$00000003           0x0800022c   Section        4  rtexit2.o(.ARM.Collect$$rtexit$$00000003)
    .ARM.Collect$$rtexit$$00000004           0x08000230   Section        6  rtexit2.o(.ARM.Collect$$rtexit$$00000004)
    .emb_text                                0x08000238   Section        0  maybetermalloc1.o(.emb_text)
    .text                                    0x08000238   Section        0  main.o(.text)
    .text                                    0x0800060c   Section        0  fput_debug.o(.text)
    .text                                    0x08000644   Section       84  startup_stm32f407xx.o(.text)
    $v0                                      0x08000644   Number         0  startup_stm32f407xx.o(.text)
    .text                                    0x08000698   Section        0  arm_sub_f32.o(.text)
    .text                                    0x0800076c   Section        0  arm_conv_f32.o(.text)
    .text                                    0x08000cdc   Section        0  arm_correlate_f32.o(.text)
    .text                                    0x08001268   Section        0  arm_mean_f32.o(.text)
    .text                                    0x080012f8   Section        0  arm_std_f32.o(.text)
    .text                                    0x0800142c   Section        0  noretval__2printf.o(.text)
    .text                                    0x08001444   Section      100  rt_memcpy_w.o(.text)
    .text                                    0x080014a8   Section        0  heapauxi.o(.text)
    .text                                    0x080014ae   Section        0  _rserrno.o(.text)
    .text                                    0x080014c4   Section        0  _printf_char_file.o(.text)
    .text                                    0x080014e8   Section        8  rt_errno_addr_intlibspace.o(.text)
    .text                                    0x080014f0   Section        0  _fptrap.o(.text)
    .text                                    0x08001520   Section        0  _printf_char_common.o(.text)
    _printf_input_char                       0x08001521   Thumb Code    10  _printf_char_common.o(.text)
    .text                                    0x08001550   Section        0  ferror.o(.text)
    .text                                    0x08001558   Section        0  initio.o(.text)
    .text                                    0x08001690   Section        0  sys_io.o(.text)
    .text                                    0x080016f8   Section        8  libspace.o(.text)
    .text                                    0x08001700   Section       74  sys_stackheap_outer.o(.text)
    .text                                    0x0800174a   Section        0  h1_free.o(.text)
    .text                                    0x08001798   Section        0  __printf_nopercent.o(.text)
    .text                                    0x080017c0   Section        0  setvbuf.o(.text)
    .text                                    0x08001808   Section        0  fopen.o(.text)
    _freopen_locked                          0x08001809   Thumb Code     0  fopen.o(.text)
    .text                                    0x080018f4   Section        0  fclose.o(.text)
    .text                                    0x08001940   Section        0  exit.o(.text)
    .text                                    0x0800194c   Section        0  defsig_fpe_outer.o(.text)
    .text                                    0x0800195a   Section        0  defsig_rtred_outer.o(.text)
    .text                                    0x08001968   Section       78  rt_memclr_w.o(.text)
    .text                                    0x080019b6   Section        2  use_no_semi.o(.text)
    .text                                    0x080019b8   Section        8  rt_heap_descriptor_intlibspace.o(.text)
    .text                                    0x080019b8   Section        0  indicate_semi.o(.text)
    .text                                    0x080019c0   Section        0  hguard.o(.text)
    .text                                    0x080019c4   Section        0  init_alloc.o(.text)
    .text                                    0x08001a4e   Section        0  h1_alloc.o(.text)
    .text                                    0x08001aac   Section        0  fseek.o(.text)
    .text                                    0x08001ba4   Section        0  stdio.o(.text)
    .text                                    0x08001c94   Section        0  defsig_exit.o(.text)
    .text                                    0x08001ca0   Section        0  defsig_fpe_inner.o(.text)
    .text                                    0x08001d4c   Section        0  defsig_rtred_inner.o(.text)
    .text                                    0x08001d80   Section        0  strlen.o(.text)
    .text                                    0x08001dc0   Section        0  sys_exit.o(.text)
    .text                                    0x08001dcc   Section        0  h1_init.o(.text)
    .text                                    0x08001dda   Section        0  h1_extend.o(.text)
    .text                                    0x08001e0e   Section        0  ftell.o(.text)
    .text                                    0x08001e50   Section        0  defsig_general.o(.text)
    .text                                    0x08001e82   Section        0  defsig_rtmem_outer.o(.text)
    .text                                    0x08001e90   Section        0  sys_wrch.o(.text)
    .text                                    0x08001ea0   Section        0  defsig_rtmem_inner.o(.text)
    i.__hardfp_sqrt                          0x08001ef0   Section        0  sqrt_full.o(i.__hardfp_sqrt)
    text                                     0x08001f6c   Section      126  kalmanfilter_asm.o(text)
    $v0                                      0x08001f6c   Number         0  kalmanfilter_asm.o(text)
    x$fpl$d2f                                0x08001fec   Section      708  d2f_clz.o(x$fpl$d2f)
    $v0                                      0x08001fec   Number         0  d2f_clz.o(x$fpl$d2f)
    x$fpl$dfltn                              0x080022b0   Section       26  dflt_clz.o(x$fpl$dfltn)
    $v0                                      0x080022b0   Number         0  dflt_clz.o(x$fpl$dfltn)
    x$fpl$dnaninf                            0x080022ca   Section      258  dnaninf.o(x$fpl$dnaninf)
    $v0                                      0x080022ca   Number         0  dnaninf.o(x$fpl$dnaninf)
    x$fpl$drenorm                            0x080023cc   Section      112  drenorm_clz.o(x$fpl$drenorm)
    $v0                                      0x080023cc   Number         0  drenorm_clz.o(x$fpl$drenorm)
    x$fpl$dretinf                            0x0800243c   Section       12  dretinf.o(x$fpl$dretinf)
    $v0                                      0x0800243c   Number         0  dretinf.o(x$fpl$dretinf)
    x$fpl$dsqrt                              0x08002448   Section      520  dsqrt_umaalclz.o(x$fpl$dsqrt)
    $v0                                      0x08002448   Number         0  dsqrt_umaalclz.o(x$fpl$dsqrt)
    x$fpl$dunder                             0x08002650   Section      378  dunder_clz.o(x$fpl$dunder)
    $v0                                      0x08002650   Number         0  dunder_clz.o(x$fpl$dunder)
    x$fpl$exception                          0x080027cc   Section      492  except.o(x$fpl$exception)
    $v0                                      0x080027cc   Number         0  except.o(x$fpl$exception)
    x$fpl$f2d                                0x080029b8   Section      122  f2d.o(x$fpl$f2d)
    $v0                                      0x080029b8   Number         0  f2d.o(x$fpl$f2d)
    x$fpl$fnaninf                            0x08002a32   Section      242  fnaninf.o(x$fpl$fnaninf)
    $v0                                      0x08002a32   Number         0  fnaninf.o(x$fpl$fnaninf)
    x$fpl$fpinit                             0x08002b24   Section       10  fpinit.o(x$fpl$fpinit)
    $v0                                      0x08002b24   Number         0  fpinit.o(x$fpl$fpinit)
    x$fpl$fretinf                            0x08002b2e   Section       10  fretinf.o(x$fpl$fretinf)
    $v0                                      0x08002b2e   Number         0  fretinf.o(x$fpl$fretinf)
    x$fpl$funder                             0x08002b38   Section      316  funder_clz.o(x$fpl$funder)
    $v0                                      0x08002b38   Number         0  funder_clz.o(x$fpl$funder)
    x$fpl$retnan                             0x08002c74   Section      178  retnan.o(x$fpl$retnan)
    $v0                                      0x08002c74   Number         0  retnan.o(x$fpl$retnan)
    x$fpl$trapveneer                         0x08002d26   Section      126  trapv.o(x$fpl$trapveneer)
    $v0                                      0x08002d26   Number         0  trapv.o(x$fpl$trapveneer)
    .constdata                               0x08002da4   Section      444  main.o(.constdata)
    x$fpl$usenofp                            0x08002da4   Section        0  usenofp.o(x$fpl$usenofp)
    .constdata                               0x08002f60   Section        4  sys_io.o(.constdata)
    .constdata                               0x08002f64   Section        4  sys_io.o(.constdata)
    .constdata                               0x08002f68   Section        4  sys_io.o(.constdata)
    .data                                    0x20000000   Section        4  stdio_streams.o(.data)
    .data                                    0x20000004   Section        4  stdio_streams.o(.data)
    .data                                    0x20000008   Section        4  stdio_streams.o(.data)
    .bss                                     0x2000000c   Section       84  stdio_streams.o(.bss)
    .bss                                     0x20000060   Section       84  stdio_streams.o(.bss)
    .bss                                     0x200000b4   Section       84  stdio_streams.o(.bss)
    .bss                                     0x20000108   Section       96  libspace.o(.bss)
    HEAP                                     0x20000168   Section      512  startup_stm32f407xx.o(HEAP)
    Heap_Mem                                 0x20000168   Data         512  startup_stm32f407xx.o(HEAP)
    STACK                                    0x20000368   Section     1024  startup_stm32f407xx.o(STACK)
    Stack_Mem                                0x20000368   Data        1024  startup_stm32f407xx.o(STACK)
    __initial_sp                             0x20000768   Data           0  startup_stm32f407xx.o(STACK)

    Global Symbols

    Symbol Name                              Value     Ov Type        Size  Object(Section)

    BuildAttributes$$THM_ISAv4$E$P$D$K$B$S$7EM$VFPi3$EXTD16$VFPS$VFMA$PE$A:L22UL41UL21$X:L11$S22US41US21$IEEE1$IW$USESV6$~STKCKD$USESV7$~SHL$OTIME$ROPI$IEEEX$EBA8$UX$STANDARDLIB$REQ8$EABIv2 0x00000000   Number         0  anon$$obj.o ABSOLUTE
    __ARM_use_no_argv                        0x00000000   Number         0  main.o ABSOLUTE
    __ARM_exceptions_init                     - Undefined Weak Reference
    __alloca_initialize                       - Undefined Weak Reference
    __arm_preinit_                            - Undefined Weak Reference
    __cpp_initialize__aeabi_                  - Undefined Weak Reference
    __cxa_finalize                            - Undefined Weak Reference
    __rt_locale                               - Undefined Weak Reference
    __sigvec_lookup                           - Undefined Weak Reference
    __user_heap_extent                        - Undefined Weak Reference
    _atexit_init                              - Undefined Weak Reference
    _call_atexit_fns                          - Undefined Weak Reference
    _clock_init                               - Undefined Weak Reference
    _fp_trap_big                              - Undefined Weak Reference
    _fp_trap_init                             - Undefined Weak Reference
    _fp_trap_shutdown                         - Undefined Weak Reference
    _get_lc_collate                           - Undefined Weak Reference
    _get_lc_ctype                             - Undefined Weak Reference
    _get_lc_monetary                          - Undefined Weak Reference
    _get_lc_numeric                           - Undefined Weak Reference
    _get_lc_time                              - Undefined Weak Reference
    _getenv_init                              - Undefined Weak Reference
    _handle_redirection                       - Undefined Weak Reference
    _mutex_acquire                            - Undefined Weak Reference
    _mutex_free                               - Undefined Weak Reference
    _mutex_release                            - Undefined Weak Reference
    _rand_init                                - Undefined Weak Reference
    _signal_finish                            - Undefined Weak Reference
    _signal_init                              - Undefined Weak Reference
    __Vectors_Size                           0x00000188   Number         0  startup_stm32f407xx.o ABSOLUTE
    __Vectors                                0x08000000   Data           4  startup_stm32f407xx.o(RESET)
    __Vectors_End                            0x08000188   Data           0  startup_stm32f407xx.o(RESET)
    __main                                   0x08000189   Thumb Code     8  __main.o(!!!main)
    __scatterload                            0x08000191   Thumb Code     0  __scatter.o(!!!scatter)
    __scatterload_rt2                        0x08000191   Thumb Code    44  __scatter.o(!!!scatter)
    __scatterload_rt2_thumb_only             0x08000191   Thumb Code     0  __scatter.o(!!!scatter)
    __scatterload_null                       0x0800019f   Thumb Code     0  __scatter.o(!!!scatter)
    __scatterload_copy                       0x080001c5   Thumb Code    26  __scatter_copy.o(!!handler_copy)
    __scatterload_zeroinit                   0x080001e1   Thumb Code    28  __scatter_zi.o(!!handler_zi)
    __rt_lib_init                            0x080001fd   Thumb Code     0  libinit.o(.ARM.Collect$$libinit$$00000000)
    __rt_lib_init_fp_1                       0x080001ff   Thumb Code     0  libinit2.o(.ARM.Collect$$libinit$$00000001)
    __rt_lib_init_heap_2                     0x08000203   Thumb Code     0  libinit2.o(.ARM.Collect$$libinit$$00000005)
    __rt_lib_init_preinit_1                  0x08000203   Thumb Code     0  libinit2.o(.ARM.Collect$$libinit$$00000004)
    __rt_lib_init_atexit_1                   0x0800020b   Thumb Code     0  libinit2.o(.ARM.Collect$$libinit$$0000001B)
    __rt_lib_init_clock_1                    0x0800020b   Thumb Code     0  libinit2.o(.ARM.Collect$$libinit$$00000021)
    __rt_lib_init_fp_trap_1                  0x0800020b   Thumb Code     0  libinit2.o(.ARM.Collect$$libinit$$0000001F)
    __rt_lib_init_getenv_1                   0x0800020b   Thumb Code     0  libinit2.o(.ARM.Collect$$libinit$$00000023)
    __rt_lib_init_heap_1                     0x0800020b   Thumb Code     0  libinit2.o(.ARM.Collect$$libinit$$0000000A)
    __rt_lib_init_lc_collate_1               0x0800020b   Thumb Code     0  libinit2.o(.ARM.Collect$$libinit$$00000011)
    __rt_lib_init_lc_ctype_1                 0x0800020b   Thumb Code     0  libinit2.o(.ARM.Collect$$libinit$$00000013)
    __rt_lib_init_lc_monetary_1              0x0800020b   Thumb Code     0  libinit2.o(.ARM.Collect$$libinit$$00000015)
    __rt_lib_init_lc_numeric_1               0x0800020b   Thumb Code     0  libinit2.o(.ARM.Collect$$libinit$$00000017)
    __rt_lib_init_lc_time_1                  0x0800020b   Thumb Code     0  libinit2.o(.ARM.Collect$$libinit$$00000019)
    __rt_lib_init_rand_1                     0x0800020b   Thumb Code     0  libinit2.o(.ARM.Collect$$libinit$$0000000E)
    __rt_lib_init_signal_1                   0x0800020b   Thumb Code     0  libinit2.o(.ARM.Collect$$libinit$$0000001D)
    __rt_lib_init_stdio_2                    0x0800020b   Thumb Code     0  libinit2.o(.ARM.Collect$$libinit$$00000024)
    __rt_lib_init_user_alloc_1               0x0800020b   Thumb Code     0  libinit2.o(.ARM.Collect$$libinit$$0000000C)
    __rt_lib_init_alloca_1                   0x0800020f   Thumb Code     0  libinit2.o(.ARM.Collect$$libinit$$0000002E)
    __rt_lib_init_argv_1                     0x0800020f   Thumb Code     0  libinit2.o(.ARM.Collect$$libinit$$0000002C)
    __rt_lib_init_cpp_1                      0x0800020f   Thumb Code     0  libinit2.o(.ARM.Collect$$libinit$$00000032)
    __rt_lib_init_exceptions_1               0x0800020f   Thumb Code     0  libinit2.o(.ARM.Collect$$libinit$$00000030)
    __rt_lib_init_return                     0x0800020f   Thumb Code     0  libinit2.o(.ARM.Collect$$libinit$$00000033)
    __rt_lib_init_stdio_1                    0x0800020f   Thumb Code     0  libinit2.o(.ARM.Collect$$libinit$$00000025)
    __rt_lib_shutdown                        0x08000211   Thumb Code     0  libshutdown.o(.ARM.Collect$$libshutdown$$00000000)
    __rt_lib_shutdown_stdio_2                0x08000213   Thumb Code     0  libshutdown2.o(.ARM.Collect$$libshutdown$$00000002)
    __rt_lib_shutdown_fp_trap_1              0x08000217   Thumb Code     0  libshutdown2.o(.ARM.Collect$$libshutdown$$00000006)
    __rt_lib_shutdown_heap_1                 0x08000217   Thumb Code     0  libshutdown2.o(.ARM.Collect$$libshutdown$$0000000E)
    __rt_lib_shutdown_return                 0x08000217   Thumb Code     0  libshutdown2.o(.ARM.Collect$$libshutdown$$0000000F)
    __rt_lib_shutdown_signal_1               0x08000217   Thumb Code     0  libshutdown2.o(.ARM.Collect$$libshutdown$$00000009)
    __rt_lib_shutdown_stdio_1                0x08000217   Thumb Code     0  libshutdown2.o(.ARM.Collect$$libshutdown$$00000003)
    __rt_lib_shutdown_user_alloc_1           0x08000217   Thumb Code     0  libshutdown2.o(.ARM.Collect$$libshutdown$$0000000B)
    __rt_entry                               0x08000219   Thumb Code     0  __rtentry.o(.ARM.Collect$$rtentry$$00000000)
    __rt_entry_presh_1                       0x08000219   Thumb Code     0  __rtentry2.o(.ARM.Collect$$rtentry$$00000002)
    __rt_entry_sh                            0x08000219   Thumb Code     0  __rtentry4.o(.ARM.Collect$$rtentry$$00000004)
    __rt_entry_li                            0x0800021f   Thumb Code     0  __rtentry2.o(.ARM.Collect$$rtentry$$0000000A)
    __rt_entry_postsh_1                      0x0800021f   Thumb Code     0  __rtentry2.o(.ARM.Collect$$rtentry$$00000009)
    __rt_entry_main                          0x08000223   Thumb Code     0  __rtentry2.o(.ARM.Collect$$rtentry$$0000000D)
    __rt_entry_postli_1                      0x08000223   Thumb Code     0  __rtentry2.o(.ARM.Collect$$rtentry$$0000000C)
    __rt_exit                                0x0800022b   Thumb Code     0  rtexit.o(.ARM.Collect$$rtexit$$00000000)
    __rt_exit_ls                             0x0800022d   Thumb Code     0  rtexit2.o(.ARM.Collect$$rtexit$$00000003)
    __rt_exit_prels_1                        0x0800022d   Thumb Code     0  rtexit2.o(.ARM.Collect$$rtexit$$00000002)
    __rt_exit_exit                           0x08000231   Thumb Code     0  rtexit2.o(.ARM.Collect$$rtexit$$00000004)
    _maybe_terminate_alloc                   0x08000239   Thumb Code     0  maybetermalloc1.o(.emb_text)
    vector_subtract                          0x08000239   Thumb Code    44  main.o(.text)
    average                                  0x08000265   Thumb Code    52  main.o(.text)
    stddev                                   0x08000299   Thumb Code   146  main.o(.text)
    correlation                              0x0800032b   Thumb Code   152  main.o(.text)
    convolution                              0x080003c3   Thumb Code   146  main.o(.text)
    Kalmanfilter_C                           0x08000455   Thumb Code   184  main.o(.text)
    compare_dsp                              0x0800050d   Thumb Code   148  main.o(.text)
    main                                     0x080005a1   Thumb Code    88  main.o(.text)
    fputc                                    0x0800060d   Thumb Code    52  fput_debug.o(.text)
    Reset_Handler                            0x08000645   Thumb Code    26  startup_stm32f407xx.o(.text)
    NMI_Handler                              0x0800065f   Thumb Code     2  startup_stm32f407xx.o(.text)
    HardFault_Handler                        0x08000661   Thumb Code     2  startup_stm32f407xx.o(.text)
    MemManage_Handler                        0x08000663   Thumb Code     2  startup_stm32f407xx.o(.text)
    BusFault_Handler                         0x08000665   Thumb Code     2  startup_stm32f407xx.o(.text)
    UsageFault_Handler                       0x08000667   Thumb Code     2  startup_stm32f407xx.o(.text)
    SVC_Handler                              0x08000669   Thumb Code     2  startup_stm32f407xx.o(.text)
    DebugMon_Handler                         0x0800066b   Thumb Code     2  startup_stm32f407xx.o(.text)
    PendSV_Handler                           0x0800066d   Thumb Code     2  startup_stm32f407xx.o(.text)
    SysTick_Handler                          0x0800066f   Thumb Code     2  startup_stm32f407xx.o(.text)
    ADC_IRQHandler                           0x08000671   Thumb Code     0  startup_stm32f407xx.o(.text)
    CAN1_RX0_IRQHandler                      0x08000671   Thumb Code     0  startup_stm32f407xx.o(.text)
    CAN1_RX1_IRQHandler                      0x08000671   Thumb Code     0  startup_stm32f407xx.o(.text)
    CAN1_SCE_IRQHandler                      0x08000671   Thumb Code     0  startup_stm32f407xx.o(.text)
    CAN1_TX_IRQHandler                       0x08000671   Thumb Code     0  startup_stm32f407xx.o(.text)
    CAN2_RX0_IRQHandler                      0x08000671   Thumb Code     0  startup_stm32f407xx.o(.text)
    CAN2_RX1_IRQHandler                      0x08000671   Thumb Code     0  startup_stm32f407xx.o(.text)
    CAN2_SCE_IRQHandler                      0x08000671   Thumb Code     0  startup_stm32f407xx.o(.text)
    CAN2_TX_IRQHandler                       0x08000671   Thumb Code     0  startup_stm32f407xx.o(.text)
    DCMI_IRQHandler                          0x08000671   Thumb Code     0  startup_stm32f407xx.o(.text)
    DMA1_Stream0_IRQHandler                  0x08000671   Thumb Code     0  startup_stm32f407xx.o(.text)
    DMA1_Stream1_IRQHandler                  0x08000671   Thumb Code     0  startup_stm32f407xx.o(.text)
    DMA1_Stream2_IRQHandler                  0x08000671   Thumb Code     0  startup_stm32f407xx.o(.text)
    DMA1_Stream3_IRQHandler                  0x08000671   Thumb Code     0  startup_stm32f407xx.o(.text)
    DMA1_Stream4_IRQHandler                  0x08000671   Thumb Code     0  startup_stm32f407xx.o(.text)
    DMA1_Stream5_IRQHandler                  0x08000671   Thumb Code     0  startup_stm32f407xx.o(.text)
    DMA1_Stream6_IRQHandler                  0x08000671   Thumb Code     0  startup_stm32f407xx.o(.text)
    DMA1_Stream7_IRQHandler                  0x08000671   Thumb Code     0  startup_stm32f407xx.o(.text)
    DMA2_Stream0_IRQHandler                  0x08000671   Thumb Code     0  startup_stm32f407xx.o(.text)
    DMA2_Stream1_IRQHandler                  0x08000671   Thumb Code     0  startup_stm32f407xx.o(.text)
    DMA2_Stream2_IRQHandler                  0x08000671   Thumb Code     0  startup_stm32f407xx.o(.text)
    DMA2_Stream3_IRQHandler                  0x08000671   Thumb Code     0  startup_stm32f407xx.o(.text)
    DMA2_Stream4_IRQHandler                  0x08000671   Thumb Code     0  startup_stm32f407xx.o(.text)
    DMA2_Stream5_IRQHandler                  0x08000671   Thumb Code     0  startup_stm32f407xx.o(.text)
    DMA2_Stream6_IRQHandler                  0x08000671   Thumb Code     0  startup_stm32f407xx.o(.text)
    DMA2_Stream7_IRQHandler                  0x08000671   Thumb Code     0  startup_stm32f407xx.o(.text)
    ETH_IRQHandler                           0x08000671   Thumb Code     0  startup_stm32f407xx.o(.text)
    ETH_WKUP_IRQHandler                      0x08000671   Thumb Code     0  startup_stm32f407xx.o(.text)
    EXTI0_IRQHandler                         0x08000671   Thumb Code     0  startup_stm32f407xx.o(.text)
    EXTI15_10_IRQHandler                     0x08000671   Thumb Code     0  startup_stm32f407xx.o(.text)
    EXTI1_IRQHandler                         0x08000671   Thumb Code     0  startup_stm32f407xx.o(.text)
    EXTI2_IRQHandler                         0x08000671   Thumb Code     0  startup_stm32f407xx.o(.text)
    EXTI3_IRQHandler                         0x08000671   Thumb Code     0  startup_stm32f407xx.o(.text)
    EXTI4_IRQHandler                         0x08000671   Thumb Code     0  startup_stm32f407xx.o(.text)
    EXTI9_5_IRQHandler                       0x08000671   Thumb Code     0  startup_stm32f407xx.o(.text)
    FLASH_IRQHandler                         0x08000671   Thumb Code     0  startup_stm32f407xx.o(.text)
    FMC_IRQHandler                           0x08000671   Thumb Code     0  startup_stm32f407xx.o(.text)
    FPU_IRQHandler                           0x08000671   Thumb Code     0  startup_stm32f407xx.o(.text)
    HASH_RNG_IRQHandler                      0x08000671   Thumb Code     0  startup_stm32f407xx.o(.text)
    I2C1_ER_IRQHandler                       0x08000671   Thumb Code     0  startup_stm32f407xx.o(.text)
    I2C1_EV_IRQHandler                       0x08000671   Thumb Code     0  startup_stm32f407xx.o(.text)
    I2C2_ER_IRQHandler                       0x08000671   Thumb Code     0  startup_stm32f407xx.o(.text)
    I2C2_EV_IRQHandler                       0x08000671   Thumb Code     0  startup_stm32f407xx.o(.text)
    I2C3_ER_IRQHandler                       0x08000671   Thumb Code     0  startup_stm32f407xx.o(.text)
    I2C3_EV_IRQHandler                       0x08000671   Thumb Code     0  startup_stm32f407xx.o(.text)
    OTG_FS_IRQHandler                        0x08000671   Thumb Code     0  startup_stm32f407xx.o(.text)
    OTG_FS_WKUP_IRQHandler                   0x08000671   Thumb Code     0  startup_stm32f407xx.o(.text)
    OTG_HS_EP1_IN_IRQHandler                 0x08000671   Thumb Code     0  startup_stm32f407xx.o(.text)
    OTG_HS_EP1_OUT_IRQHandler                0x08000671   Thumb Code     0  startup_stm32f407xx.o(.text)
    OTG_HS_IRQHandler                        0x08000671   Thumb Code     0  startup_stm32f407xx.o(.text)
    OTG_HS_WKUP_IRQHandler                   0x08000671   Thumb Code     0  startup_stm32f407xx.o(.text)
    PVD_IRQHandler                           0x08000671   Thumb Code     0  startup_stm32f407xx.o(.text)
    RCC_IRQHandler                           0x08000671   Thumb Code     0  startup_stm32f407xx.o(.text)
    RTC_Alarm_IRQHandler                     0x08000671   Thumb Code     0  startup_stm32f407xx.o(.text)
    RTC_WKUP_IRQHandler                      0x08000671   Thumb Code     0  startup_stm32f407xx.o(.text)
    SDIO_IRQHandler                          0x08000671   Thumb Code     0  startup_stm32f407xx.o(.text)
    SPI1_IRQHandler                          0x08000671   Thumb Code     0  startup_stm32f407xx.o(.text)
    SPI2_IRQHandler                          0x08000671   Thumb Code     0  startup_stm32f407xx.o(.text)
    SPI3_IRQHandler                          0x08000671   Thumb Code     0  startup_stm32f407xx.o(.text)
    TAMP_STAMP_IRQHandler                    0x08000671   Thumb Code     0  startup_stm32f407xx.o(.text)
    TIM1_BRK_TIM9_IRQHandler                 0x08000671   Thumb Code     0  startup_stm32f407xx.o(.text)
    TIM1_CC_IRQHandler                       0x08000671   Thumb Code     0  startup_stm32f407xx.o(.text)
    TIM1_TRG_COM_TIM11_IRQHandler            0x08000671   Thumb Code     0  startup_stm32f407xx.o(.text)
    TIM1_UP_TIM10_IRQHandler                 0x08000671   Thumb Code     0  startup_stm32f407xx.o(.text)
    TIM2_IRQHandler                          0x08000671   Thumb Code     0  startup_stm32f407xx.o(.text)
    TIM3_IRQHandler                          0x08000671   Thumb Code     0  startup_stm32f407xx.o(.text)
    TIM4_IRQHandler                          0x08000671   Thumb Code     0  startup_stm32f407xx.o(.text)
    TIM5_IRQHandler                          0x08000671   Thumb Code     0  startup_stm32f407xx.o(.text)
    TIM6_DAC_IRQHandler                      0x08000671   Thumb Code     0  startup_stm32f407xx.o(.text)
    TIM7_IRQHandler                          0x08000671   Thumb Code     0  startup_stm32f407xx.o(.text)
    TIM8_BRK_TIM12_IRQHandler                0x08000671   Thumb Code     0  startup_stm32f407xx.o(.text)
    TIM8_CC_IRQHandler                       0x08000671   Thumb Code     0  startup_stm32f407xx.o(.text)
    TIM8_TRG_COM_TIM14_IRQHandler            0x08000671   Thumb Code     0  startup_stm32f407xx.o(.text)
    TIM8_UP_TIM13_IRQHandler                 0x08000671   Thumb Code     0  startup_stm32f407xx.o(.text)
    UART4_IRQHandler                         0x08000671   Thumb Code     0  startup_stm32f407xx.o(.text)
    UART5_IRQHandler                         0x08000671   Thumb Code     0  startup_stm32f407xx.o(.text)
    USART1_IRQHandler                        0x08000671   Thumb Code     0  startup_stm32f407xx.o(.text)
    USART2_IRQHandler                        0x08000671   Thumb Code     0  startup_stm32f407xx.o(.text)
    USART3_IRQHandler                        0x08000671   Thumb Code     0  startup_stm32f407xx.o(.text)
    USART6_IRQHandler                        0x08000671   Thumb Code     0  startup_stm32f407xx.o(.text)
    WWDG_IRQHandler                          0x08000671   Thumb Code     0  startup_stm32f407xx.o(.text)
    __user_initial_stackheap                 0x08000675   Thumb Code     0  startup_stm32f407xx.o(.text)
    arm_sub_f32                              0x08000699   Thumb Code   210  arm_sub_f32.o(.text)
    arm_conv_f32                             0x0800076d   Thumb Code  1390  arm_conv_f32.o(.text)
    arm_correlate_f32                        0x08000cdd   Thumb Code  1420  arm_correlate_f32.o(.text)
    arm_mean_f32                             0x08001269   Thumb Code   138  arm_mean_f32.o(.text)
    arm_std_f32                              0x080012f9   Thumb Code   304  arm_std_f32.o(.text)
    __2printf                                0x0800142d   Thumb Code    20  noretval__2printf.o(.text)
    __aeabi_memcpy4                          0x08001445   Thumb Code     0  rt_memcpy_w.o(.text)
    __aeabi_memcpy8                          0x08001445   Thumb Code     0  rt_memcpy_w.o(.text)
    __rt_memcpy_w                            0x08001445   Thumb Code   100  rt_memcpy_w.o(.text)
    _memcpy_lastbytes_aligned                0x0800148d   Thumb Code     0  rt_memcpy_w.o(.text)
    __use_two_region_memory                  0x080014a9   Thumb Code     2  heapauxi.o(.text)
    __rt_heap_escrow                         0x080014ab   Thumb Code     2  heapauxi.o(.text)
    __rt_heap_expand                         0x080014ad   Thumb Code     2  heapauxi.o(.text)
    __read_errno                             0x080014af   Thumb Code    10  _rserrno.o(.text)
    __set_errno                              0x080014b9   Thumb Code    12  _rserrno.o(.text)
    _printf_char_file                        0x080014c5   Thumb Code    32  _printf_char_file.o(.text)
    __aeabi_errno_addr                       0x080014e9   Thumb Code     8  rt_errno_addr_intlibspace.o(.text)
    __errno$intlibspace                      0x080014e9   Thumb Code     0  rt_errno_addr_intlibspace.o(.text)
    __rt_errno_addr$intlibspace              0x080014e9   Thumb Code     0  rt_errno_addr_intlibspace.o(.text)
    _fp_trap                                 0x080014f1   Thumb Code    44  _fptrap.o(.text)
    _printf_char_common                      0x0800152b   Thumb Code    32  _printf_char_common.o(.text)
    ferror                                   0x08001551   Thumb Code     8  ferror.o(.text)
    _initio                                  0x08001559   Thumb Code   210  initio.o(.text)
    _terminateio                             0x0800162b   Thumb Code    56  initio.o(.text)
    _sys_open                                0x08001691   Thumb Code    20  sys_io.o(.text)
    _sys_close                               0x080016a5   Thumb Code    12  sys_io.o(.text)
    _sys_write                               0x080016b1   Thumb Code    16  sys_io.o(.text)
    _sys_read                                0x080016c1   Thumb Code    14  sys_io.o(.text)
    _sys_istty                               0x080016cf   Thumb Code    12  sys_io.o(.text)
    _sys_seek                                0x080016db   Thumb Code    14  sys_io.o(.text)
    _sys_ensure                              0x080016e9   Thumb Code     2  sys_io.o(.text)
    _sys_flen                                0x080016eb   Thumb Code    12  sys_io.o(.text)
    __user_libspace                          0x080016f9   Thumb Code     8  libspace.o(.text)
    __user_perproc_libspace                  0x080016f9   Thumb Code     0  libspace.o(.text)
    __user_perthread_libspace                0x080016f9   Thumb Code     0  libspace.o(.text)
    __user_setup_stackheap                   0x08001701   Thumb Code    74  sys_stackheap_outer.o(.text)
    free                                     0x0800174b   Thumb Code    78  h1_free.o(.text)
    __printf                                 0x08001799   Thumb Code    40  __printf_nopercent.o(.text)
    setvbuf                                  0x080017c1   Thumb Code    70  setvbuf.o(.text)
    freopen                                  0x08001809   Thumb Code   158  fopen.o(.text)
    fopen                                    0x080018a7   Thumb Code    74  fopen.o(.text)
    _fclose_internal                         0x080018f5   Thumb Code    76  fclose.o(.text)
    fclose                                   0x080018f5   Thumb Code     0  fclose.o(.text)
    exit                                     0x08001941   Thumb Code    12  exit.o(.text)
    __rt_SIGFPE                              0x0800194d   Thumb Code    14  defsig_fpe_outer.o(.text)
    __rt_SIGRTRED                            0x0800195b   Thumb Code    14  defsig_rtred_outer.o(.text)
    __aeabi_memclr4                          0x08001969   Thumb Code     0  rt_memclr_w.o(.text)
    __aeabi_memclr8                          0x08001969   Thumb Code     0  rt_memclr_w.o(.text)
    __rt_memclr_w                            0x08001969   Thumb Code    78  rt_memclr_w.o(.text)
    _memset_w                                0x0800196d   Thumb Code     0  rt_memclr_w.o(.text)
    __I$use$semihosting                      0x080019b7   Thumb Code     0  use_no_semi.o(.text)
    __use_no_semihosting_swi                 0x080019b7   Thumb Code     2  use_no_semi.o(.text)
    __rt_heap_descriptor                     0x080019b9   Thumb Code     8  rt_heap_descriptor_intlibspace.o(.text)
    __semihosting_library_function           0x080019b9   Thumb Code     0  indicate_semi.o(.text)
    __use_no_heap                            0x080019c1   Thumb Code     2  hguard.o(.text)
    __heap$guard                             0x080019c3   Thumb Code     2  hguard.o(.text)
    _terminate_user_alloc                    0x080019c5   Thumb Code     2  init_alloc.o(.text)
    _init_user_alloc                         0x080019c7   Thumb Code     2  init_alloc.o(.text)
    __Heap_Full                              0x080019c9   Thumb Code    34  init_alloc.o(.text)
    __Heap_Broken                            0x080019eb   Thumb Code     6  init_alloc.o(.text)
    _init_alloc                              0x080019f1   Thumb Code    94  init_alloc.o(.text)
    malloc                                   0x08001a4f   Thumb Code    94  h1_alloc.o(.text)
    _fseek                                   0x08001aad   Thumb Code   242  fseek.o(.text)
    fseek                                    0x08001aad   Thumb Code     0  fseek.o(.text)
    _seterr                                  0x08001ba5   Thumb Code    20  stdio.o(.text)
    _writebuf                                0x08001bb9   Thumb Code    84  stdio.o(.text)
    _fflush                                  0x08001c0d   Thumb Code    70  stdio.o(.text)
    _deferredlazyseek                        0x08001c53   Thumb Code    60  stdio.o(.text)
    __sig_exit                               0x08001c95   Thumb Code    10  defsig_exit.o(.text)
    __rt_SIGFPE_inner                        0x08001ca1   Thumb Code    62  defsig_fpe_inner.o(.text)
    __rt_SIGRTRED_inner                      0x08001d4d   Thumb Code    14  defsig_rtred_inner.o(.text)
    strlen                                   0x08001d81   Thumb Code    62  strlen.o(.text)
    _sys_exit                                0x08001dc1   Thumb Code     8  sys_exit.o(.text)
    __Heap_Initialize                        0x08001dcd   Thumb Code    10  h1_init.o(.text)
    __Heap_DescSize                          0x08001dd7   Thumb Code     4  h1_init.o(.text)
    __Heap_ProvideMemory                     0x08001ddb   Thumb Code    52  h1_extend.o(.text)
    _ftell_internal                          0x08001e0f   Thumb Code    66  ftell.o(.text)
    ftell                                    0x08001e0f   Thumb Code     0  ftell.o(.text)
    __default_signal_display                 0x08001e51   Thumb Code    50  defsig_general.o(.text)
    __rt_SIGRTMEM                            0x08001e83   Thumb Code    14  defsig_rtmem_outer.o(.text)
    _ttywrch                                 0x08001e91   Thumb Code    14  sys_wrch.o(.text)
    __rt_SIGRTMEM_inner                      0x08001ea1   Thumb Code    22  defsig_rtmem_inner.o(.text)
    __hardfp_sqrt                            0x08001ef1   Thumb Code   122  sqrt_full.o(i.__hardfp_sqrt)
    Kalmanfilter_asm                         0x08001f6d   Thumb Code     0  kalmanfilter_asm.o(text)
    __aeabi_d2f                              0x08001fed   Thumb Code     0  d2f_clz.o(x$fpl$d2f)
    _d2f                                     0x08001fed   Thumb Code   700  d2f_clz.o(x$fpl$d2f)
    __dflt_normalise                         0x080022b1   Thumb Code    26  dflt_clz.o(x$fpl$dfltn)
    __fpl_dnaninf                            0x080022cb   Thumb Code   258  dnaninf.o(x$fpl$dnaninf)
    __fpl_drenorm2                           0x080023cd   Thumb Code   106  drenorm_clz.o(x$fpl$drenorm)
    __fpl_drenorm1                           0x08002437   Thumb Code     6  drenorm_clz.o(x$fpl$drenorm)
    __fpl_dretinf                            0x0800243d   Thumb Code    12  dretinf.o(x$fpl$dretinf)
    _dsqrt                                   0x08002449   Thumb Code   520  dsqrt_umaalclz.o(x$fpl$dsqrt)
    __dunder                                 0x08002651   Thumb Code   314  dunder_clz.o(x$fpl$dunder)
    __dunder_d                               0x0800278b   Thumb Code    64  dunder_clz.o(x$fpl$dunder)
    __fpl_exception                          0x080027cd   Thumb Code   454  except.o(x$fpl$exception)
    __aeabi_f2d                              0x080029b9   Thumb Code     0  f2d.o(x$fpl$f2d)
    _f2d                                     0x080029b9   Thumb Code   122  f2d.o(x$fpl$f2d)
    __fpl_fnaninf                            0x08002a33   Thumb Code   242  fnaninf.o(x$fpl$fnaninf)
    _fp_init                                 0x08002b25   Thumb Code    10  fpinit.o(x$fpl$fpinit)
    __fplib_config_fpu_vfp                   0x08002b2d   Thumb Code     0  fpinit.o(x$fpl$fpinit)
    __fplib_config_pureend_doubles           0x08002b2d   Thumb Code     0  fpinit.o(x$fpl$fpinit)
    __fpl_fretinf                            0x08002b2f   Thumb Code    10  fretinf.o(x$fpl$fretinf)
    __funder                                 0x08002b39   Thumb Code   254  funder_clz.o(x$fpl$funder)
    __funder_d                               0x08002c37   Thumb Code    62  funder_clz.o(x$fpl$funder)
    __fpl_return_NaN                         0x08002c75   Thumb Code   178  retnan.o(x$fpl$retnan)
    _fp_trapveneer                           0x08002d27   Thumb Code    36  trapv.o(x$fpl$trapveneer)
    __fpl_cmpreturn                          0x08002d4b   Thumb Code    90  trapv.o(x$fpl$trapveneer)
    __I$use$fp                               0x08002da4   Number         0  usenofp.o(x$fpl$usenofp)
    measurements                             0x08002da4   Data         404  main.o(.constdata)
    __stdin_name                             0x08002f60   Data           4  sys_io.o(.constdata)
    __stdout_name                            0x08002f64   Data           4  sys_io.o(.constdata)
    __stderr_name                            0x08002f68   Data           4  sys_io.o(.constdata)
    Region$$Table$$Base                      0x08002f6c   Number         0  anon$$obj.o(Region$$Table)
    Region$$Table$$Limit                     0x08002f8c   Number         0  anon$$obj.o(Region$$Table)
    __aeabi_stdin                            0x20000000   Data           4  stdio_streams.o(.data)
    __aeabi_stdout                           0x20000004   Data           4  stdio_streams.o(.data)
    __aeabi_stderr                           0x20000008   Data           4  stdio_streams.o(.data)
    __stdin                                  0x2000000c   Data          84  stdio_streams.o(.bss)
    __stdout                                 0x20000060   Data          84  stdio_streams.o(.bss)
    __stderr                                 0x200000b4   Data          84  stdio_streams.o(.bss)
    __libspace_start                         0x20000108   Data          96  libspace.o(.bss)
    __temporary_stack_top$libspace           0x20000168   Data           0  libspace.o(.bss)



==============================================================================

Memory Map of the image

  Image Entry point : 0x08000189

  Load Region LR_IROM1 (Base: 0x08000000, Size: 0x00002f98, Max: 0x00100000, ABSOLUTE)

    Execution Region ER_IROM1 (Base: 0x08000000, Size: 0x00002f8c, Max: 0x00100000, ABSOLUTE)

    Base Addr    Size         Type   Attr      Idx    E Section Name        Object

    0x08000000   0x00000188   Data   RO          114    RESET               startup_stm32f407xx.o
    0x08000188   0x00000008   Code   RO          315  * !!!main             c_w.l(__main.o)
    0x08000190   0x00000034   Code   RO          689    !!!scatter          c_w.l(__scatter.o)
    0x080001c4   0x0000001a   Code   RO          691    !!handler_copy      c_w.l(__scatter_copy.o)
    0x080001de   0x00000002   PAD
    0x080001e0   0x0000001c   Code   RO          693    !!handler_zi        c_w.l(__scatter_zi.o)
    0x080001fc   0x00000002   Code   RO          507    .ARM.Collect$$libinit$$00000000  c_w.l(libinit.o)
    0x080001fe   0x00000004   Code   RO          508    .ARM.Collect$$libinit$$00000001  c_w.l(libinit2.o)
    0x08000202   0x00000000   Code   RO          511    .ARM.Collect$$libinit$$00000004  c_w.l(libinit2.o)
    0x08000202   0x00000008   Code   RO          512    .ARM.Collect$$libinit$$00000005  c_w.l(libinit2.o)
    0x0800020a   0x00000000   Code   RO          514    .ARM.Collect$$libinit$$0000000A  c_w.l(libinit2.o)
    0x0800020a   0x00000000   Code   RO          516    .ARM.Collect$$libinit$$0000000C  c_w.l(libinit2.o)
    0x0800020a   0x00000000   Code   RO          518    .ARM.Collect$$libinit$$0000000E  c_w.l(libinit2.o)
    0x0800020a   0x00000000   Code   RO          521    .ARM.Collect$$libinit$$00000011  c_w.l(libinit2.o)
    0x0800020a   0x00000000   Code   RO          523    .ARM.Collect$$libinit$$00000013  c_w.l(libinit2.o)
    0x0800020a   0x00000000   Code   RO          525    .ARM.Collect$$libinit$$00000015  c_w.l(libinit2.o)
    0x0800020a   0x00000000   Code   RO          527    .ARM.Collect$$libinit$$00000017  c_w.l(libinit2.o)
    0x0800020a   0x00000000   Code   RO          529    .ARM.Collect$$libinit$$00000019  c_w.l(libinit2.o)
    0x0800020a   0x00000000   Code   RO          531    .ARM.Collect$$libinit$$0000001B  c_w.l(libinit2.o)
    0x0800020a   0x00000000   Code   RO          533    .ARM.Collect$$libinit$$0000001D  c_w.l(libinit2.o)
    0x0800020a   0x00000000   Code   RO          535    .ARM.Collect$$libinit$$0000001F  c_w.l(libinit2.o)
    0x0800020a   0x00000000   Code   RO          537    .ARM.Collect$$libinit$$00000021  c_w.l(libinit2.o)
    0x0800020a   0x00000000   Code   RO          539    .ARM.Collect$$libinit$$00000023  c_w.l(libinit2.o)
    0x0800020a   0x00000004   Code   RO          540    .ARM.Collect$$libinit$$00000024  c_w.l(libinit2.o)
    0x0800020e   0x00000000   Code   RO          541    .ARM.Collect$$libinit$$00000025  c_w.l(libinit2.o)
    0x0800020e   0x00000000   Code   RO          545    .ARM.Collect$$libinit$$0000002C  c_w.l(libinit2.o)
    0x0800020e   0x00000000   Code   RO          547    .ARM.Collect$$libinit$$0000002E  c_w.l(libinit2.o)
    0x0800020e   0x00000000   Code   RO          549    .ARM.Collect$$libinit$$00000030  c_w.l(libinit2.o)
    0x0800020e   0x00000000   Code   RO          551    .ARM.Collect$$libinit$$00000032  c_w.l(libinit2.o)
    0x0800020e   0x00000002   Code   RO          552    .ARM.Collect$$libinit$$00000033  c_w.l(libinit2.o)
    0x08000210   0x00000002   Code   RO          670    .ARM.Collect$$libshutdown$$00000000  c_w.l(libshutdown.o)
    0x08000212   0x00000004   Code   RO          554    .ARM.Collect$$libshutdown$$00000002  c_w.l(libshutdown2.o)
    0x08000216   0x00000000   Code   RO          555    .ARM.Collect$$libshutdown$$00000003  c_w.l(libshutdown2.o)
    0x08000216   0x00000000   Code   RO          558    .ARM.Collect$$libshutdown$$00000006  c_w.l(libshutdown2.o)
    0x08000216   0x00000000   Code   RO          561    .ARM.Collect$$libshutdown$$00000009  c_w.l(libshutdown2.o)
    0x08000216   0x00000000   Code   RO          563    .ARM.Collect$$libshutdown$$0000000B  c_w.l(libshutdown2.o)
    0x08000216   0x00000000   Code   RO          566    .ARM.Collect$$libshutdown$$0000000E  c_w.l(libshutdown2.o)
    0x08000216   0x00000002   Code   RO          567    .ARM.Collect$$libshutdown$$0000000F  c_w.l(libshutdown2.o)
    0x08000218   0x00000000   Code   RO          333    .ARM.Collect$$rtentry$$00000000  c_w.l(__rtentry.o)
    0x08000218   0x00000000   Code   RO          370    .ARM.Collect$$rtentry$$00000002  c_w.l(__rtentry2.o)
    0x08000218   0x00000006   Code   RO          382    .ARM.Collect$$rtentry$$00000004  c_w.l(__rtentry4.o)
    0x0800021e   0x00000000   Code   RO          372    .ARM.Collect$$rtentry$$00000009  c_w.l(__rtentry2.o)
    0x0800021e   0x00000004   Code   RO          373    .ARM.Collect$$rtentry$$0000000A  c_w.l(__rtentry2.o)
    0x08000222   0x00000000   Code   RO          375    .ARM.Collect$$rtentry$$0000000C  c_w.l(__rtentry2.o)
    0x08000222   0x00000008   Code   RO          376    .ARM.Collect$$rtentry$$0000000D  c_w.l(__rtentry2.o)
    0x0800022a   0x00000002   Code   RO          571    .ARM.Collect$$rtexit$$00000000  c_w.l(rtexit.o)
    0x0800022c   0x00000000   Code   RO          621    .ARM.Collect$$rtexit$$00000002  c_w.l(rtexit2.o)
    0x0800022c   0x00000004   Code   RO          622    .ARM.Collect$$rtexit$$00000003  c_w.l(rtexit2.o)
    0x08000230   0x00000006   Code   RO          623    .ARM.Collect$$rtexit$$00000004  c_w.l(rtexit2.o)
    0x08000236   0x00000002   PAD
    0x08000238   0x00000000   Code   RO          627    .emb_text           c_w.l(maybetermalloc1.o)
    0x08000238   0x000003d4   Code   RO            4    .text               main.o
    0x0800060c   0x00000038   Code   RO           70    .text               fput_debug.o
    0x08000644   0x00000054   Code   RO          115    .text               startup_stm32f407xx.o
    0x08000698   0x000000d2   Code   RO          157    .text               arm_cortexM4lf_math.lib(arm_sub_f32.o)
    0x0800076a   0x00000002   PAD
    0x0800076c   0x0000056e   Code   RO          209    .text               arm_cortexM4lf_math.lib(arm_conv_f32.o)
    0x08000cda   0x00000002   PAD
    0x08000cdc   0x0000058c   Code   RO          233    .text               arm_cortexM4lf_math.lib(arm_correlate_f32.o)
    0x08001268   0x00000090   Code   RO          257    .text               arm_cortexM4lf_math.lib(arm_mean_f32.o)
    0x080012f8   0x00000134   Code   RO          281    .text               arm_cortexM4lf_math.lib(arm_std_f32.o)
    0x0800142c   0x00000018   Code   RO          309    .text               c_w.l(noretval__2printf.o)
    0x08001444   0x00000064   Code   RO          311    .text               c_w.l(rt_memcpy_w.o)
    0x080014a8   0x00000006   Code   RO          313    .text               c_w.l(heapauxi.o)
    0x080014ae   0x00000016   Code   RO          334    .text               c_w.l(_rserrno.o)
    0x080014c4   0x00000024   Code   RO          336    .text               c_w.l(_printf_char_file.o)
    0x080014e8   0x00000008   Code   RO          387    .text               c_w.l(rt_errno_addr_intlibspace.o)
    0x080014f0   0x00000030   Code   RO          389    .text               c_w.l(_fptrap.o)
    0x08001520   0x00000030   Code   RO          391    .text               c_w.l(_printf_char_common.o)
    0x08001550   0x00000008   Code   RO          393    .text               c_w.l(ferror.o)
    0x08001558   0x00000138   Code   RO          395    .text               c_w.l(initio.o)
    0x08001690   0x00000066   Code   RO          409    .text               c_w.l(sys_io.o)
    0x080016f6   0x00000002   PAD
    0x080016f8   0x00000008   Code   RO          414    .text               c_w.l(libspace.o)
    0x08001700   0x0000004a   Code   RO          419    .text               c_w.l(sys_stackheap_outer.o)
    0x0800174a   0x0000004e   Code   RO          423    .text               c_w.l(h1_free.o)
    0x08001798   0x00000028   Code   RO          477    .text               c_w.l(__printf_nopercent.o)
    0x080017c0   0x00000046   Code   RO          479    .text               c_w.l(setvbuf.o)
    0x08001806   0x00000002   PAD
    0x08001808   0x000000ec   Code   RO          482    .text               c_w.l(fopen.o)
    0x080018f4   0x0000004c   Code   RO          484    .text               c_w.l(fclose.o)
    0x08001940   0x0000000c   Code   RO          490    .text               c_w.l(exit.o)
    0x0800194c   0x0000000e   Code   RO          492    .text               c_w.l(defsig_fpe_outer.o)
    0x0800195a   0x0000000e   Code   RO          496    .text               c_w.l(defsig_rtred_outer.o)
    0x08001968   0x0000004e   Code   RO          500    .text               c_w.l(rt_memclr_w.o)
    0x080019b6   0x00000002   Code   RO          568    .text               c_w.l(use_no_semi.o)
    0x080019b8   0x00000000   Code   RO          570    .text               c_w.l(indicate_semi.o)
    0x080019b8   0x00000008   Code   RO          578    .text               c_w.l(rt_heap_descriptor_intlibspace.o)
    0x080019c0   0x00000004   Code   RO          580    .text               c_w.l(hguard.o)
    0x080019c4   0x0000008a   Code   RO          582    .text               c_w.l(init_alloc.o)
    0x08001a4e   0x0000005e   Code   RO          588    .text               c_w.l(h1_alloc.o)
    0x08001aac   0x000000f8   Code   RO          602    .text               c_w.l(fseek.o)
    0x08001ba4   0x000000f0   Code   RO          604    .text               c_w.l(stdio.o)
    0x08001c94   0x0000000a   Code   RO          606    .text               c_w.l(defsig_exit.o)
    0x08001c9e   0x00000002   PAD
    0x08001ca0   0x000000ac   Code   RO          608    .text               c_w.l(defsig_fpe_inner.o)
    0x08001d4c   0x00000034   Code   RO          610    .text               c_w.l(defsig_rtred_inner.o)
    0x08001d80   0x0000003e   Code   RO          612    .text               c_w.l(strlen.o)
    0x08001dbe   0x00000002   PAD
    0x08001dc0   0x0000000c   Code   RO          618    .text               c_w.l(sys_exit.o)
    0x08001dcc   0x0000000e   Code   RO          629    .text               c_w.l(h1_init.o)
    0x08001dda   0x00000034   Code   RO          631    .text               c_w.l(h1_extend.o)
    0x08001e0e   0x00000042   Code   RO          637    .text               c_w.l(ftell.o)
    0x08001e50   0x00000032   Code   RO          641    .text               c_w.l(defsig_general.o)
    0x08001e82   0x0000000e   Code   RO          643    .text               c_w.l(defsig_rtmem_outer.o)
    0x08001e90   0x0000000e   Code   RO          656    .text               c_w.l(sys_wrch.o)
    0x08001e9e   0x00000002   PAD
    0x08001ea0   0x00000050   Code   RO          664    .text               c_w.l(defsig_rtmem_inner.o)
    0x08001ef0   0x0000007a   Code   RO          321    i.__hardfp_sqrt     m_wm.l(sqrt_full.o)
    0x08001f6a   0x00000002   PAD
    0x08001f6c   0x0000007e   Code   RO          105    text                kalmanfilter_asm.o
    0x08001fea   0x00000002   PAD
    0x08001fec   0x000002c4   Code   RO          317    x$fpl$d2f           g_wm.l(d2f_clz.o)
    0x080022b0   0x0000001a   Code   RO          346    x$fpl$dfltn         g_wm.l(dflt_clz.o)
    0x080022ca   0x00000102   Code   RO          352    x$fpl$dnaninf       g_wm.l(dnaninf.o)
    0x080023cc   0x00000070   Code   RO          403    x$fpl$drenorm       g_wm.l(drenorm_clz.o)
    0x0800243c   0x0000000c   Code   RO          354    x$fpl$dretinf       g_wm.l(dretinf.o)
    0x08002448   0x00000208   Code   RO          356    x$fpl$dsqrt         g_wm.l(dsqrt_umaalclz.o)
    0x08002650   0x0000017a   Code   RO          405    x$fpl$dunder        g_wm.l(dunder_clz.o)
    0x080027ca   0x00000002   PAD
    0x080027cc   0x000001ec   Code   RO          358    x$fpl$exception     g_wm.l(except.o)
    0x080029b8   0x0000007a   Code   RO          319    x$fpl$f2d           g_wm.l(f2d.o)
    0x08002a32   0x000000f2   Code   RO          360    x$fpl$fnaninf       g_wm.l(fnaninf.o)
    0x08002b24   0x0000000a   Code   RO          616    x$fpl$fpinit        g_wm.l(fpinit.o)
    0x08002b2e   0x0000000a   Code   RO          362    x$fpl$fretinf       g_wm.l(fretinf.o)
    0x08002b38   0x0000013c   Code   RO          364    x$fpl$funder        g_wm.l(funder_clz.o)
    0x08002c74   0x000000b2   Code   RO          407    x$fpl$retnan        g_wm.l(retnan.o)
    0x08002d26   0x0000007e   Code   RO          366    x$fpl$trapveneer    g_wm.l(trapv.o)
    0x08002da4   0x00000000   Code   RO          368    x$fpl$usenofp       g_wm.l(usenofp.o)
    0x08002da4   0x000001bc   Data   RO            5    .constdata          main.o
    0x08002f60   0x00000004   Data   RO          410    .constdata          c_w.l(sys_io.o)
    0x08002f64   0x00000004   Data   RO          411    .constdata          c_w.l(sys_io.o)
    0x08002f68   0x00000004   Data   RO          412    .constdata          c_w.l(sys_io.o)
    0x08002f6c   0x00000020   Data   RO          687    Region$$Table       anon$$obj.o


    Execution Region RW_IRAM1 (Base: 0x20000000, Size: 0x00000768, Max: 0x00020000, ABSOLUTE)

    Base Addr    Size         Type   Attr      Idx    E Section Name        Object

    0x20000000   0x00000004   Data   RW          341    .data               c_w.l(stdio_streams.o)
    0x20000004   0x00000004   Data   RW          342    .data               c_w.l(stdio_streams.o)
    0x20000008   0x00000004   Data   RW          343    .data               c_w.l(stdio_streams.o)
    0x2000000c   0x00000054   Zero   RW          338    .bss                c_w.l(stdio_streams.o)
    0x20000060   0x00000054   Zero   RW          339    .bss                c_w.l(stdio_streams.o)
    0x200000b4   0x00000054   Zero   RW          340    .bss                c_w.l(stdio_streams.o)
    0x20000108   0x00000060   Zero   RW          415    .bss                c_w.l(libspace.o)
    0x20000168   0x00000200   Zero   RW          113    HEAP                startup_stm32f407xx.o
    0x20000368   0x00000400   Zero   RW          112    STACK               startup_stm32f407xx.o


==============================================================================

Image component sizes


      Code (inc. data)   RO Data    RW Data    ZI Data      Debug   Object Name

        56          4          0          0          0     272083   fput_debug.o
       126          0          0          0          0        300   kalmanfilter_asm.o
       980         20        444          0          0      10658   main.o
        84         28        392          0       1536        896   startup_stm32f407xx.o

    ----------------------------------------------------------------------
      1248         52        868          0       1536     283937   Object Totals
         0          0         32          0          0          0   (incl. Generated)
         2          0          0          0          0          0   (incl. Padding)

    ----------------------------------------------------------------------

      Code (inc. data)   RO Data    RW Data    ZI Data      Debug   Library Member Name

      1390          6          0          0          0       3611   arm_conv_f32.o
      1420          6          0          0          0       3784   arm_correlate_f32.o
       144          6          0          0          0        915   arm_mean_f32.o
       308          4          0          0          0      14718   arm_std_f32.o
       210          0          0          0          0      17414   arm_sub_f32.o
         8          0          0          0          0         68   __main.o
        40          0          0          0          0         84   __printf_nopercent.o
         0          0          0          0          0          0   __rtentry.o
        12          0          0          0          0          0   __rtentry2.o
         6          0          0          0          0          0   __rtentry4.o
        52          8          0          0          0          0   __scatter.o
        26          0          0          0          0          0   __scatter_copy.o
        28          0          0          0          0          0   __scatter_zi.o
        48          4          0          0          0         84   _fptrap.o
        48          6          0          0          0         96   _printf_char_common.o
        36          4          0          0          0         80   _printf_char_file.o
        22          0          0          0          0        100   _rserrno.o
        10          0          0          0          0         68   defsig_exit.o
       172        110          0          0          0         76   defsig_fpe_inner.o
        14          0          0          0          0         80   defsig_fpe_outer.o
        50          0          0          0          0         88   defsig_general.o
        80         58          0          0          0         76   defsig_rtmem_inner.o
        14          0          0          0          0         80   defsig_rtmem_outer.o
        52         38          0          0          0         76   defsig_rtred_inner.o
        14          0          0          0          0         80   defsig_rtred_outer.o
        12          0          0          0          0         72   exit.o
        76          0          0          0          0         88   fclose.o
         8          0          0          0          0         68   ferror.o
       236          4          0          0          0        128   fopen.o
       248          6          0          0          0         84   fseek.o
        66          0          0          0          0         76   ftell.o
        94          0          0          0          0         80   h1_alloc.o
        52          0          0          0          0         68   h1_extend.o
        78          0          0          0          0         80   h1_free.o
        14          0          0          0          0         84   h1_init.o
         6          0          0          0          0        152   heapauxi.o
         4          0          0          0          0        136   hguard.o
         0          0          0          0          0          0   indicate_semi.o
       138          0          0          0          0        168   init_alloc.o
       312         46          0          0          0        112   initio.o
         2          0          0          0          0          0   libinit.o
        18          0          0          0          0          0   libinit2.o
         2          0          0          0          0          0   libshutdown.o
         6          0          0          0          0          0   libshutdown2.o
         8          4          0          0         96         68   libspace.o
         0          0          0          0          0          0   maybetermalloc1.o
        24          4          0          0          0         84   noretval__2printf.o
         8          4          0          0          0         68   rt_errno_addr_intlibspace.o
         8          4          0          0          0         68   rt_heap_descriptor_intlibspace.o
        78          0          0          0          0         80   rt_memclr_w.o
       100          0          0          0          0         80   rt_memcpy_w.o
         2          0          0          0          0          0   rtexit.o
        10          0          0          0          0          0   rtexit2.o
        70          0          0          0          0         80   setvbuf.o
       240          6          0          0          0        156   stdio.o
         0          0          0         12        252          0   stdio_streams.o
        62          0          0          0          0         76   strlen.o
        12          4          0          0          0         68   sys_exit.o
       102          0         12          0          0        240   sys_io.o
        74          0          0          0          0         80   sys_stackheap_outer.o
        14          0          0          0          0         76   sys_wrch.o
         2          0          0          0          0         68   use_no_semi.o
       708         16          0          0          0        140   d2f_clz.o
        26          0          0          0          0        116   dflt_clz.o
       258          4          0          0          0        156   dnaninf.o
       112          0          0          0          0        160   drenorm_clz.o
        12          0          0          0          0        116   dretinf.o
       520         56          0          0          0        180   dsqrt_umaalclz.o
       378          0          0          0          0        168   dunder_clz.o
       492         36          0          0          0        148   except.o
       122          8          0          0          0        132   f2d.o
       242          4          0          0          0        144   fnaninf.o
        10          0          0          0          0        116   fpinit.o
        10          0          0          0          0        116   fretinf.o
       316          0          0          0          0        132   funder_clz.o
       178          0          0          0          0        116   retnan.o
       126          0          0          0          0        148   trapv.o
         0          0          0          0          0          0   usenofp.o
       122          0          0          0          0        148   sqrt_full.o

    ----------------------------------------------------------------------
     10044        456         12         12        348      46502   Library Totals
        22          0          0          0          0          0   (incl. Padding)

    ----------------------------------------------------------------------

      Code (inc. data)   RO Data    RW Data    ZI Data      Debug   Library Name

      3472         22          0          0          0      40442   arm_cortexM4lf_math.lib
      2918        310         12         12        348       3824   c_w.l
      3510        124          0          0          0       2088   g_wm.l
       122          0          0          0          0        148   m_wm.l

    ----------------------------------------------------------------------
     10044        456         12         12        348      46502   Library Totals

    ----------------------------------------------------------------------

==============================================================================


      Code (inc. data)   RO Data    RW Data    ZI Data      Debug   

     11292        508        880         12       1884     326711   Grand Totals
     11292        508        880         12       1884     326711   ELF Image Totals
     11292        508        880         12          0          0   ROM Totals

==============================================================================

    Total RO  Size (Code + RO Data)                12172 (  11.89kB)
    Total RW  Size (RW Data + ZI Data)              1896 (   1.85kB)
    Total ROM Size (Code + RO Data + RW Data)      12184 (  11.90kB)

==============================================================================

