Component: ARM Compiler 5.05 update 2 (build 169) Tool: armlink [4d0f33]

==============================================================================

Section Cross References

    main.o(.text) refers to stm32f4xx_hal_rcc.o(.text) for HAL_RCC_OscConfig
    main.o(.text) refers to rt_cmsis.o(i.osKernelInitialize) for osKernelInitialize
    main.o(.text) refers to stm32f4xx_hal.o(.text) for HAL_Init
    main.o(.text) refers to accelerometer.o(.text) for Accelerometer_Init
    main.o(.text) refers to temperature.o(.text) for Temperature_Init
    main.o(.text) refers to seven_segment.o(.text) for SevenSegment_Init
    main.o(.text) refers to hardware_timer.o(.text) for HardwareTimer3_Init
    main.o(.text) refers to keypad.o(.text) for Keypad_Init
    main.o(.text) refers to rt_cmsis.o(i.osKernelStart) for osKernelStart
    supporting_functions.o(.text) refers to printf1.o(i.__0printf$1) for __2printf
    seven_segment.o(.text) refers to stm32f4xx_hal_gpio.o(.text) for HAL_GPIO_Init
    seven_segment.o(.text) refers to rt_cmsis.o(i.osMutexWait) for osMutexWait
    seven_segment.o(.text) refers to rt_cmsis.o(i.osMutexRelease) for osMutexRelease
    seven_segment.o(.text) refers to seven_segment.o(.data) for segment_mutex
    seven_segment.o(.text) refers to rt_cmsis.o(i.osThreadCreate) for osThreadCreate
    seven_segment.o(.text) refers to rt_cmsis.o(i.osMutexCreate) for osMutexCreate
    seven_segment.o(.text) refers to rt_cmsis.o(i.osSignalWait) for osSignalWait
    seven_segment.o(.text) refers to seven_segment.o(.constdata) for os_thread_def_Thread_SEGMENT
    seven_segment.o(.constdata) refers to seven_segment.o(.text) for Thread_SEGMENT
    seven_segment.o(.constdata) refers to seven_segment.o(.bss) for os_mutex_cb_segment_mutex
    hardware_timer.o(.text) refers to stm32f4xx_hal_tim.o(.text) for HAL_TIM_Base_Init
    hardware_timer.o(.text) refers to stm32f4xx_hal_cortex.o(.text) for HAL_NVIC_SetPriority
    hardware_timer.o(.text) refers to rt_cmsis.o(i.osSignalSet) for osSignalSet
    hardware_timer.o(.text) refers to hardware_timer.o(.bss) for timmy3
    hardware_timer.o(.text) refers to seven_segment.o(.data) for tid_Thread_SEGMENT
    hardware_timer.o(.text) refers to temperature.o(.data) for tid_Thread_TEMPERATURE
    accelerometer.o(.text) refers to lis3dsh.o(.text) for LIS3DSH_Init
    accelerometer.o(.text) refers to stm32f4xx_hal_cortex.o(.text) for HAL_NVIC_SetPriority
    accelerometer.o(.text) refers to memcpya.o(.text) for __aeabi_memcpy4
    accelerometer.o(.text) refers to sqrtf.o(i.__hardfp_sqrtf) for __hardfp_sqrtf
    accelerometer.o(.text) refers to atan2f.o(i.__hardfp_atan2f) for __hardfp_atan2f
    accelerometer.o(.text) refers to rt_cmsis.o(i.osSignalSet) for osSignalSet
    accelerometer.o(.text) refers to rt_cmsis.o(i.osMutexWait) for osMutexWait
    accelerometer.o(.text) refers to rt_cmsis.o(i.osMutexRelease) for osMutexRelease
    accelerometer.o(.text) refers to rt_cmsis.o(i.osThreadCreate) for osThreadCreate
    accelerometer.o(.text) refers to rt_cmsis.o(i.osMutexCreate) for osMutexCreate
    accelerometer.o(.text) refers to rt_cmsis.o(i.osSignalWait) for osSignalWait
    accelerometer.o(.text) refers to kalmanfilter_asm.o(text) for Kalmanfilter_asm
    accelerometer.o(.text) refers to seven_segment.o(.text) for SevenSegment_SetDisplayValue_Angle
    accelerometer.o(.text) refers to accelerometer.o(.constdata) for .constdata
    accelerometer.o(.text) refers to accelerometer.o(.data) for tid_Thread_ACCELEROMETER
    accelerometer.o(.constdata) refers to accelerometer.o(.text) for Thread_ACCELEROMETER
    accelerometer.o(.constdata) refers to accelerometer.o(.bss) for os_mutex_cb_accel_mutex
    exti_handler_cb.o(.text) refers to rt_cmsis.o(i.osSignalSet) for osSignalSet
    exti_handler_cb.o(.text) refers to keypad.o(.text) for Keypad_KeyPressedCallback
    exti_handler_cb.o(.text) refers to accelerometer.o(.data) for tid_Thread_ACCELEROMETER
    keypad.o(.text) refers to stm32f4xx_hal_gpio.o(.text) for HAL_GPIO_Init
    keypad.o(.text) refers to stm32f4xx_hal_cortex.o(.text) for HAL_NVIC_SetPriority
    keypad.o(.text) refers to rt_cmsis.o(i.osSignalSet) for osSignalSet
    keypad.o(.text) refers to rt_cmsis.o(i.osThreadCreate) for osThreadCreate
    keypad.o(.text) refers to rt_cmsis.o(i.osSignalWait) for osSignalWait
    keypad.o(.text) refers to printf1.o(i.__0printf$1) for __2printf
    keypad.o(.text) refers to keypad.o(.constdata) for values
    keypad.o(.text) refers to keypad.o(.data) for col_pins
    keypad.o(.text) refers to accelerometer.o(.text) for Accelerometer_SetAngleMode
    keypad.o(.text) refers to seven_segment.o(.text) for SevenSegment_ToggleDisplayMode
    keypad.o(.constdata) refers to keypad.o(.text) for Thread_KEYPAD
    stm32f4xx_it.o(.text) refers to stm32f4xx_hal_gpio.o(.text) for HAL_GPIO_EXTI_IRQHandler
    stm32f4xx_it.o(.text) refers to stm32f4xx_hal_tim.o(.text) for HAL_TIM_IRQHandler
[...]
    .data                                    0x20000088   Section       32  rtx_conf_cm.o(.data)
    .data                                    0x200000a8   Section        4  stm32f4xx_hal.o(.data)
    uwTick                                   0x200000a8   Data           4  stm32f4xx_hal.o(.data)
    .data                                    0x200000ac   Section        4  system_stm32f4xx_1.o(.data)
    .data                                    0x200000b0   Section        8  rt_cmsis.o(.data)
    .data                                    0x200000b8   Section        8  rt_task.o(.data)
    .data                                    0x200000c0   Section        8  rt_system.o(.data)
    os_lock                                  0x200000c0   Data           1  rt_system.o(.data)
    os_psh_flag                              0x200000c1   Data           1  rt_system.o(.data)
    pend_flags                               0x200000c2   Data           1  rt_system.o(.data)
    .data                                    0x200000c8   Section        4  rt_time.o(.data)
    .data                                    0x200000cc   Section        1  hal_cm.o(.data)
    .data                                    0x200000d0   Section        8  rt_robin.o(.data)
    .data                                    0x200000d8   Section        4  stdout.o(.data)
    .data                                    0x200000dc   Section        4  errno.o(.data)
    _errno                                   0x200000dc   Data           4  errno.o(.data)
    .bss                                     0x200000e0   Section       16  seven_segment.o(.bss)
    .bss                                     0x200000f0   Section      120  hardware_timer.o(.bss)
    .bss                                     0x20000168   Section       16  accelerometer.o(.bss)
    .bss                                     0x20000178   Section       68  temperature.o(.bss)
    .bss                                     0x200001bc   Section       88  lis3dsh.o(.bss)
    .bss                                     0x20000218   Section     6640  rtx_conf_cm.o(.bss)
    .bss                                     0x20001c08   Section       52  rt_task.o(.bss)
    .bss                                     0x20001c3c   Section       48  rt_list.o(.bss)
    STACK                                    0x20001c70   Section     1024  startup_stm32f407xx.o(STACK)

    Global Symbols

    Symbol Name                              Value     Ov Type        Size  Object(Section)

    BuildAttributes$$THM_ISAv4$E$P$D$K$B$S$7EM$VFPi3$EXTD16$VFPS$VFMA$PE$A:L22UL41UL21$X:L11$S22US41US21$IEEE1$IW$USESV6$~STKCKD$USESV7$~SHL$OTIME$ROPI$IEEEX$EBA8$MICROLIB$REQ8$EABIv2 0x00000000   Number         0  anon$$obj.o ABSOLUTE
    __ARM_use_no_argv                        0x00000000   Number         0  main.o ABSOLUTE
    _printf_a                                0x00000000   Number         0  stubs.o ABSOLUTE
    _printf_c                                0x00000000   Number         0  stubs.o ABSOLUTE
    _printf_charcount                        0x00000000   Number         0  stubs.o ABSOLUTE
    _printf_d                                0x00000000   Number         0  stubs.o ABSOLUTE
    _printf_e                                0x00000000   Number         0  stubs.o ABSOLUTE
    _printf_f                                0x00000000   Number         0  stubs.o ABSOLUTE
    _printf_flags                            0x00000000   Number         0  stubs.o ABSOLUTE
    _printf_fp_dec                           0x00000000   Number         0  stubs.o ABSOLUTE
    _printf_fp_hex                           0x00000000   Number         0  stubs.o ABSOLUTE
    _printf_g                                0x00000000   Number         0  stubs.o ABSOLUTE
    _printf_i                                0x00000000   Number         0  stubs.o ABSOLUTE
    _printf_int_dec                          0x00000000   Number         0  stubs.o ABSOLUTE
    _printf_l                                0x00000000   Number         0  stubs.o ABSOLUTE
    _printf_lc                               0x00000000   Number         0  stubs.o ABSOLUTE
    _printf_ll                               0x00000000   Number         0  stubs.o ABSOLUTE
    _printf_lld                              0x00000000   Number         0  stubs.o ABSOLUTE
    _printf_lli                              0x00000000   Number         0  stubs.o ABSOLUTE
    _printf_llo                              0x00000000   Number         0  stubs.o ABSOLUTE
    _printf_llu                              0x00000000   Number         0  stubs.o ABSOLUTE
    _printf_llx                              0x00000000   Number         0  stubs.o ABSOLUTE
    _printf_longlong_dec                     0x00000000   Number         0  stubs.o ABSOLUTE
    _printf_longlong_hex                     0x00000000   Number         0  stubs.o ABSOLUTE
    _printf_longlong_oct                     0x00000000   Number         0  stubs.o ABSOLUTE
    _printf_ls                               0x00000000   Number         0  stubs.o ABSOLUTE
    _printf_mbtowc                           0x00000000   Number         0  stubs.o ABSOLUTE
    _printf_n                                0x00000000   Number         0  stubs.o ABSOLUTE
    _printf_o                                0x00000000   Number         0  stubs.o ABSOLUTE
    _printf_p                                0x00000000   Number         0  stubs.o ABSOLUTE
    _printf_percent                          0x00000000   Number         0  stubs.o ABSOLUTE
    _printf_pre_padding                      0x00000000   Number         0  stubs.o ABSOLUTE
    _printf_return_value                     0x00000000   Number         0  stubs.o ABSOLUTE
    _printf_s                                0x00000000   Number         0  stubs.o ABSOLUTE
    _printf_sizespec                         0x00000000   Number         0  stubs.o ABSOLUTE
    _printf_str                              0x00000000   Number         0  stubs.o ABSOLUTE
    _printf_truncate_signed                  0x00000000   Number         0  stubs.o ABSOLUTE
    _printf_truncate_unsigned                0x00000000   Number         0  stubs.o ABSOLUTE
    _printf_u                                0x00000000   Number         0  stubs.o ABSOLUTE
    _printf_wc                               0x00000000   Number         0  stubs.o ABSOLUTE
    _printf_wctomb                           0x00000000   Number         0  stubs.o ABSOLUTE
    _printf_widthprec                        0x00000000   Number         0  stubs.o ABSOLUTE
    _printf_x                                0x00000000   Number         0  stubs.o ABSOLUTE
    __cpp_initialize__aeabi_                  - Undefined Weak Reference
    __cxa_finalize                            - Undefined Weak Reference
    __decompress                              - Undefined Weak Reference
    _clock_init                               - Undefined Weak Reference
    _microlib_exit                            - Undefined Weak Reference
    __Vectors_Size                           0x00000188   Number         0  startup_stm32f407xx.o ABSOLUTE
    __RL_RTX_VER                             0x00000480   Number         0  rt_system.o ABSOLUTE
    __Vectors                                0x08000000   Data           4  startup_stm32f407xx.o(RESET)
    __Vectors_End                            0x08000188   Data           0  startup_stm32f407xx.o(RESET)
    __main                                   0x08000189   Thumb Code     0  entry.o(.ARM.Collect$$$$00000000)
    _main_stk                                0x08000189   Thumb Code     0  entry2.o(.ARM.Collect$$$$00000001)
    _main_scatterload                        0x0800018d   Thumb Code     0  entry5.o(.ARM.Collect$$$$00000004)
    __main_after_scatterload                 0x08000191   Thumb Code     0  entry5.o(.ARM.Collect$$$$00000004)
    __rt_final_cpp                           0x08000191   Thumb Code     0  entry10a.o(.ARM.Collect$$$$0000000D)
    __rt_final_exit                          0x08000191   Thumb Code     0  entry11a.o(.ARM.Collect$$$$0000000F)
    _main_clock                              0x08000191   Thumb Code     0  entry7b.o(.ARM.Collect$$$$00000008)
    _main_cpp_init                           0x08000191   Thumb Code     0  entry8b.o(.ARM.Collect$$$$0000000A)
    _main_init                               0x08000191   Thumb Code    18  rtx_conf_cm.o(.ARM.Collect$$$$000000FF)
    rt_set_PSP                               0x080001ad   Thumb Code     6  hal_cm4.o(.emb_text)
    rt_get_PSP                               0x080001b3   Thumb Code     6  hal_cm4.o(.emb_text)
    os_set_env                               0x080001b9   Thumb Code    24  hal_cm4.o(.emb_text)
    _alloc_box                               0x080001d5   Thumb Code    28  hal_cm4.o(.emb_text)
    _free_box                                0x080001f5   Thumb Code    28  hal_cm4.o(.emb_text)
    SVC_Handler                              0x08000215   Thumb Code   168  hal_cm4.o(.emb_text)
    PendSV_Handler                           0x080002cd   Thumb Code    96  hal_cm4.o(.emb_text)
    SysTick_Handler                          0x08000331   Thumb Code     8  hal_cm4.o(.emb_text)
    OS_Tick_Handler                          0x08000339   Thumb Code    12  hal_cm4.o(.emb_text)
    SystemClock_Config                       0x08000345   Thumb Code   142  main.o(.text)
    main                                     0x080003d3   Thumb Code    66  main.o(.text)
    SevenSegment_Init                        0x0800041d   Thumb Code    66  seven_segment.o(.text)
    SevenSegment_SetDisplayValue_Temp        0x0800045f   Thumb Code    42  seven_segment.o(.text)
    SevenSegment_GetDisplayValue_Temp        0x08000489   Thumb Code    46  seven_segment.o(.text)
    SevenSegment_SetDisplayValue_Angle       0x080004b7   Thumb Code    42  seven_segment.o(.text)
    SevenSegment_GetDisplayValue_Angle       0x080004e1   Thumb Code    46  seven_segment.o(.text)
    SevenSegment_IsActivated                 0x0800050f   Thumb Code    30  seven_segment.o(.text)
    SevenSegment_ToggleDisplayedDigit_Angle  0x0800052d   Thumb Code   472  seven_segment.o(.text)
    SevenSegment_ToggleDisplayedDigit_Temp   0x08000705   Thumb Code   178  seven_segment.o(.text)
    SevenSegment_TurnOn                      0x080007b7   Thumb Code    30  seven_segment.o(.text)
    SevenSegment_TurnOff                     0x080007d5   Thumb Code    42  seven_segment.o(.text)
    SevenSegment_StartFlashing               0x080007ff   Thumb Code    86  seven_segment.o(.text)
    SevenSegment_StopFlashing                0x08000855   Thumb Code    36  seven_segment.o(.text)
    SevenSegment_GetFlashing                 0x08000879   Thumb Code    30  seven_segment.o(.text)
    SevenSegment_SetDisplayMode              0x08000897   Thumb Code    30  seven_segment.o(.text)
    SevenSegment_GetDisplayMode              0x080008b5   Thumb Code    30  seven_segment.o(.text)
    SevenSegment_ToggleDisplayMode           0x080008d3   Thumb Code    46  seven_segment.o(.text)
    start_Thread_SEGMENT                     0x08000901   Thumb Code    40  seven_segment.o(.text)
    Thread_SEGMENT                           0x08000929   Thumb Code   100  seven_segment.o(.text)
    HardwareTimer3_Init                      0x080009a9   Thumb Code    98  hardware_timer.o(.text)
    HardwareTimer4_Init                      0x08000a0b   Thumb Code    98  hardware_timer.o(.text)
    HAL_TIM_PeriodElapsedCallback            0x08000a6d   Thumb Code    44  hardware_timer.o(.text)
    Accelerometer_Init                       0x08000ab5   Thumb Code    84  accelerometer.o(.text)
    Accelerometer_ReadAccel                  0x08000b09   Thumb Code    40  accelerometer.o(.text)
    Accelerometer_Calibrate                  0x08000b31   Thumb Code   188  accelerometer.o(.text)
    Accelerometer_GetTiltAngle               0x08000bed   Thumb Code   188  accelerometer.o(.text)
    ACCELEROMETER_Callback                   0x08000ca9   Thumb Code    14  accelerometer.o(.text)
    Accelerometer_SetAngleMode               0x08000cb7   Thumb Code    30  accelerometer.o(.text)
    Accelerometer_GetAngleMode               0x08000cd5   Thumb Code    30  accelerometer.o(.text)
    start_Thread_ACCELEROMETER               0x08000cf3   Thumb Code    40  accelerometer.o(.text)
    Thread_ACCELEROMETER                     0x08000d1b   Thumb Code   160  accelerometer.o(.text)
    HAL_GPIO_EXTI_Callback                   0x08000de1   Thumb Code    60  exti_handler_cb.o(.text)
    fputc                                    0x08000e21   Thumb Code    52  fput_debug.o(.text)
    Keypad_ScanKey                           0x08000ea5   Thumb Code   330  keypad.o(.text)
    Keypad_Init                              0x08000fef   Thumb Code   410  keypad.o(.text)
    Keypad_KeyPressedCallback                0x08001189   Thumb Code    14  keypad.o(.text)
    start_Thread_KEYPAD                      0x08001197   Thumb Code    30  keypad.o(.text)
    Thread_KEYPAD                            0x080011b5   Thumb Code   268  keypad.o(.text)
    NMI_Handler                              0x080012c5   Thumb Code     2  stm32f4xx_it.o(.text)
    HardFault_Handler                        0x080012c7   Thumb Code     4  stm32f4xx_it.o(.text)
    MemManage_Handler                        0x080012cb   Thumb Code     4  stm32f4xx_it.o(.text)
    BusFault_Handler                         0x080012cf   Thumb Code     4  stm32f4xx_it.o(.text)
    UsageFault_Handler                       0x080012d3   Thumb Code     4  stm32f4xx_it.o(.text)
    DebugMon_Handler                         0x080012d7   Thumb Code     2  stm32f4xx_it.o(.text)
    EXTI0_IRQHandler                         0x080012d9   Thumb Code    10  stm32f4xx_it.o(.text)
    EXTI1_IRQHandler                         0x080012e3   Thumb Code    10  stm32f4xx_it.o(.text)
    EXTI2_IRQHandler                         0x080012ed   Thumb Code    10  stm32f4xx_it.o(.text)
    EXTI3_IRQHandler                         0x080012f7   Thumb Code    10  stm32f4xx_it.o(.text)
    EXTI4_IRQHandler                         0x08001301   Thumb Code    10  stm32f4xx_it.o(.text)
    TIM3_IRQHandler                          0x0800130b   Thumb Code    10  stm32f4xx_it.o(.text)
    TIM4_IRQHandler                          0x08001315   Thumb Code    10  stm32f4xx_it.o(.text)
    ADC_IRQHandler                           0x0800131f   Thumb Code    10  stm32f4xx_it.o(.text)
    Thread_TEMPERATURE                       0x08001335   Thumb Code   218  temperature.o(.text)
    start_Thread_TEMPERATURE                 0x0800140f   Thumb Code    30  temperature.o(.text)
    initialize_ADC                           0x0800142d   Thumb Code    92  temperature.o(.text)
    HAL_ADC_MspInit                          0x08001489   Thumb Code    36  temperature.o(.text)
    Temperature_Init                         0x080014ad   Thumb Code     8  temperature.o(.text)
    SPI_ReceiveData                          0x08001509   Thumb Code    10  lis3dsh.o(.text)
    LIS3DSH_TIMEOUT_UserCallback             0x08001513   Thumb Code     4  lis3dsh.o(.text)
    SPI_SendData                             0x08001517   Thumb Code     6  lis3dsh.o(.text)
    LIS3DSH_Write                            0x08001589   Thumb Code    62  lis3dsh.o(.text)
    LIS3DSH_Init                             0x080015c7   Thumb Code   170  lis3dsh.o(.text)
    LIS3DSH_Read                             0x08001671   Thumb Code    70  lis3dsh.o(.text)
    LIS3DSH_DataReadyInterruptConfig         0x080016b7   Thumb Code    42  lis3dsh.o(.text)
    LIS3DSH_LowpowerCmd                      0x080016e1   Thumb Code    40  lis3dsh.o(.text)
    LIS3DSH_DataRateCmd                      0x08001709   Thumb Code    44  lis3dsh.o(.text)
    LIS3DSH_FullScaleCmd                     0x08001735   Thumb Code    44  lis3dsh.o(.text)
    LIS3DSH_ReadACC                          0x08001761   Thumb Code   628  lis3dsh.o(.text)
    HAL_SPI_MspInit                          0x080019d5   Thumb Code   218  lis3dsh.o(.text)
    os_idle_demon                            0x08001ac9   Thumb Code     4  rtx_conf_cm.o(.text)
    os_error                                 0x08001acd   Thumb Code    34  rtx_conf_cm.o(.text)
    HAL_MspInit                              0x08001af1   Thumb Code    10  stm32f4xx_hal.o(.text)
    HAL_InitTick                             0x08001afb   Thumb Code    36  stm32f4xx_hal.o(.text)
    HAL_Init                                 0x08001b1f   Thumb Code    54  stm32f4xx_hal.o(.text)
    HAL_MspDeInit                            0x08001b55   Thumb Code    10  stm32f4xx_hal.o(.text)
    HAL_DeInit                               0x08001b5f   Thumb Code    64  stm32f4xx_hal.o(.text)
    HAL_IncTick                              0x08001b9f   Thumb Code    12  stm32f4xx_hal.o(.text)
    HAL_GetTick                              0x08001bab   Thumb Code     6  stm32f4xx_hal.o(.text)
    HAL_Delay                                0x08001bb1   Thumb Code    26  stm32f4xx_hal.o(.text)
    HAL_SuspendTick                          0x08001bcb   Thumb Code    18  stm32f4xx_hal.o(.text)
    HAL_ResumeTick                           0x08001bdd   Thumb Code    18  stm32f4xx_hal.o(.text)
    HAL_GetHalVersion                        0x08001bef   Thumb Code     4  stm32f4xx_hal.o(.text)
    HAL_GetREVID                             0x08001bf3   Thumb Code     8  stm32f4xx_hal.o(.text)
    HAL_GetDEVID                             0x08001bfb   Thumb Code    10  stm32f4xx_hal.o(.text)
    HAL_DBGMCU_EnableDBGSleepMode            0x08001c05   Thumb Code    14  stm32f4xx_hal.o(.text)
    HAL_DBGMCU_DisableDBGSleepMode           0x08001c13   Thumb Code    14  stm32f4xx_hal.o(.text)
    HAL_DBGMCU_EnableDBGStopMode             0x08001c21   Thumb Code    14  stm32f4xx_hal.o(.text)
    HAL_DBGMCU_DisableDBGStopMode            0x08001c2f   Thumb Code    14  stm32f4xx_hal.o(.text)
    HAL_DBGMCU_EnableDBGStandbyMode          0x08001c3d   Thumb Code    14  stm32f4xx_hal.o(.text)
    HAL_DBGMCU_DisableDBGStandbyMode         0x08001c4b   Thumb Code    14  stm32f4xx_hal.o(.text)
    HAL_EnableCompensationCell               0x08001c59   Thumb Code    22  stm32f4xx_hal.o(.text)
    HAL_DisableCompensationCell              0x08001c6f   Thumb Code    24  stm32f4xx_hal.o(.text)
    HAL_ADC_Init                             0x08001e0d   Thumb Code    74  stm32f4xx_hal_adc.o(.text)
    HAL_ADC_MspDeInit                        0x08001e57   Thumb Code     2  stm32f4xx_hal_adc.o(.text)
    HAL_ADC_DeInit                           0x08001e59   Thumb Code    34  stm32f4xx_hal_adc.o(.text)
    HAL_ADC_Start                            0x08001e7b   Thumb Code   182  stm32f4xx_hal_adc.o(.text)
    HAL_ADC_Stop                             0x08001f31   Thumb Code    24  stm32f4xx_hal_adc.o(.text)
    HAL_ADC_PollForConversion                0x08001f49   Thumb Code   130  stm32f4xx_hal_adc.o(.text)
    HAL_ADC_PollForEvent                     0x08001fcb   Thumb Code   104  stm32f4xx_hal_adc.o(.text)
    HAL_ADC_Start_IT                         0x08002033   Thumb Code   232  stm32f4xx_hal_adc.o(.text)
    HAL_ADC_Stop_IT                          0x0800211b   Thumb Code    48  stm32f4xx_hal_adc.o(.text)
    HAL_ADC_ErrorCallback                    0x0800214b   Thumb Code     2  stm32f4xx_hal_adc.o(.text)
    HAL_ADC_LevelOutOfWindowCallback         0x0800214d   Thumb Code     2  stm32f4xx_hal_adc.o(.text)
    HAL_ADC_ConvCpltCallback                 0x0800214f   Thumb Code     2  stm32f4xx_hal_adc.o(.text)
    HAL_ADC_IRQHandler                       0x08002151   Thumb Code   348  stm32f4xx_hal_adc.o(.text)
    HAL_ADC_ConvHalfCpltCallback             0x080022c9   Thumb Code     2  stm32f4xx_hal_adc.o(.text)
    HAL_ADC_Start_DMA                        0x080022fd   Thumb Code   186  stm32f4xx_hal_adc.o(.text)
    HAL_ADC_Stop_DMA                         0x080023b7   Thumb Code    56  stm32f4xx_hal_adc.o(.text)
    HAL_ADC_GetValue                         0x080023ef   Thumb Code     8  stm32f4xx_hal_adc.o(.text)
    HAL_ADC_ConfigChannel                    0x080023f7   Thumb Code   416  stm32f4xx_hal_adc.o(.text)
    HAL_ADC_AnalogWDGConfig                  0x08002597   Thumb Code   132  stm32f4xx_hal_adc.o(.text)
    HAL_ADC_GetState                         0x0800261b   Thumb Code     8  stm32f4xx_hal_adc.o(.text)
    HAL_ADC_GetError                         0x08002623   Thumb Code     6  stm32f4xx_hal_adc.o(.text)
    HAL_ADCEx_InjectedStart                  0x0800263d   Thumb Code   230  stm32f4xx_hal_adc_ex.o(.text)
    HAL_ADCEx_InjectedStart_IT               0x08002723   Thumb Code   258  stm32f4xx_hal_adc_ex.o(.text)
    HAL_ADCEx_InjectedStop                   0x08002825   Thumb Code    24  stm32f4xx_hal_adc_ex.o(.text)
    HAL_ADCEx_InjectedPollForConversion      0x0800283d   Thumb Code    90  stm32f4xx_hal_adc_ex.o(.text)
    HAL_ADCEx_InjectedStop_IT                0x08002897   Thumb Code    48  stm32f4xx_hal_adc_ex.o(.text)
    HAL_ADCEx_InjectedGetValue               0x080028c7   Thumb Code    70  stm32f4xx_hal_adc_ex.o(.text)
    HAL_ADCEx_MultiModeStart_DMA             0x0800295b   Thumb Code   206  stm32f4xx_hal_adc_ex.o(.text)
    HAL_ADCEx_MultiModeStop_DMA              0x08002a29   Thumb Code   116  stm32f4xx_hal_adc_ex.o(.text)
    HAL_ADCEx_MultiModeGetValue              0x08002a9d   Thumb Code     8  stm32f4xx_hal_adc_ex.o(.text)
    HAL_ADCEx_InjectedConvCpltCallback       0x08002aa5   Thumb Code     2  stm32f4xx_hal_adc_ex.o(.text)
    HAL_ADCEx_InjectedConfigChannel          0x08002aa7   Thumb Code   552  stm32f4xx_hal_adc_ex.o(.text)
    HAL_ADCEx_MultiModeConfigChannel         0x08002ccf   Thumb Code   130  stm32f4xx_hal_adc_ex.o(.text)
    HAL_NVIC_SetPriorityGrouping             0x08002d7d   Thumb Code    36  stm32f4xx_hal_cortex.o(.text)
    HAL_NVIC_SetPriority                     0x08002da1   Thumb Code   124  stm32f4xx_hal_cortex.o(.text)
    HAL_NVIC_EnableIRQ                       0x08002e1d   Thumb Code    26  stm32f4xx_hal_cortex.o(.text)
    HAL_NVIC_DisableIRQ                      0x08002e37   Thumb Code    22  stm32f4xx_hal_cortex.o(.text)
    HAL_NVIC_SystemReset                     0x08002e4d   Thumb Code    64  stm32f4xx_hal_cortex.o(.text)
    HAL_SYSTICK_Config                       0x08002e8d   Thumb Code    52  stm32f4xx_hal_cortex.o(.text)
    HAL_MPU_ConfigRegion                     0x08002ec1   Thumb Code    90  stm32f4xx_hal_cortex.o(.text)
    HAL_NVIC_GetPriorityGrouping             0x08002f1b   Thumb Code     8  stm32f4xx_hal_cortex.o(.text)
    HAL_NVIC_GetPriority                     0x08002f23   Thumb Code   138  stm32f4xx_hal_cortex.o(.text)
    HAL_NVIC_SetPendingIRQ                   0x08002fad   Thumb Code    24  stm32f4xx_hal_cortex.o(.text)
    HAL_NVIC_GetPendingIRQ                   0x08002fc5   Thumb Code    38  stm32f4xx_hal_cortex.o(.text)
    HAL_NVIC_ClearPendingIRQ                 0x08002feb   Thumb Code    22  stm32f4xx_hal_cortex.o(.text)
    HAL_NVIC_GetActive                       0x08003001   Thumb Code    38  stm32f4xx_hal_cortex.o(.text)
    HAL_SYSTICK_CLKSourceConfig              0x08003027   Thumb Code    40  stm32f4xx_hal_cortex.o(.text)
    HAL_SYSTICK_Callback                     0x0800304f   Thumb Code    10  stm32f4xx_hal_cortex.o(.text)
    HAL_SYSTICK_IRQHandler                   0x08003059   Thumb Code     8  stm32f4xx_hal_cortex.o(.text)
    HAL_DMA_Init                             0x080030af   Thumb Code   128  stm32f4xx_hal_dma.o(.text)
    HAL_DMA_DeInit                           0x0800312f   Thumb Code   100  stm32f4xx_hal_dma.o(.text)
    HAL_DMA_Start                            0x080031bf   Thumb Code    82  stm32f4xx_hal_dma.o(.text)
    HAL_DMA_Start_IT                         0x08003211   Thumb Code   106  stm32f4xx_hal_dma.o(.text)
    HAL_DMA_Abort                            0x0800327b   Thumb Code    94  stm32f4xx_hal_dma.o(.text)
    HAL_DMA_PollForTransfer                  0x080032d9   Thumb Code   412  stm32f4xx_hal_dma.o(.text)
    HAL_DMA_IRQHandler                       0x08003475   Thumb Code   530  stm32f4xx_hal_dma.o(.text)
    HAL_DMA_GetState                         0x08003687   Thumb Code     8  stm32f4xx_hal_dma.o(.text)
    HAL_DMA_GetError                         0x0800368f   Thumb Code     6  stm32f4xx_hal_dma.o(.text)
    HAL_GPIO_Init                            0x08003699   Thumb Code   476  stm32f4xx_hal_gpio.o(.text)
    HAL_GPIO_DeInit                          0x08003875   Thumb Code   326  stm32f4xx_hal_gpio.o(.text)
    HAL_GPIO_ReadPin                         0x080039bb   Thumb Code    16  stm32f4xx_hal_gpio.o(.text)
    HAL_GPIO_WritePin                        0x080039cb   Thumb Code    12  stm32f4xx_hal_gpio.o(.text)
    HAL_GPIO_TogglePin                       0x080039d7   Thumb Code     8  stm32f4xx_hal_gpio.o(.text)
    HAL_GPIO_LockPin                         0x080039df   Thumb Code    46  stm32f4xx_hal_gpio.o(.text)
    HAL_GPIO_EXTI_IRQHandler                 0x08003a17   Thumb Code    28  stm32f4xx_hal_gpio.o(.text)
    HAL_RCC_OscConfig                        0x08003a67   Thumb Code  1032  stm32f4xx_hal_rcc.o(.text)
    HAL_RCC_ClockConfig                      0x08003e6f   Thumb Code   680  stm32f4xx_hal_rcc.o(.text)
    HAL_RCC_MCOConfig                        0x08004117   Thumb Code   178  stm32f4xx_hal_rcc.o(.text)
    HAL_RCC_EnableCSS                        0x080041c9   Thumb Code     8  stm32f4xx_hal_rcc.o(.text)
    HAL_RCC_DisableCSS                       0x080041d1   Thumb Code     8  stm32f4xx_hal_rcc.o(.text)
    HAL_RCC_GetSysClockFreq                  0x080041d9   Thumb Code   198  stm32f4xx_hal_rcc.o(.text)
    HAL_RCC_GetHCLKFreq                      0x0800429f   Thumb Code    42  stm32f4xx_hal_rcc.o(.text)
    HAL_RCC_GetPCLK1Freq                     0x080042c9   Thumb Code    36  stm32f4xx_hal_rcc.o(.text)
    HAL_RCC_GetPCLK2Freq                     0x080042ed   Thumb Code    36  stm32f4xx_hal_rcc.o(.text)
    HAL_RCC_GetOscConfig                     0x08004311   Thumb Code   296  stm32f4xx_hal_rcc.o(.text)
    HAL_RCC_GetClockConfig                   0x08004439   Thumb Code    58  stm32f4xx_hal_rcc.o(.text)
    HAL_RCC_CSSCallback                      0x08004473   Thumb Code    10  stm32f4xx_hal_rcc.o(.text)
    HAL_RCC_NMI_IRQHandler                   0x0800447d   Thumb Code    30  stm32f4xx_hal_rcc.o(.text)
    HAL_SPI_Init                             0x080044b3   Thumb Code   136  stm32f4xx_hal_spi.o(.text)
    HAL_SPI_MspDeInit                        0x0800453b   Thumb Code     2  stm32f4xx_hal_spi.o(.text)
    HAL_SPI_DeInit                           0x0800453d   Thumb Code    48  stm32f4xx_hal_spi.o(.text)
    HAL_SPI_Transmit                         0x08004681   Thumb Code   450  stm32f4xx_hal_spi.o(.text)
    HAL_SPI_TransmitReceive                  0x08004843   Thumb Code   850  stm32f4xx_hal_spi.o(.text)
    HAL_SPI_Receive                          0x08004b95   Thumb Code   572  stm32f4xx_hal_spi.o(.text)
    HAL_SPI_ErrorCallback                    0x08004dd1   Thumb Code     2  stm32f4xx_hal_spi.o(.text)
    HAL_SPI_TxCpltCallback                   0x08004dd3   Thumb Code     2  stm32f4xx_hal_spi.o(.text)
    HAL_SPI_TxRxCpltCallback                 0x08004dd5   Thumb Code     2  stm32f4xx_hal_spi.o(.text)
    HAL_SPI_Transmit_IT                      0x08004ec5   Thumb Code   198  stm32f4xx_hal_spi.o(.text)
    HAL_SPI_RxCpltCallback                   0x08004f8b   Thumb Code     2  stm32f4xx_hal_spi.o(.text)
    HAL_SPI_TransmitReceive_IT               0x080050b3   Thumb Code   192  stm32f4xx_hal_spi.o(.text)
    HAL_SPI_Receive_IT                       0x080051c5   Thumb Code   222  stm32f4xx_hal_spi.o(.text)
    HAL_SPI_TxHalfCpltCallback               0x08005353   Thumb Code     2  stm32f4xx_hal_spi.o(.text)
    HAL_SPI_Transmit_DMA                     0x08005363   Thumb Code   218  stm32f4xx_hal_spi.o(.text)
    HAL_SPI_RxHalfCpltCallback               0x080055b5   Thumb Code     2  stm32f4xx_hal_spi.o(.text)
    HAL_SPI_TxRxHalfCpltCallback             0x080055fd   Thumb Code     2  stm32f4xx_hal_spi.o(.text)
    HAL_SPI_TransmitReceive_DMA              0x0800560d   Thumb Code   324  stm32f4xx_hal_spi.o(.text)
    HAL_SPI_Receive_DMA                      0x08005751   Thumb Code   288  stm32f4xx_hal_spi.o(.text)
    HAL_SPI_DMAPause                         0x08005871   Thumb Code    62  stm32f4xx_hal_spi.o(.text)
    HAL_SPI_DMAResume                        0x080058af   Thumb Code    62  stm32f4xx_hal_spi.o(.text)
    HAL_SPI_DMAStop                          0x080058ed   Thumb Code    58  stm32f4xx_hal_spi.o(.text)
    HAL_SPI_IRQHandler                       0x08005927   Thumb Code   262  stm32f4xx_hal_spi.o(.text)
    HAL_SPI_GetState                         0x08005a2d   Thumb Code     8  stm32f4xx_hal_spi.o(.text)
    HAL_SPI_GetError                         0x08005a35   Thumb Code     6  stm32f4xx_hal_spi.o(.text)
    TIM_Base_SetConfig                       0x08005a49   Thumb Code   184  stm32f4xx_hal_tim.o(.text)
    HAL_TIM_Base_MspInit                     0x08005b01   Thumb Code     2  stm32f4xx_hal_tim.o(.text)
    HAL_TIM_Base_Init                        0x08005b03   Thumb Code    52  stm32f4xx_hal_tim.o(.text)
    HAL_TIM_Base_MspDeInit                   0x08005b37   Thumb Code     2  stm32f4xx_hal_tim.o(.text)
    HAL_TIM_Base_DeInit                      0x08005b39   Thumb Code    70  stm32f4xx_hal_tim.o(.text)
    HAL_TIM_Base_Start                       0x08005b7f   Thumb Code    30  stm32f4xx_hal_tim.o(.text)
    HAL_TIM_Base_Stop                        0x08005b9d   Thumb Code    56  stm32f4xx_hal_tim.o(.text)
    HAL_TIM_Base_Start_IT                    0x08005bd5   Thumb Code    30  stm32f4xx_hal_tim.o(.text)
    HAL_TIM_Base_Stop_IT                     0x08005bf3   Thumb Code    56  stm32f4xx_hal_tim.o(.text)
    HAL_TIM_ErrorCallback                    0x08005c2b   Thumb Code     2  stm32f4xx_hal_tim.o(.text)
    TIM_DMAError                             0x08005c2d   Thumb Code    20  stm32f4xx_hal_tim.o(.text)
    HAL_TIM_Base_Start_DMA                   0x08005c57   Thumb Code    98  stm32f4xx_hal_tim.o(.text)
    HAL_TIM_Base_Stop_DMA                    0x08005cb9   Thumb Code    62  stm32f4xx_hal_tim.o(.text)
    HAL_TIM_OC_MspInit                       0x08005cf7   Thumb Code     2  stm32f4xx_hal_tim.o(.text)
    HAL_TIM_OC_Init                          0x08005cf9   Thumb Code    52  stm32f4xx_hal_tim.o(.text)
    HAL_TIM_OC_MspDeInit                     0x08005d2d   Thumb Code     2  stm32f4xx_hal_tim.o(.text)
    HAL_TIM_OC_DeInit                        0x08005d2f   Thumb Code    70  stm32f4xx_hal_tim.o(.text)
    TIM_CCxChannelCmd                        0x08005d75   Thumb Code    28  stm32f4xx_hal_tim.o(.text)
    HAL_TIM_OC_Start                         0x08005d91   Thumb Code    68  stm32f4xx_hal_tim.o(.text)
    HAL_TIM_OC_Stop                          0x08005dd5   Thumb Code   170  stm32f4xx_hal_tim.o(.text)
    HAL_TIM_OC_Start_IT                      0x08005e7f   Thumb Code   144  stm32f4xx_hal_tim.o(.text)
    HAL_TIM_OC_Stop_IT                       0x08005f0f   Thumb Code   196  stm32f4xx_hal_tim.o(.text)
    HAL_TIM_PWM_PulseFinishedCallback        0x08005fd3   Thumb Code     2  stm32f4xx_hal_tim.o(.text)
    TIM_DMADelayPulseCplt                    0x08005fd5   Thumb Code    70  stm32f4xx_hal_tim.o(.text)
    HAL_TIM_OC_Start_DMA                     0x0800601b   Thumb Code   312  stm32f4xx_hal_tim.o(.text)
    HAL_TIM_OC_Stop_DMA                      0x08006153   Thumb Code   202  stm32f4xx_hal_tim.o(.text)
    HAL_TIM_PWM_MspInit                      0x0800621d   Thumb Code     2  stm32f4xx_hal_tim.o(.text)
    HAL_TIM_PWM_Init                         0x0800621f   Thumb Code    52  stm32f4xx_hal_tim.o(.text)
    HAL_TIM_PWM_MspDeInit                    0x08006253   Thumb Code     2  stm32f4xx_hal_tim.o(.text)
    HAL_TIM_PWM_DeInit                       0x08006255   Thumb Code    70  stm32f4xx_hal_tim.o(.text)
    HAL_TIM_PWM_Start                        0x0800629b   Thumb Code    78  stm32f4xx_hal_tim.o(.text)
    HAL_TIM_PWM_Stop                         0x080062e9   Thumb Code   126  stm32f4xx_hal_tim.o(.text)
    HAL_TIM_PWM_Start_IT                     0x08006367   Thumb Code   144  stm32f4xx_hal_tim.o(.text)
    HAL_TIM_PWM_Stop_IT                      0x080063f7   Thumb Code   196  stm32f4xx_hal_tim.o(.text)
    HAL_TIM_PWM_Start_DMA                    0x080064bb   Thumb Code   312  stm32f4xx_hal_tim.o(.text)
    HAL_TIM_PWM_Stop_DMA                     0x080065f3   Thumb Code   202  stm32f4xx_hal_tim.o(.text)
    HAL_TIM_IC_MspInit                       0x080066bd   Thumb Code     2  stm32f4xx_hal_tim.o(.text)
    HAL_TIM_IC_Init                          0x080066bf   Thumb Code    62  stm32f4xx_hal_tim.o(.text)
    HAL_TIM_IC_MspDeInit                     0x080066fd   Thumb Code     2  stm32f4xx_hal_tim.o(.text)
    HAL_TIM_IC_DeInit                        0x080066ff   Thumb Code    70  stm32f4xx_hal_tim.o(.text)
    HAL_TIM_IC_Start                         0x08006745   Thumb Code    32  stm32f4xx_hal_tim.o(.text)
    HAL_TIM_IC_Stop                          0x08006765   Thumb Code    58  stm32f4xx_hal_tim.o(.text)
    HAL_TIM_IC_Start_IT                      0x0800679f   Thumb Code   108  stm32f4xx_hal_tim.o(.text)
    HAL_TIM_IC_Stop_IT                       0x0800680b   Thumb Code   134  stm32f4xx_hal_tim.o(.text)
    HAL_TIM_IC_CaptureCallback               0x08006891   Thumb Code     2  stm32f4xx_hal_tim.o(.text)
    TIM_DMACaptureCplt                       0x08006893   Thumb Code    70  stm32f4xx_hal_tim.o(.text)
    HAL_TIM_IC_Start_DMA                     0x080068d9   Thumb Code   276  stm32f4xx_hal_tim.o(.text)
    HAL_TIM_IC_Stop_DMA                      0x080069ed   Thumb Code   140  stm32f4xx_hal_tim.o(.text)
    HAL_TIM_OnePulse_MspInit                 0x08006a79   Thumb Code     2  stm32f4xx_hal_tim.o(.text)
    HAL_TIM_OnePulse_Init                    0x08006a7b   Thumb Code    76  stm32f4xx_hal_tim.o(.text)
    HAL_TIM_OnePulse_MspDeInit               0x08006ac7   Thumb Code     2  stm32f4xx_hal_tim.o(.text)
    HAL_TIM_OnePulse_DeInit                  0x08006ac9   Thumb Code    70  stm32f4xx_hal_tim.o(.text)
    HAL_TIM_OnePulse_Start                   0x08006b0f   Thumb Code    66  stm32f4xx_hal_tim.o(.text)
    HAL_TIM_OnePulse_Stop                    0x08006b51   Thumb Code   130  stm32f4xx_hal_tim.o(.text)
    HAL_TIM_OnePulse_Start_IT                0x08006bd3   Thumb Code    90  stm32f4xx_hal_tim.o(.text)
    HAL_TIM_OnePulse_Stop_IT                 0x08006c2d   Thumb Code   154  stm32f4xx_hal_tim.o(.text)
    HAL_TIM_Encoder_MspInit                  0x08006cc7   Thumb Code     2  stm32f4xx_hal_tim.o(.text)
    HAL_TIM_Encoder_Init                     0x08006cc9   Thumb Code   180  stm32f4xx_hal_tim.o(.text)
    HAL_TIM_Encoder_MspDeInit                0x08006d7d   Thumb Code     2  stm32f4xx_hal_tim.o(.text)
    HAL_TIM_Encoder_DeInit                   0x08006d7f   Thumb Code    70  stm32f4xx_hal_tim.o(.text)
    HAL_TIM_Encoder_Start                    0x08006dc5   Thumb Code    78  stm32f4xx_hal_tim.o(.text)
    HAL_TIM_Encoder_Stop                     0x08006e13   Thumb Code   104  stm32f4xx_hal_tim.o(.text)
    HAL_TIM_Encoder_Start_IT                 0x08006e7b   Thumb Code   126  stm32f4xx_hal_tim.o(.text)
    HAL_TIM_Encoder_Stop_IT                  0x08006ef9   Thumb Code   160  stm32f4xx_hal_tim.o(.text)
    HAL_TIM_Encoder_Start_DMA                0x08006f99   Thumb Code   328  stm32f4xx_hal_tim.o(.text)
    HAL_TIM_Encoder_Stop_DMA                 0x080070e1   Thumb Code   152  stm32f4xx_hal_tim.o(.text)
    HAL_TIM_TriggerCallback                  0x08007179   Thumb Code     2  stm32f4xx_hal_tim.o(.text)
    HAL_TIM_OC_DelayElapsedCallback          0x0800717b   Thumb Code     2  stm32f4xx_hal_tim.o(.text)
    HAL_TIM_IRQHandler                       0x0800717d   Thumb Code   406  stm32f4xx_hal_tim.o(.text)
    TIM_OC2_SetConfig                        0x080073e5   Thumb Code   112  stm32f4xx_hal_tim.o(.text)
    HAL_TIM_OC_ConfigChannel                 0x080074bb   Thumb Code   116  stm32f4xx_hal_tim.o(.text)
    TIM_TI1_SetConfig                        0x080075e9   Thumb Code   122  stm32f4xx_hal_tim.o(.text)
    HAL_TIM_IC_ConfigChannel                 0x08007663   Thumb Code   224  stm32f4xx_hal_tim.o(.text)
    HAL_TIM_PWM_ConfigChannel                0x08007743   Thumb Code   294  stm32f4xx_hal_tim.o(.text)
    HAL_TIM_OnePulse_ConfigChannel           0x08007869   Thumb Code   286  stm32f4xx_hal_tim.o(.text)
    HAL_TIM_DMABurst_WriteStart              0x0800799b   Thumb Code   366  stm32f4xx_hal_tim.o(.text)
    HAL_TIM_DMABurst_WriteStop               0x08007b09   Thumb Code   128  stm32f4xx_hal_tim.o(.text)
    HAL_TIM_DMABurst_ReadStart               0x08007b89   Thumb Code   366  stm32f4xx_hal_tim.o(.text)
    HAL_TIM_DMABurst_ReadStop                0x08007cf7   Thumb Code   128  stm32f4xx_hal_tim.o(.text)
    HAL_TIM_GenerateEvent                    0x08007d77   Thumb Code    54  stm32f4xx_hal_tim.o(.text)
    HAL_TIM_ConfigOCrefClear                 0x08007dc5   Thumb Code   252  stm32f4xx_hal_tim.o(.text)
    HAL_TIM_ConfigClockSource                0x08007f2b   Thumb Code   306  stm32f4xx_hal_tim.o(.text)
    HAL_TIM_ConfigTI1Input                   0x0800805d   Thumb Code    24  stm32f4xx_hal_tim.o(.text)
    HAL_TIM_SlaveConfigSynchronization       0x08008119   Thumb Code    86  stm32f4xx_hal_tim.o(.text)
    HAL_TIM_SlaveConfigSynchronization_IT    0x0800816f   Thumb Code    86  stm32f4xx_hal_tim.o(.text)
    HAL_TIM_ReadCapturedValue                0x080081c5   Thumb Code    84  stm32f4xx_hal_tim.o(.text)
    HAL_TIM_Base_GetState                    0x08008219   Thumb Code     8  stm32f4xx_hal_tim.o(.text)
    HAL_TIM_OC_GetState                      0x08008221   Thumb Code     8  stm32f4xx_hal_tim.o(.text)
    HAL_TIM_PWM_GetState                     0x08008229   Thumb Code     8  stm32f4xx_hal_tim.o(.text)
    HAL_TIM_IC_GetState                      0x08008231   Thumb Code     8  stm32f4xx_hal_tim.o(.text)
    HAL_TIM_OnePulse_GetState                0x08008239   Thumb Code     8  stm32f4xx_hal_tim.o(.text)
    HAL_TIM_Encoder_GetState                 0x08008241   Thumb Code     8  stm32f4xx_hal_tim.o(.text)
    HAL_TIMEx_HallSensor_MspInit             0x08008249   Thumb Code     2  stm32f4xx_hal_tim_ex.o(.text)
    HAL_TIMEx_HallSensor_Init                0x0800824b   Thumb Code   196  stm32f4xx_hal_tim_ex.o(.text)
    HAL_TIMEx_HallSensor_MspDeInit           0x0800830f   Thumb Code     2  stm32f4xx_hal_tim_ex.o(.text)
    HAL_TIMEx_HallSensor_DeInit              0x08008311   Thumb Code    70  stm32f4xx_hal_tim_ex.o(.text)
    HAL_TIMEx_HallSensor_Start               0x08008357   Thumb Code    30  stm32f4xx_hal_tim_ex.o(.text)
    HAL_TIMEx_HallSensor_Stop                0x08008375   Thumb Code    56  stm32f4xx_hal_tim_ex.o(.text)
    HAL_TIMEx_HallSensor_Start_IT            0x080083ad   Thumb Code    42  stm32f4xx_hal_tim_ex.o(.text)
    HAL_TIMEx_HallSensor_Stop_IT             0x080083d7   Thumb Code    68  stm32f4xx_hal_tim_ex.o(.text)
    HAL_TIMEx_HallSensor_Start_DMA           0x0800841b   Thumb Code   106  stm32f4xx_hal_tim_ex.o(.text)
    HAL_TIMEx_HallSensor_Stop_DMA            0x08008485   Thumb Code    68  stm32f4xx_hal_tim_ex.o(.text)
    HAL_TIMEx_OCN_Start                      0x080084e5   Thumb Code    44  stm32f4xx_hal_tim_ex.o(.text)
    HAL_TIMEx_OCN_Stop                       0x08008511   Thumb Code    96  stm32f4xx_hal_tim_ex.o(.text)
    HAL_TIMEx_OCN_Start_IT                   0x08008571   Thumb Code   132  stm32f4xx_hal_tim_ex.o(.text)
    HAL_TIMEx_OCN_Stop_IT                    0x080085f5   Thumb Code   196  stm32f4xx_hal_tim_ex.o(.text)
    HAL_TIMEx_OCN_Start_DMA                  0x080086b9   Thumb Code   272  stm32f4xx_hal_tim_ex.o(.text)
    HAL_TIMEx_OCN_Stop_DMA                   0x080087c9   Thumb Code   192  stm32f4xx_hal_tim_ex.o(.text)
    HAL_TIMEx_PWMN_Start                     0x08008889   Thumb Code    44  stm32f4xx_hal_tim_ex.o(.text)
    HAL_TIMEx_PWMN_Stop                      0x080088b5   Thumb Code    96  stm32f4xx_hal_tim_ex.o(.text)
    HAL_TIMEx_PWMN_Start_IT                  0x08008915   Thumb Code   132  stm32f4xx_hal_tim_ex.o(.text)
    HAL_TIMEx_PWMN_Stop_IT                   0x08008999   Thumb Code   196  stm32f4xx_hal_tim_ex.o(.text)
    HAL_TIMEx_PWMN_Start_DMA                 0x08008a5d   Thumb Code   272  stm32f4xx_hal_tim_ex.o(.text)
    HAL_TIMEx_PWMN_Stop_DMA                  0x08008b6d   Thumb Code   178  stm32f4xx_hal_tim_ex.o(.text)
    HAL_TIMEx_OnePulseN_Start                0x08008c1f   Thumb Code    32  stm32f4xx_hal_tim_ex.o(.text)
    HAL_TIMEx_OnePulseN_Stop                 0x08008c3f   Thumb Code    96  stm32f4xx_hal_tim_ex.o(.text)
    HAL_TIMEx_OnePulseN_Start_IT             0x08008c9f   Thumb Code    56  stm32f4xx_hal_tim_ex.o(.text)
    HAL_TIMEx_OnePulseN_Stop_IT              0x08008cd7   Thumb Code   120  stm32f4xx_hal_tim_ex.o(.text)
    HAL_TIMEx_ConfigCommutationEvent         0x08008d4f   Thumb Code   110  stm32f4xx_hal_tim_ex.o(.text)
    HAL_TIMEx_ConfigCommutationEvent_IT      0x08008dbd   Thumb Code   122  stm32f4xx_hal_tim_ex.o(.text)
    HAL_TIMEx_CommutationCallback            0x08008e37   Thumb Code     2  stm32f4xx_hal_tim_ex.o(.text)
    TIMEx_DMACommutationCplt                 0x08008e39   Thumb Code    20  stm32f4xx_hal_tim_ex.o(.text)
    HAL_TIMEx_ConfigCommutationEvent_DMA     0x08008e4d   Thumb Code   146  stm32f4xx_hal_tim_ex.o(.text)
    HAL_TIMEx_MasterConfigSynchronization    0x08008edf   Thumb Code    98  stm32f4xx_hal_tim_ex.o(.text)
    HAL_TIMEx_ConfigBreakDeadTime            0x08008f41   Thumb Code    80  stm32f4xx_hal_tim_ex.o(.text)
    HAL_TIMEx_RemapConfig                    0x08008f91   Thumb Code    48  stm32f4xx_hal_tim_ex.o(.text)
    HAL_TIMEx_BreakCallback                  0x08008fc1   Thumb Code     2  stm32f4xx_hal_tim_ex.o(.text)
    HAL_TIMEx_HallSensor_GetState            0x08008fc3   Thumb Code     8  stm32f4xx_hal_tim_ex.o(.text)
    Reset_Handler                            0x08008fd1   Thumb Code     8  startup_stm32f407xx.o(.text)
    CAN1_RX0_IRQHandler                      0x08008feb   Thumb Code     0  startup_stm32f407xx.o(.text)
    CAN1_RX1_IRQHandler                      0x08008feb   Thumb Code     0  startup_stm32f407xx.o(.text)
    CAN1_SCE_IRQHandler                      0x08008feb   Thumb Code     0  startup_stm32f407xx.o(.text)
    CAN1_TX_IRQHandler                       0x08008feb   Thumb Code     0  startup_stm32f407xx.o(.text)
    CAN2_RX0_IRQHandler                      0x08008feb   Thumb Code     0  startup_stm32f407xx.o(.text)
    CAN2_RX1_IRQHandler                      0x08008feb   Thumb Code     0  startup_stm32f407xx.o(.text)
    CAN2_SCE_IRQHandler                      0x08008feb   Thumb Code     0  startup_stm32f407xx.o(.text)
    CAN2_TX_IRQHandler                       0x08008feb   Thumb Code     0  startup_stm32f407xx.o(.text)
    DCMI_IRQHandler                          0x08008feb   Thumb Code     0  startup_stm32f407xx.o(.text)
    DMA1_Stream0_IRQHandler                  0x08008feb   Thumb Code     0  startup_stm32f407xx.o(.text)
    DMA1_Stream1_IRQHandler                  0x08008feb   Thumb Code     0  startup_stm32f407xx.o(.text)
    DMA1_Stream2_IRQHandler                  0x08008feb   Thumb Code     0  startup_stm32f407xx.o(.text)
    DMA1_Stream3_IRQHandler                  0x08008feb   Thumb Code     0  startup_stm32f407xx.o(.text)
    DMA1_Stream4_IRQHandler                  0x08008feb   Thumb Code     0  startup_stm32f407xx.o(.text)
    DMA1_Stream5_IRQHandler                  0x08008feb   Thumb Code     0  startup_stm32f407xx.o(.text)
    DMA1_Stream6_IRQHandler                  0x08008feb   Thumb Code     0  startup_stm32f407xx.o(.text)
    DMA1_Stream7_IRQHandler                  0x08008feb   Thumb Code     0  startup_stm32f407xx.o(.text)
    DMA2_Stream0_IRQHandler                  0x08008feb   Thumb Code     0  startup_stm32f407xx.o(.text)
    DMA2_Stream1_IRQHandler                  0x08008feb   Thumb Code     0  startup_stm32f407xx.o(.text)
    DMA2_Stream2_IRQHandler                  0x08008feb   Thumb Code     0  startup_stm32f407xx.o(.text)
    DMA2_Stream3_IRQHandler                  0x08008feb   Thumb Code     0  startup_stm32f407xx.o(.text)
    DMA2_Stream4_IRQHandler                  0x08008feb   Thumb Code     0  startup_stm32f407xx.o(.text)
    DMA2_Stream5_IRQHandler                  0x08008feb   Thumb Code     0  startup_stm32f407xx.o(.text)
    DMA2_Stream6_IRQHandler                  0x08008feb   Thumb Code     0  startup_stm32f407xx.o(.text)
    DMA2_Stream7_IRQHandler                  0x08008feb   Thumb Code     0  startup_stm32f407xx.o(.text)
    ETH_IRQHandler                           0x08008feb   Thumb Code     0  startup_stm32f407xx.o(.text)
    ETH_WKUP_IRQHandler                      0x08008feb   Thumb Code     0  startup_stm32f407xx.o(.text)
    EXTI15_10_IRQHandler                     0x08008feb   Thumb Code     0  startup_stm32f407xx.o(.text)
    EXTI9_5_IRQHandler                       0x08008feb   Thumb Code     0  startup_stm32f407xx.o(.text)
    FLASH_IRQHandler                         0x08008feb   Thumb Code     0  startup_stm32f407xx.o(.text)
    FMC_IRQHandler                           0x08008feb   Thumb Code     0  startup_stm32f407xx.o(.text)
    FPU_IRQHandler                           0x08008feb   Thumb Code     0  startup_stm32f407xx.o(.text)
    HASH_RNG_IRQHandler                      0x08008feb   Thumb Code     0  startup_stm32f407xx.o(.text)
    I2C1_ER_IRQHandler                       0x08008feb   Thumb Code     0  startup_stm32f407xx.o(.text)
    I2C1_EV_IRQHandler                       0x08008feb   Thumb Code     0  startup_stm32f407xx.o(.text)
    I2C2_ER_IRQHandler                       0x08008feb   Thumb Code     0  startup_stm32f407xx.o(.text)
    I2C2_EV_IRQHandler                       0x08008feb   Thumb Code     0  startup_stm32f407xx.o(.text)
    I2C3_ER_IRQHandler                       0x08008feb   Thumb Code     0  startup_stm32f407xx.o(.text)
    I2C3_EV_IRQHandler                       0x08008feb   Thumb Code     0  startup_stm32f407xx.o(.text)
    OTG_FS_IRQHandler                        0x08008feb   Thumb Code     0  startup_stm32f407xx.o(.text)
    OTG_FS_WKUP_IRQHandler                   0x08008feb   Thumb Code     0  startup_stm32f407xx.o(.text)
    OTG_HS_EP1_IN_IRQHandler                 0x08008feb   Thumb Code     0  startup_stm32f407xx.o(.text)
    OTG_HS_EP1_OUT_IRQHandler                0x08008feb   Thumb Code     0  startup_stm32f407xx.o(.text)
    OTG_HS_IRQHandler                        0x08008feb   Thumb Code     0  startup_stm32f407xx.o(.text)
    OTG_HS_WKUP_IRQHandler                   0x08008feb   Thumb Code     0  startup_stm32f407xx.o(.text)
    PVD_IRQHandler                           0x08008feb   Thumb Code     0  startup_stm32f407xx.o(.text)
    RCC_IRQHandler                           0x08008feb   Thumb Code     0  startup_stm32f407xx.o(.text)
    RTC_Alarm_IRQHandler                     0x08008feb   Thumb Code     0  startup_stm32f407xx.o(.text)
    RTC_WKUP_IRQHandler                      0x08008feb   Thumb Code     0  startup_stm32f407xx.o(.text)
    SDIO_IRQHandler                          0x08008feb   Thumb Code     0  startup_stm32f407xx.o(.text)
    SPI1_IRQHandler                          0x08008feb   Thumb Code     0  startup_stm32f407xx.o(.text)
    SPI2_IRQHandler                          0x08008feb   Thumb Code     0  startup_stm32f407xx.o(.text)
    SPI3_IRQHandler                          0x08008feb   Thumb Code     0  startup_stm32f407xx.o(.text)
    TAMP_STAMP_IRQHandler                    0x08008feb   Thumb Code     0  startup_stm32f407xx.o(.text)
    TIM1_BRK_TIM9_IRQHandler                 0x08008feb   Thumb Code     0  startup_stm32f407xx.o(.text)
    TIM1_CC_IRQHandler                       0x08008feb   Thumb Code     0  startup_stm32f407xx.o(.text)
    TIM1_TRG_COM_TIM11_IRQHandler            0x08008feb   Thumb Code     0  startup_stm32f407xx.o(.text)
    TIM1_UP_TIM10_IRQHandler                 0x08008feb   Thumb Code     0  startup_stm32f407xx.o(.text)
    TIM2_IRQHandler                          0x08008feb   Thumb Code     0  startup_stm32f407xx.o(.text)
    TIM5_IRQHandler                          0x08008feb   Thumb Code     0  startup_stm32f407xx.o(.text)
    TIM6_DAC_IRQHandler                      0x08008feb   Thumb Code     0  startup_stm32f407xx.o(.text)
    TIM7_IRQHandler                          0x08008feb   Thumb Code     0  startup_stm32f407xx.o(.text)
    TIM8_BRK_TIM12_IRQHandler                0x08008feb   Thumb Code     0  startup_stm32f407xx.o(.text)
    TIM8_CC_IRQHandler                       0x08008feb   Thumb Code     0  startup_stm32f407xx.o(.text)
    TIM8_TRG_COM_TIM14_IRQHandler            0x08008feb   Thumb Code     0  startup_stm32f407xx.o(.text)
    TIM8_UP_TIM13_IRQHandler                 0x08008feb   Thumb Code     0  startup_stm32f407xx.o(.text)
    UART4_IRQHandler                         0x08008feb   Thumb Code     0  startup_stm32f407xx.o(.text)
    UART5_IRQHandler                         0x08008feb   Thumb Code     0  startup_stm32f407xx.o(.text)
    USART1_IRQHandler                        0x08008feb   Thumb Code     0  startup_stm32f407xx.o(.text)
    USART2_IRQHandler                        0x08008feb   Thumb Code     0  startup_stm32f407xx.o(.text)
    USART3_IRQHandler                        0x08008feb   Thumb Code     0  startup_stm32f407xx.o(.text)
    USART6_IRQHandler                        0x08008feb   Thumb Code     0  startup_stm32f407xx.o(.text)
    WWDG_IRQHandler                          0x08008feb   Thumb Code     0  startup_stm32f407xx.o(.text)
    SystemInit                               0x08008ff5   Thumb Code    82  system_stm32f4xx_1.o(.text)
    SystemCoreClockUpdate                    0x08009047   Thumb Code   174  system_stm32f4xx_1.o(.text)
    __aeabi_memcpy                           0x08009115   Thumb Code    36  memcpya.o(.text)
    __aeabi_memcpy4                          0x08009115   Thumb Code     0  memcpya.o(.text)
    __aeabi_memcpy8                          0x08009115   Thumb Code     0  memcpya.o(.text)
    __aeabi_dmul                             0x08009139   Thumb Code   228  dmul.o(.text)
    __aeabi_f2d                              0x0800921d   Thumb Code    38  f2d.o(.text)
    __aeabi_d2f                              0x08009243   Thumb Code    56  d2f.o(.text)
    __aeabi_uidiv                            0x0800927b   Thumb Code     0  uidiv.o(.text)
    __aeabi_uidivmod                         0x0800927b   Thumb Code    44  uidiv.o(.text)
    __aeabi_llsl                             0x080092a7   Thumb Code    30  llshl.o(.text)
    _ll_shift_l                              0x080092a7   Thumb Code     0  llshl.o(.text)
    __aeabi_llsr                             0x080092c5   Thumb Code    32  llushr.o(.text)
    _ll_ushift_r                             0x080092c5   Thumb Code     0  llushr.o(.text)
    __I$use$fp                               0x080092e5   Thumb Code     0  iusefp.o(.text)
    _float_round                             0x080092e5   Thumb Code    18  fepilogue.o(.text)
    _float_epilogue                          0x080092f7   Thumb Code    92  fepilogue.o(.text)
    _double_round                            0x08009353   Thumb Code    30  depilogue.o(.text)
    _double_epilogue                         0x08009371   Thumb Code   156  depilogue.o(.text)
    __scatterload                            0x0800940d   Thumb Code    28  init.o(.text)
    __scatterload_rt2                        0x0800940d   Thumb Code     0  init.o(.text)
    SVC_Count                                0x08009430   Data           4  svc_table.o(SVC_TABLE)
    SVC_Table                                0x08009434   Data           0  svc_table.o(SVC_TABLE)
    __0printf$1                              0x08009435   Thumb Code    22  printf1.o(i.__0printf$1)
    __1printf$1                              0x08009435   Thumb Code     0  printf1.o(i.__0printf$1)
    __2printf                                0x08009435   Thumb Code     0  printf1.o(i.__0printf$1)
    __ARM_fpclassifyf                        0x08009455   Thumb Code    38  fpclassifyf.o(i.__ARM_fpclassifyf)
    __hardfp_atan2f                          0x0800947d   Thumb Code   502  atan2f.o(i.__hardfp_atan2f)
    __hardfp_sqrtf                           0x080096cd   Thumb Code    58  sqrtf.o(i.__hardfp_sqrtf)
    __mathlib_flt_infnan2                    0x08009707   Thumb Code     6  funder.o(i.__mathlib_flt_infnan2)
    __mathlib_flt_underflow                  0x0800970d   Thumb Code    10  funder.o(i.__mathlib_flt_underflow)
    __scatterload_copy                       0x0800971d   Thumb Code    14  handlers.o(i.__scatterload_copy)
    __scatterload_null                       0x0800972b   Thumb Code     2  handlers.o(i.__scatterload_null)
    __scatterload_zeroinit                   0x0800972d   Thumb Code    14  handlers.o(i.__scatterload_zeroinit)
    __set_errno                              0x0800973d   Thumb Code     6  errno.o(i.__set_errno)
    _init_box                                0x08009749   Thumb Code    70  rt_membox.o(i._init_box)
    dbg_init                                 0x080098e5   Thumb Code    34  hal_cm.o(i.dbg_init)
    dbg_task_notify                          0x08009915   Thumb Code    32  hal_cm.o(i.dbg_task_notify)
    dbg_task_switch                          0x08009935   Thumb Code    16  hal_cm.o(i.dbg_task_switch)
    isrMessageGet                            0x08009945   Thumb Code    42  rt_cmsis.o(i.isrMessageGet)
    isrMessagePut                            0x0800996f   Thumb Code    44  rt_cmsis.o(i.isrMessagePut)
    isrSignalSet                             0x0800999b   Thumb Code    36  rt_cmsis.o(i.isrSignalSet)
    isr_evt_set                              0x080099c1   Thumb Code    34  rt_event.o(i.isr_evt_set)
    isr_mbx_receive                          0x080099e9   Thumb Code    82  rt_mailbox.o(i.isr_mbx_receive)
    isr_mbx_send                             0x08009a3b   Thumb Code    14  rt_mailbox.o(i.isr_mbx_send)
    osKernelInitialize                       0x08009a49   Thumb Code    30  rt_cmsis.o(i.osKernelInitialize)
    osKernelStart                            0x08009a6d   Thumb Code    98  rt_cmsis.o(i.osKernelStart)
    osMessageGet                             0x08009ad9   Thumb Code    18  rt_cmsis.o(i.osMessageGet)
    osMutexCreate                            0x08009af1   Thumb Code    38  rt_cmsis.o(i.osMutexCreate)
    osMutexRelease                           0x08009b21   Thumb Code    18  rt_cmsis.o(i.osMutexRelease)
    osMutexWait                              0x08009b39   Thumb Code    18  rt_cmsis.o(i.osMutexWait)
    osSignalSet                              0x08009b51   Thumb Code    18  rt_cmsis.o(i.osSignalSet)
    osSignalWait                             0x08009b69   Thumb Code    18  rt_cmsis.o(i.osSignalWait)
    osThreadCreate                           0x08009b81   Thumb Code    38  rt_cmsis.o(i.osThreadCreate)
    osThreadExit                             0x08009bb1   Thumb Code    14  rt_cmsis.o(i.osThreadExit)
    osTimerCall                              0x08009bc9   Thumb Code     8  rt_cmsis.o(i.osTimerCall)
    osTimerThread                            0x08009bd5   Thumb Code    38  rt_cmsis.o(i.osTimerThread)
    os_tick_init                             0x08009c01   Thumb Code    32  rt_system.o(i.os_tick_init)
    os_tick_irqack                           0x08009c29   Thumb Code     2  rt_system.o(i.os_tick_irqack)
    rt_alloc_box                             0x08009c2b   Thumb Code    26  rt_membox.o(i.rt_alloc_box)
    rt_alloc_mem                             0x08009c45   Thumb Code    62  rt_memory.o(i.rt_alloc_mem)
    rt_block                                 0x08009c85   Thumb Code    48  rt_task.o(i.rt_block)
    rt_chk_robin                             0x08009cbd   Thumb Code    60  rt_robin.o(i.rt_chk_robin)
    rt_dec_dly                               0x08009d05   Thumb Code   102  rt_list.o(i.rt_dec_dly)
    rt_dispatch                              0x08009d75   Thumb Code    60  rt_task.o(i.rt_dispatch)
    rt_evt_psh                               0x08009db9   Thumb Code    76  rt_event.o(i.rt_evt_psh)
    rt_evt_set                               0x08009e09   Thumb Code    88  rt_event.o(i.rt_evt_set)
    rt_evt_wait                              0x08009e65   Thumb Code    56  rt_event.o(i.rt_evt_wait)
    rt_free_box                              0x08009ea1   Thumb Code    44  rt_membox.o(i.rt_free_box)
    rt_free_mem                              0x08009ecd   Thumb Code    40  rt_memory.o(i.rt_free_mem)
    rt_get_first                             0x08009ef5   Thumb Code    40  rt_list.o(i.rt_get_first)
    rt_init_mem                              0x08009f6d   Thumb Code    26  rt_memory.o(i.rt_init_mem)
    rt_init_robin                            0x08009f89   Thumb Code    14  rt_robin.o(i.rt_init_robin)
    rt_init_stack                            0x08009fa1   Thumb Code   118  hal_cm.o(i.rt_init_stack)
    rt_mbx_check                             0x0800a021   Thumb Code     8  rt_mailbox.o(i.rt_mbx_check)
    rt_mbx_init                              0x0800a029   Thumb Code    26  rt_mailbox.o(i.rt_mbx_init)
    rt_mbx_psh                               0x0800a045   Thumb Code   236  rt_mailbox.o(i.rt_mbx_psh)
    rt_mbx_wait                              0x0800a135   Thumb Code   174  rt_mailbox.o(i.rt_mbx_wait)
    rt_mut_init                              0x0800a22d   Thumb Code    16  rt_mutex.o(i.rt_mut_init)
    rt_mut_release                           0x0800a23d   Thumb Code   208  rt_mutex.o(i.rt_mut_release)
    rt_mut_wait                              0x0800a315   Thumb Code   100  rt_mutex.o(i.rt_mut_wait)
    rt_pop_req                               0x0800a37d   Thumb Code   112  rt_system.o(i.rt_pop_req)
    rt_psh_req                               0x0800a3f9   Thumb Code    22  rt_system.o(i.rt_psh_req)
    rt_psq_enq                               0x0800a419   Thumb Code    88  rt_list.o(i.rt_psq_enq)
    rt_put_dly                               0x0800a475   Thumb Code    68  rt_list.o(i.rt_put_dly)
    rt_put_prio                              0x0800a4bd   Thumb Code    54  rt_list.o(i.rt_put_prio)
    rt_put_rdy_first                         0x0800a4f5   Thumb Code    14  rt_list.o(i.rt_put_rdy_first)
    rt_resort_prio                           0x0800a509   Thumb Code    46  rt_list.o(i.rt_resort_prio)
    rt_ret_val                               0x0800a54d   Thumb Code    12  hal_cm.o(i.rt_ret_val)
    rt_ret_val2                              0x0800a559   Thumb Code    16  hal_cm.o(i.rt_ret_val2)
    rt_rmv_dly                               0x0800a569   Thumb Code    40  rt_list.o(i.rt_rmv_dly)
    rt_rmv_list                              0x0800a591   Thumb Code    44  rt_list.o(i.rt_rmv_list)
    rt_sem_psh                               0x0800a5c1   Thumb Code    48  rt_semaphore.o(i.rt_sem_psh)
    rt_stk_check                             0x0800a5f5   Thumb Code    28  rt_system.o(i.rt_stk_check)
    rt_switch_req                            0x0800a619   Thumb Code    30  rt_task.o(i.rt_switch_req)
    rt_sys_init                              0x0800a641   Thumb Code   138  rt_task.o(i.rt_sys_init)
    rt_sys_start                             0x0800a70d   Thumb Code   110  rt_task.o(i.rt_sys_start)
    rt_systick                               0x0800a785   Thumb Code    50  rt_system.o(i.rt_systick)
    rt_tsk_create                            0x0800a80d   Thumb Code   118  rt_task.o(i.rt_tsk_create)
    rt_tsk_delete                            0x0800a895   Thumb Code   352  rt_task.o(i.rt_tsk_delete)
    rt_tsk_prio                              0x0800aa11   Thumb Code   108  rt_task.o(i.rt_tsk_prio)
    rt_tsk_self                              0x0800aa8d   Thumb Code    12  rt_task.o(i.rt_tsk_self)
    svcKernelInitialize                      0x0800aa9d   Thumb Code    80  rt_cmsis.o(i.svcKernelInitialize)
    svcKernelStart                           0x0800ab0d   Thumb Code    62  rt_cmsis.o(i.svcKernelStart)
    svcMessageCreate                         0x0800ab55   Thumb Code    36  rt_cmsis.o(i.svcMessageCreate)
    svcMessageGet                            0x0800ab79   Thumb Code    58  rt_cmsis.o(i.svcMessageGet)
    svcMutexCreate                           0x0800abb3   Thumb Code    28  rt_cmsis.o(i.svcMutexCreate)
    svcMutexRelease                          0x0800abcf   Thumb Code    34  rt_cmsis.o(i.svcMutexRelease)
    svcMutexWait                             0x0800abf1   Thumb Code    54  rt_cmsis.o(i.svcMutexWait)
    svcSignalSet                             0x0800ac27   Thumb Code    36  rt_cmsis.o(i.svcSignalSet)
    svcSignalWait                            0x0800ac4d   Thumb Code    80  rt_cmsis.o(i.svcSignalWait)
    svcThreadCreate                          0x0800aca1   Thumb Code   100  rt_cmsis.o(i.svcThreadCreate)
    svcThreadGetId                           0x0800ad11   Thumb Code    22  rt_cmsis.o(i.svcThreadGetId)
    svcThreadTerminate                       0x0800ad2d   Thumb Code    50  rt_cmsis.o(i.svcThreadTerminate)
    svcTimerCall                             0x0800ad65   Thumb Code    24  rt_cmsis.o(i.svcTimerCall)
    sysTimerTick                             0x0800ad7d   Thumb Code    84  rt_cmsis.o(i.sysTimerTick)
    Kalmanfilter_asm                         0x0800add9   Thumb Code     0  kalmanfilter_asm.o(text)
    os_thread_def_Thread_SEGMENT             0x0800ae58   Data          16  seven_segment.o(.constdata)
    os_mutex_def_segment_mutex               0x0800ae68   Data           4  seven_segment.o(.constdata)
    os_thread_def_Thread_ACCELEROMETER       0x0800ae6c   Data          16  accelerometer.o(.constdata)
    os_mutex_def_accel_mutex                 0x0800ae7c   Data           4  accelerometer.o(.constdata)
    os_thread_def_Thread_KEYPAD              0x0800aed8   Data          16  keypad.o(.constdata)
    os_thread_def_Thread_TEMPERATURE         0x0800aef8   Data          16  temperature.o(.constdata)
    os_maxtaskrun                            0x0800af1c   Data           2  rtx_conf_cm.o(.constdata)
    os_stackinfo                             0x0800af20   Data           4  rtx_conf_cm.o(.constdata)
    os_rrobin                                0x0800af24   Data           4  rtx_conf_cm.o(.constdata)
    os_tickfreq                              0x0800af28   Data           4  rtx_conf_cm.o(.constdata)
    os_tickus_i                              0x0800af2c   Data           2  rtx_conf_cm.o(.constdata)
    os_tickus_f                              0x0800af2e   Data           2  rtx_conf_cm.o(.constdata)
    os_trv                                   0x0800af30   Data           4  rtx_conf_cm.o(.constdata)
    os_flags                                 0x0800af34   Data           1  rtx_conf_cm.o(.constdata)
    CMSIS_RTOS_API_Version                   0x0800af38   Data           4  rtx_conf_cm.o(.constdata)
    CMSIS_RTOS_RTX_Version                   0x0800af3c   Data           4  rtx_conf_cm.o(.constdata)
    os_clockrate                             0x0800af40   Data           4  rtx_conf_cm.o(.constdata)
    os_timernum                              0x0800af44   Data           4  rtx_conf_cm.o(.constdata)
    mp_tcb_size                              0x0800af48   Data           2  rtx_conf_cm.o(.constdata)
    mp_stk_size                              0x0800af4c   Data           4  rtx_conf_cm.o(.constdata)
    os_stack_sz                              0x0800af50   Data           4  rtx_conf_cm.o(.constdata)
    os_fifo_size                             0x0800af54   Data           1  rtx_conf_cm.o(.constdata)
    os_thread_def_osTimerThread              0x0800af58   Data          16  rtx_conf_cm.o(.constdata)
    os_messageQ_def_osTimerMessageQ          0x0800af68   Data           8  rtx_conf_cm.o(.constdata)
    mp_tmr_size                              0x0800af70   Data           2  rtx_conf_cm.o(.constdata)
    APBAHBPrescTable                         0x0800af7a   Data          16  stm32f4xx_hal_rcc.o(.constdata)
    AHBPrescTable                            0x0800af8a   Data          16  system_stm32f4xx_1.o(.constdata)
    Region$$Table$$Base                      0x0800af9c   Number         0  anon$$obj.o(Region$$Table)
    Region$$Table$$Limit                     0x0800afbc   Number         0  anon$$obj.o(Region$$Table)
    tid_Thread_SEGMENT                       0x20000034   Data           4  seven_segment.o(.data)
    segment_mutex                            0x20000038   Data           4  seven_segment.o(.data)
    tid_Thread_ACCELEROMETER                 0x2000004c   Data           4  accelerometer.o(.data)
    accel_mutex                              0x20000050   Data           4  accelerometer.o(.data)
    tid_Thread_KEYPAD                        0x2000005c   Data           4  keypad.o(.data)
    row_pins                                 0x20000060   Data          16  keypad.o(.data)
    col_pins                                 0x20000070   Data          16  keypad.o(.data)
    tid_Thread_TEMPERATURE                   0x20000080   Data           4  temperature.o(.data)
    LIS3DSHTimeout                           0x20000084   Data           4  lis3dsh.o(.data)
    osThreadId_osTimerThread                 0x20000088   Data           4  rtx_conf_cm.o(.data)
    osMessageQId_osTimerMessageQ             0x2000008c   Data           4  rtx_conf_cm.o(.data)
    os_tmr                                   0x20000090   Data           4  rtx_conf_cm.o(.data)
    m_tmr                                    0x20000094   Data           4  rtx_conf_cm.o(.data)
    os_thread_def_main                       0x20000098   Data          16  rtx_conf_cm.o(.data)
    SystemCoreClock                          0x200000ac   Data           4  system_stm32f4xx_1.o(.data)
    os_initialized                           0x200000b0   Data           1  rt_cmsis.o(.data)
    os_running                               0x200000b1   Data           1  rt_cmsis.o(.data)
    os_timer_head                            0x200000b4   Data           4  rt_cmsis.o(.data)
    os_tsk                                   0x200000b8   Data           8  rt_task.o(.data)
    os_tick_irqn                             0x200000c4   Data           4  rt_system.o(.data)
    os_time                                  0x200000c8   Data           4  rt_time.o(.data)
    dbg_msg                                  0x200000cc   Data           1  hal_cm.o(.data)
    os_robin                                 0x200000d0   Data           8  rt_robin.o(.data)
    __stdout                                 0x200000d8   Data           4  stdout.o(.data)
    os_mutex_cb_segment_mutex                0x200000e0   Data          16  seven_segment.o(.bss)
    timmy3                                   0x200000f0   Data          60  hardware_timer.o(.bss)
    timmy4                                   0x2000012c   Data          60  hardware_timer.o(.bss)
    os_mutex_cb_accel_mutex                  0x20000168   Data          16  accelerometer.o(.bss)
    ADC1_handle                              0x20000178   Data          68  temperature.o(.bss)
    SpiHandle                                0x200001bc   Data          88  lis3dsh.o(.bss)
    mp_tcb                                   0x20000218   Data         376  rtx_conf_cm.o(.bss)
    mp_stk                                   0x20000390   Data        4816  rtx_conf_cm.o(.bss)
    os_stack_mem                             0x20001660   Data        1256  rtx_conf_cm.o(.bss)
    os_fifo                                  0x20001b48   Data         132  rtx_conf_cm.o(.bss)
    os_active_TCB                            0x20001bcc   Data          28  rtx_conf_cm.o(.bss)
    os_messageQ_q_osTimerMessageQ            0x20001be8   Data          32  rtx_conf_cm.o(.bss)
    os_idle_TCB                              0x20001c08   Data          52  rt_task.o(.bss)
    os_rdy                                   0x20001c3c   Data          24  rt_list.o(.bss)
    os_dly                                   0x20001c54   Data          24  rt_list.o(.bss)
    __initial_sp                             0x20002070   Data           0  startup_stm32f407xx.o(STACK)



==============================================================================

Memory Map of the image

  Image Entry point : 0x08000189

  Load Region LR_IROM1 (Base: 0x08000000, Size: 0x0000b09c, Max: 0x00100000, ABSOLUTE)

    Execution Region ER_IROM1 (Base: 0x08000000, Size: 0x0000afbc, Max: 0x00100000, ABSOLUTE)

    Base Addr    Size         Type   Attr      Idx    E Section Name        Object

    0x08000000   0x00000188   Data   RO          911    RESET               startup_stm32f407xx.o
    0x08000188   0x00000000   Code   RO         2190  * .ARM.Collect$$$$00000000  mc_w.l(entry.o)
    0x08000188   0x00000004   Code   RO         2482    .ARM.Collect$$$$00000001  mc_w.l(entry2.o)
    0x0800018c   0x00000004   Code   RO         2485    .ARM.Collect$$$$00000004  mc_w.l(entry5.o)
    0x08000190   0x00000000   Code   RO         2487    .ARM.Collect$$$$00000008  mc_w.l(entry7b.o)
    0x08000190   0x00000000   Code   RO         2489    .ARM.Collect$$$$0000000A  mc_w.l(entry8b.o)
    0x08000190   0x00000000   Code   RO         2490    .ARM.Collect$$$$0000000D  mc_w.l(entry10a.o)
    0x08000190   0x00000000   Code   RO         2492    .ARM.Collect$$$$0000000F  mc_w.l(entry11a.o)
    0x08000190   0x00000018   Code   RO          483    .ARM.Collect$$$$000000FF  rtx_conf_cm.o
    0x080001a8   0x00000004   Code   RO         2483    .ARM.Collect$$$$00002712  mc_w.l(entry2.o)
    0x080001ac   0x00000198   Code   RO         2153    .emb_text           RTX_CM4.lib(hal_cm4.o)
    0x08000344   0x000000d8   Code   RO            4    .text               main.o
    0x0800041c   0x0000058c   Code   RO          203    .text               seven_segment.o
    0x080009a8   0x0000010c   Code   RO          243    .text               hardware_timer.o
    0x08000ab4   0x0000032c   Code   RO          270    .text               accelerometer.o
    0x08000de0   0x00000040   Code   RO          309    .text               exti_handler_cb.o
    0x08000e20   0x00000038   Code   RO          336    .text               fput_debug.o
    0x08000e58   0x0000046c   Code   RO          364    .text               keypad.o
    0x080012c4   0x00000070   Code   RO          392    .text               stm32f4xx_it.o
    0x08001334   0x000001d4   Code   RO          423    .text               temperature.o
    0x08001508   0x000005c0   Code   RO          458    .text               lis3dsh.o
    0x08001ac8   0x00000026   Code   RO          484    .text               rtx_conf_cm.o
    0x08001aee   0x00000002   PAD
    0x08001af0   0x000001b0   Code   RO          518    .text               stm32f4xx_hal.o
    0x08001ca0   0x0000099c   Code   RO          544    .text               stm32f4xx_hal_adc.o
    0x0800263c   0x00000720   Code   RO          568    .text               stm32f4xx_hal_adc_ex.o
    0x08002d5c   0x00000324   Code   RO          592    .text               stm32f4xx_hal_cortex.o
    0x08003080   0x00000618   Code   RO          620    .text               stm32f4xx_hal_dma.o
    0x08003698   0x000003cc   Code   RO          669    .text               stm32f4xx_hal_gpio.o
    0x08003a64   0x00000a4c   Code   RO          741    .text               stm32f4xx_hal_rcc.o
    0x080044b0   0x00001598   Code   RO          792    .text               stm32f4xx_hal_spi.o
    0x08005a48   0x00002800   Code   RO          816    .text               stm32f4xx_hal_tim.o
    0x08008248   0x00000d88   Code   RO          840    .text               stm32f4xx_hal_tim_ex.o
    0x08008fd0   0x00000024   Code   RO          912    .text               startup_stm32f407xx.o
    0x08008ff4   0x00000120   Code   RO          919    .text               system_stm32f4xx_1.o
    0x08009114   0x00000024   Code   RO         2195    .text               mc_w.l(memcpya.o)
    0x08009138   0x000000e4   Code   RO         2460    .text               mf_w.l(dmul.o)
    0x0800921c   0x00000026   Code   RO         2462    .text               mf_w.l(f2d.o)
    0x08009242   0x00000038   Code   RO         2464    .text               mf_w.l(d2f.o)
    0x0800927a   0x0000002c   Code   RO         2495    .text               mc_w.l(uidiv.o)
    0x080092a6   0x0000001e   Code   RO         2497    .text               mc_w.l(llshl.o)
    0x080092c4   0x00000020   Code   RO         2499    .text               mc_w.l(llushr.o)
    0x080092e4   0x00000000   Code   RO         2508    .text               mc_w.l(iusefp.o)
    0x080092e4   0x0000006e   Code   RO         2509    .text               mf_w.l(fepilogue.o)
    0x08009352   0x000000ba   Code   RO         2511    .text               mf_w.l(depilogue.o)
    0x0800940c   0x00000024   Code   RO         2521    .text               mc_w.l(init.o)
    0x08009430   0x00000004   Code   RO         2163    SVC_TABLE           RTX_CM4.lib(svc_table.o)
    0x08009434   0x00000020   Code   RO         2244    i.__0printf$1       mc_w.l(printf1.o)
    0x08009454   0x00000026   Code   RO         2466    i.__ARM_fpclassifyf  m_wm.l(fpclassifyf.o)
    0x0800947a   0x00000002   PAD
    0x0800947c   0x00000250   Code   RO         2166    i.__hardfp_atan2f   m_wm.l(atan2f.o)
    0x080096cc   0x0000003a   Code   RO         2178    i.__hardfp_sqrtf    m_wm.l(sqrtf.o)
    0x08009706   0x00000006   Code   RO         2470    i.__mathlib_flt_infnan2  m_wm.l(funder.o)
    0x0800970c   0x00000010   Code   RO         2474    i.__mathlib_flt_underflow  m_wm.l(funder.o)
    0x0800971c   0x0000000e   Code   RO         2527    i.__scatterload_copy  mc_w.l(handlers.o)
    0x0800972a   0x00000002   Code   RO         2528    i.__scatterload_null  mc_w.l(handlers.o)
    0x0800972c   0x0000000e   Code   RO         2529    i.__scatterload_zeroinit  mc_w.l(handlers.o)
    0x0800973a   0x00000002   PAD
    0x0800973c   0x0000000c   Code   RO         2503    i.__set_errno       mc_w.l(errno.o)
    0x08009748   0x00000046   Code   RO         2026    i._init_box         RTX_CM4.lib(rt_membox.o)
    0x0800978e   0x00000002   PAD
    0x08009790   0x00000154   Code   RO         2251    i._printf_core      mc_w.l(printf1.o)
    0x080098e4   0x00000030   Code   RO         2079    i.dbg_init          RTX_CM4.lib(hal_cm.o)
    0x08009914   0x00000020   Code   RO         2080    i.dbg_task_notify   RTX_CM4.lib(hal_cm.o)
    0x08009934   0x00000010   Code   RO         2081    i.dbg_task_switch   RTX_CM4.lib(hal_cm.o)
    0x08009944   0x0000002a   Code   RO          950    i.isrMessageGet     RTX_CM4.lib(rt_cmsis.o)
    0x0800996e   0x0000002c   Code   RO          951    i.isrMessagePut     RTX_CM4.lib(rt_cmsis.o)
    0x0800999a   0x00000024   Code   RO          953    i.isrSignalSet      RTX_CM4.lib(rt_cmsis.o)
    0x080099be   0x00000002   PAD
    0x080099c0   0x00000028   Code   RO         1750    i.isr_evt_set       RTX_CM4.lib(rt_event.o)
    0x080099e8   0x00000052   Code   RO         1872    i.isr_mbx_receive   RTX_CM4.lib(rt_mailbox.o)
    0x08009a3a   0x0000000e   Code   RO         1873    i.isr_mbx_send      RTX_CM4.lib(rt_mailbox.o)
    0x08009a48   0x00000024   Code   RO          955    i.osKernelInitialize  RTX_CM4.lib(rt_cmsis.o)
    0x08009a6c   0x0000006c   Code   RO          957    i.osKernelStart     RTX_CM4.lib(rt_cmsis.o)
    0x08009ad8   0x00000018   Code   RO          966    i.osMessageGet      RTX_CM4.lib(rt_cmsis.o)
    0x08009af0   0x00000030   Code   RO          968    i.osMutexCreate     RTX_CM4.lib(rt_cmsis.o)
    0x08009b20   0x00000018   Code   RO          970    i.osMutexRelease    RTX_CM4.lib(rt_cmsis.o)
    0x08009b38   0x00000018   Code   RO          971    i.osMutexWait       RTX_CM4.lib(rt_cmsis.o)
    0x08009b50   0x00000018   Code   RO          981    i.osSignalSet       RTX_CM4.lib(rt_cmsis.o)
    0x08009b68   0x00000018   Code   RO          982    i.osSignalWait      RTX_CM4.lib(rt_cmsis.o)
    0x08009b80   0x00000030   Code   RO          983    i.osThreadCreate    RTX_CM4.lib(rt_cmsis.o)
    0x08009bb0   0x00000018   Code   RO          984    i.osThreadExit      RTX_CM4.lib(rt_cmsis.o)
    0x08009bc8   0x0000000c   Code   RO          990    i.osTimerCall       RTX_CM4.lib(rt_cmsis.o)
    0x08009bd4   0x0000002c   Code   RO          995    i.osTimerThread     RTX_CM4.lib(rt_cmsis.o)
    0x08009c00   0x00000028   Code   RO         1660    i.os_tick_init      RTX_CM4.lib(rt_system.o)
    0x08009c28   0x00000002   Code   RO         1661    i.os_tick_irqack    RTX_CM4.lib(rt_system.o)
    0x08009c2a   0x0000001a   Code   RO         2027    i.rt_alloc_box      RTX_CM4.lib(rt_membox.o)
    0x08009c44   0x0000003e   Code   RO         2055    i.rt_alloc_mem      RTX_CM4.lib(rt_memory.o)
    0x08009c82   0x00000002   PAD
    0x08009c84   0x00000038   Code   RO         1575    i.rt_block          RTX_CM4.lib(rt_task.o)
    0x08009cbc   0x00000048   Code   RO         2132    i.rt_chk_robin      RTX_CM4.lib(rt_robin.o)
    0x08009d04   0x00000070   Code   RO         1796    i.rt_dec_dly        RTX_CM4.lib(rt_list.o)
    0x08009d74   0x00000044   Code   RO         1576    i.rt_dispatch       RTX_CM4.lib(rt_task.o)
    0x08009db8   0x00000050   Code   RO         1753    i.rt_evt_psh        RTX_CM4.lib(rt_event.o)
    0x08009e08   0x0000005c   Code   RO         1754    i.rt_evt_set        RTX_CM4.lib(rt_event.o)
    0x08009e64   0x0000003c   Code   RO         1755    i.rt_evt_wait       RTX_CM4.lib(rt_event.o)
    0x08009ea0   0x0000002c   Code   RO         2028    i.rt_free_box       RTX_CM4.lib(rt_membox.o)
    0x08009ecc   0x00000028   Code   RO         2056    i.rt_free_mem       RTX_CM4.lib(rt_memory.o)
    0x08009ef4   0x00000028   Code   RO         1797    i.rt_get_first      RTX_CM4.lib(rt_list.o)
    0x08009f1c   0x00000008   Code   RO         1000    i.rt_id2obj         RTX_CM4.lib(rt_cmsis.o)
    0x08009f24   0x00000048   Code   RO         1577    i.rt_init_context   RTX_CM4.lib(rt_task.o)
    0x08009f6c   0x0000001a   Code   RO         2057    i.rt_init_mem       RTX_CM4.lib(rt_memory.o)
    0x08009f86   0x00000002   PAD
    0x08009f88   0x00000018   Code   RO         2133    i.rt_init_robin     RTX_CM4.lib(rt_robin.o)
    0x08009fa0   0x00000080   Code   RO         2082    i.rt_init_stack     RTX_CM4.lib(hal_cm.o)
    0x0800a020   0x00000008   Code   RO         1874    i.rt_mbx_check      RTX_CM4.lib(rt_mailbox.o)
    0x0800a028   0x0000001a   Code   RO         1875    i.rt_mbx_init       RTX_CM4.lib(rt_mailbox.o)
    0x0800a042   0x00000002   PAD
    0x0800a044   0x000000f0   Code   RO         1876    i.rt_mbx_psh        RTX_CM4.lib(rt_mailbox.o)
    0x0800a134   0x000000b4   Code   RO         1878    i.rt_mbx_wait       RTX_CM4.lib(rt_mailbox.o)
    0x0800a1e8   0x00000044   Code   RO         1001    i.rt_ms2tick        RTX_CM4.lib(rt_cmsis.o)
    0x0800a22c   0x00000010   Code   RO         1996    i.rt_mut_init       RTX_CM4.lib(rt_mutex.o)
    0x0800a23c   0x000000d8   Code   RO         1997    i.rt_mut_release    RTX_CM4.lib(rt_mutex.o)
    0x0800a314   0x00000068   Code   RO         1998    i.rt_mut_wait       RTX_CM4.lib(rt_mutex.o)
    0x0800a37c   0x0000007c   Code   RO         1664    i.rt_pop_req        RTX_CM4.lib(rt_system.o)
    0x0800a3f8   0x00000020   Code   RO         1665    i.rt_psh_req        RTX_CM4.lib(rt_system.o)
    0x0800a418   0x0000005c   Code   RO         1799    i.rt_psq_enq        RTX_CM4.lib(rt_list.o)
    0x0800a474   0x00000048   Code   RO         1800    i.rt_put_dly        RTX_CM4.lib(rt_list.o)
    0x0800a4bc   0x00000036   Code   RO         1801    i.rt_put_prio       RTX_CM4.lib(rt_list.o)
    0x0800a4f2   0x00000002   PAD
    0x0800a4f4   0x00000014   Code   RO         1802    i.rt_put_rdy_first  RTX_CM4.lib(rt_list.o)
    0x0800a508   0x00000034   Code   RO         1803    i.rt_resort_prio    RTX_CM4.lib(rt_list.o)
    0x0800a53c   0x00000010   Code   RO         2083    i.rt_ret_regs       RTX_CM4.lib(hal_cm.o)
    0x0800a54c   0x0000000c   Code   RO         2084    i.rt_ret_val        RTX_CM4.lib(hal_cm.o)
    0x0800a558   0x00000010   Code   RO         2085    i.rt_ret_val2       RTX_CM4.lib(hal_cm.o)
    0x0800a568   0x00000028   Code   RO         1804    i.rt_rmv_dly        RTX_CM4.lib(rt_list.o)
    0x0800a590   0x00000030   Code   RO         1805    i.rt_rmv_list       RTX_CM4.lib(rt_list.o)
    0x0800a5c0   0x00000034   Code   RO         1923    i.rt_sem_psh        RTX_CM4.lib(rt_semaphore.o)
    0x0800a5f4   0x00000024   Code   RO         1667    i.rt_stk_check      RTX_CM4.lib(rt_system.o)
    0x0800a618   0x00000028   Code   RO         1578    i.rt_switch_req     RTX_CM4.lib(rt_task.o)
    0x0800a640   0x000000cc   Code   RO         1579    i.rt_sys_init       RTX_CM4.lib(rt_task.o)
    0x0800a70c   0x00000078   Code   RO         1580    i.rt_sys_start      RTX_CM4.lib(rt_task.o)
    0x0800a784   0x00000040   Code   RO         1669    i.rt_systick        RTX_CM4.lib(rt_system.o)
    0x0800a7c4   0x00000012   Code   RO         1002    i.rt_tid2ptcb       RTX_CM4.lib(rt_cmsis.o)
    0x0800a7d6   0x00000002   PAD
    0x0800a7d8   0x00000034   Code   RO         1003    i.rt_timer_insert   RTX_CM4.lib(rt_cmsis.o)
    0x0800a80c   0x00000088   Code   RO         1581    i.rt_tsk_create     RTX_CM4.lib(rt_task.o)
    0x0800a894   0x0000017c   Code   RO         1582    i.rt_tsk_delete     RTX_CM4.lib(rt_task.o)
    0x0800aa10   0x0000007c   Code   RO         1584    i.rt_tsk_prio       RTX_CM4.lib(rt_task.o)
    0x0800aa8c   0x00000010   Code   RO         1585    i.rt_tsk_self       RTX_CM4.lib(rt_task.o)
    0x0800aa9c   0x00000070   Code   RO         1006    i.svcKernelInitialize  RTX_CM4.lib(rt_cmsis.o)
    0x0800ab0c   0x00000048   Code   RO         1008    i.svcKernelStart    RTX_CM4.lib(rt_cmsis.o)
    0x0800ab54   0x00000024   Code   RO         1011    i.svcMessageCreate  RTX_CM4.lib(rt_cmsis.o)
    0x0800ab78   0x0000003a   Code   RO         1012    i.svcMessageGet     RTX_CM4.lib(rt_cmsis.o)
    0x0800abb2   0x0000001c   Code   RO         1014    i.svcMutexCreate    RTX_CM4.lib(rt_cmsis.o)
    0x0800abce   0x00000022   Code   RO         1016    i.svcMutexRelease   RTX_CM4.lib(rt_cmsis.o)
    0x0800abf0   0x00000036   Code   RO         1017    i.svcMutexWait      RTX_CM4.lib(rt_cmsis.o)
    0x0800ac26   0x00000024   Code   RO         1024    i.svcSignalSet      RTX_CM4.lib(rt_cmsis.o)
    0x0800ac4a   0x00000002   PAD
    0x0800ac4c   0x00000054   Code   RO         1025    i.svcSignalWait     RTX_CM4.lib(rt_cmsis.o)
    0x0800aca0   0x00000070   Code   RO         1026    i.svcThreadCreate   RTX_CM4.lib(rt_cmsis.o)
    0x0800ad10   0x0000001c   Code   RO         1027    i.svcThreadGetId    RTX_CM4.lib(rt_cmsis.o)
    0x0800ad2c   0x00000038   Code   RO         1030    i.svcThreadTerminate  RTX_CM4.lib(rt_cmsis.o)
    0x0800ad64   0x00000018   Code   RO         1032    i.svcTimerCall      RTX_CM4.lib(rt_cmsis.o)
    0x0800ad7c   0x0000005c   Code   RO         1041    i.sysTimerTick      RTX_CM4.lib(rt_cmsis.o)
    0x0800add8   0x0000007e   Code   RO          452    text                kalmanfilter_asm.o
    0x0800ae56   0x00000002   PAD
    0x0800ae58   0x00000014   Data   RO          205    .constdata          seven_segment.o
    0x0800ae6c   0x0000006c   Data   RO          272    .constdata          accelerometer.o
    0x0800aed8   0x00000020   Data   RO          365    .constdata          keypad.o
    0x0800aef8   0x00000024   Data   RO          425    .constdata          temperature.o
    0x0800af1c   0x00000056   Data   RO          486    .constdata          rtx_conf_cm.o
    0x0800af72   0x00000008   Data   RO          621    .constdata          stm32f4xx_hal_dma.o
    0x0800af7a   0x00000010   Data   RO          742    .constdata          stm32f4xx_hal_rcc.o
    0x0800af8a   0x00000010   Data   RO          920    .constdata          system_stm32f4xx_1.o
    0x0800af9a   0x00000002   PAD
    0x0800af9c   0x00000020   Data   RO         2525    Region$$Table       anon$$obj.o


    Execution Region RW_IRAM1 (Base: 0x20000000, Size: 0x00002070, Max: 0x00020000, ABSOLUTE)

    Base Addr    Size         Type   Attr      Idx    E Section Name        Object

    0x20000000   0x00000048   Data   RW          206    .data               seven_segment.o
    0x20000048   0x0000000c   Data   RW          273    .data               accelerometer.o
    0x20000054   0x0000002c   Data   RW          366    .data               keypad.o
    0x20000080   0x00000004   Data   RW          426    .data               temperature.o
    0x20000084   0x00000004   Data   RW          460    .data               lis3dsh.o
    0x20000088   0x00000020   Data   RW          487    .data               rtx_conf_cm.o
    0x200000a8   0x00000004   Data   RW          519    .data               stm32f4xx_hal.o
    0x200000ac   0x00000004   Data   RW          921    .data               system_stm32f4xx_1.o
    0x200000b0   0x00000008   Data   RW         1044    .data               RTX_CM4.lib(rt_cmsis.o)
    0x200000b8   0x00000008   Data   RW         1587    .data               RTX_CM4.lib(rt_task.o)
    0x200000c0   0x00000008   Data   RW         1672    .data               RTX_CM4.lib(rt_system.o)
    0x200000c8   0x00000004   Data   RW         1966    .data               RTX_CM4.lib(rt_time.o)
    0x200000cc   0x00000001   Data   RW         2086    .data               RTX_CM4.lib(hal_cm.o)
    0x200000cd   0x00000003   PAD
    0x200000d0   0x00000008   Data   RW         2134    .data               RTX_CM4.lib(rt_robin.o)
    0x200000d8   0x00000004   Data   RW         2494    .data               mc_w.l(stdout.o)
    0x200000dc   0x00000004   Data   RW         2504    .data               mc_w.l(errno.o)
    0x200000e0   0x00000010   Zero   RW          204    .bss                seven_segment.o
    0x200000f0   0x00000078   Zero   RW          244    .bss                hardware_timer.o
    0x20000168   0x00000010   Zero   RW          271    .bss                accelerometer.o
    0x20000178   0x00000044   Zero   RW          424    .bss                temperature.o
    0x200001bc   0x00000058   Zero   RW          459    .bss                lis3dsh.o
    0x20000214   0x00000004   PAD
    0x20000218   0x000019f0   Zero   RW          485    .bss                rtx_conf_cm.o
    0x20001c08   0x00000034   Zero   RW         1586    .bss                RTX_CM4.lib(rt_task.o)
    0x20001c3c   0x00000030   Zero   RW         1806    .bss                RTX_CM4.lib(rt_list.o)
    0x20001c6c   0x00000004   PAD
    0x20001c70   0x00000400   Zero   RW          909    STACK               startup_stm32f407xx.o


==============================================================================

Image component sizes


      Code (inc. data)   RO Data    RW Data    ZI Data      Debug   Object Name

       812         38        108         12         16      12264   accelerometer.o
        64          4          0          0          0        577   exti_handler_cb.o
        56          4          0          0          0      27327   fput_debug.o
       268         28          0          0        120       1656   hardware_timer.o
       126          0          0          0          0        288   kalmanfilter_asm.o
      1132         76         32         44          0       3519   keypad.o
      1472        120          0          4         88       4949   lis3dsh.o
       216          8          0          0          0     396824   main.o
        62          6         86         32       6640       7398   rtx_conf_cm.o
      1420         84         20         72         16       6638   seven_segment.o
        36          8        392          0       1024        864   startup_stm32f407xx.o
       432         26          0          4          0       4990   stm32f4xx_hal.o
      2460         70          0          0          0       7575   stm32f4xx_hal_adc.o
      1824         40          0          0          0       5694   stm32f4xx_hal_adc_ex.o
       804         20          0          0          0      32311   stm32f4xx_hal_cortex.o
      1560         16          8          0          0       5016   stm32f4xx_hal_dma.o
       972         50          0          0          0       3835   stm32f4xx_hal_gpio.o
      2636         66         16          0          0       5742   stm32f4xx_hal_rcc.o
      5528         54          0          0          0      13284   stm32f4xx_hal_spi.o
     10240        152          0          0          0      31026   stm32f4xx_hal_tim.o
      3464         26          0          0          0      11826   stm32f4xx_hal_tim_ex.o
       112         12          0          0          0       2075   stm32f4xx_it.o
       288         32         16          4          0       1651   system_stm32f4xx_1.o
       468         84         36          4         68       2556   temperature.o

    ----------------------------------------------------------------------
     36456       1024        748        176       7976     589885   Object Totals
         0          0         32          0          0          0   (incl. Generated)
         4          0          2          0          4          0   (incl. Padding)

    ----------------------------------------------------------------------

      Code (inc. data)   RO Data    RW Data    ZI Data      Debug   Library Member Name

       268         24          0          1          0       4452   hal_cm.o
       408         34          0          0          0        816   hal_cm4.o
      1534        178          0          8          0      41401   rt_cmsis.o
       272         18          0          0          0       2810   rt_event.o
       530         34          0          0         48       8597   rt_list.o
       550         10          0          0          0       4185   rt_mailbox.o
       140          0          0          0          0       2045   rt_membox.o
       128          0          0          0          0       2419   rt_memory.o
       336         12          0          0          0       2201   rt_mutex.o
        96         22          0          8          0       1230   rt_robin.o
        52          4          0          0          0        613   rt_semaphore.o
       298         52          0          8          0       6439   rt_system.o
      1216        174          0          8         52      10025   rt_task.o
         0          0          0          4          0        206   rt_time.o
         4          4          0          0          0        200   svc_table.o
       592         90          0          0          0        184   atan2f.o
        38          0          0          0          0        116   fpclassifyf.o
        22          6          0          0          0        232   funder.o
        58          0          0          0          0        136   sqrtf.o
         0          0          0          0          0          0   entry.o
         0          0          0          0          0          0   entry10a.o
         0          0          0          0          0          0   entry11a.o
         8          4          0          0          0          0   entry2.o
         4          0          0          0          0          0   entry5.o
         0          0          0          0          0          0   entry7b.o
         0          0          0          0          0          0   entry8b.o
        12          6          0          4          0         68   errno.o
        30          0          0          0          0          0   handlers.o
        36          8          0          0          0         68   init.o
         0          0          0          0          0          0   iusefp.o
        30          0          0          0          0         68   llshl.o
        32          0          0          0          0         68   llushr.o
        36          0          0          0          0         68   memcpya.o
       372         14          0          0          0        184   printf1.o
         0          0          0          4          0          0   stdout.o
        44          0          0          0          0         80   uidiv.o
        56          0          0          0          0         88   d2f.o
       186          0          0          0          0        176   depilogue.o
       228          0          0          0          0         96   dmul.o
        38          0          0          0          0         68   f2d.o
       110          0          0          0          0        168   fepilogue.o

    ----------------------------------------------------------------------
      7784        694          0         48        104      89507   Library Totals
        20          0          0          3          4          0   (incl. Padding)

    ----------------------------------------------------------------------

      Code (inc. data)   RO Data    RW Data    ZI Data      Debug   Library Name

      5832        566          0         37        100      87639   RTX_CM4.lib
       710         96          0          0          0        668   m_wm.l
       604         32          0          8          0        604   mc_w.l
       618          0          0          0          0        596   mf_w.l

    ----------------------------------------------------------------------
      7784        694          0         48        104      89507   Library Totals

    ----------------------------------------------------------------------

==============================================================================


      Code (inc. data)   RO Data    RW Data    ZI Data      Debug   

     44240       1718        748        224       8080     665176   Grand Totals
     44240       1718        748        224       8080     665176   ELF Image Totals
     44240       1718        748        224          0          0   ROM Totals

==============================================================================

    Total RO  Size (Code + RO Data)                44988 (  43.93kB)
    Total RW  Size (RW Data + ZI Data)              8304 (   8.11kB)
    Total ROM Size (Code + RO Data + RW Data)      45212 (  44.15kB)

==============================================================================

